
         /\      Grafana   /‾‾/  
    /\  /  \     |\  __   /  /   
   /  \/    \    | |/ /  /   ‾‾\ 
  /          \   |   (  |  (‾)  |
 / __________ \  |_|\_\  \_____/ 

     execution: local
        script: loadtest/s2_contention.js
        output: -

     scenarios: (100.00%) 1 scenario, 200 max VUs, 1m30s max duration (incl. graceful stop):
              * default: 200 looping VUs for 1m0s (gracefulStop: 30s)


running (0m01.0s), 200/200 VUs, 4428 complete and 0 interrupted iterations
default   [   2% ] 200 VUs  0m01.0s/1m0s

running (0m02.0s), 200/200 VUs, 9009 complete and 0 interrupted iterations
default   [   3% ] 200 VUs  0m02.0s/1m0s

running (0m03.0s), 200/200 VUs, 13841 complete and 0 interrupted iterations
default   [   5% ] 200 VUs  0m03.0s/1m0s

running (0m04.0s), 200/200 VUs, 18786 complete and 0 interrupted iterations
default   [   7% ] 200 VUs  0m04.0s/1m0s

running (0m05.0s), 200/200 VUs, 22086 complete and 0 interrupted iterations
default   [   8% ] 200 VUs  0m05.0s/1m0s

running (0m06.0s), 200/200 VUs, 26478 complete and 0 interrupted iterations
default   [  10% ] 200 VUs  0m06.0s/1m0s

running (0m07.0s), 200/200 VUs, 31287 complete and 0 interrupted iterations
default   [  12% ] 200 VUs  0m07.0s/1m0s

running (0m08.0s), 200/200 VUs, 36035 complete and 0 interrupted iterations
default   [  13% ] 200 VUs  0m08.0s/1m0s

running (0m09.0s), 200/200 VUs, 40676 complete and 0 interrupted iterations
default   [  15% ] 200 VUs  0m09.0s/1m0s

running (0m10.0s), 200/200 VUs, 44928 complete and 0 interrupted iterations
default   [  17% ] 200 VUs  0m10.0s/1m0s

running (0m11.0s), 200/200 VUs, 49409 complete and 0 interrupted iterations
default   [  18% ] 200 VUs  0m11.0s/1m0s

running (0m12.0s), 200/200 VUs, 53983 complete and 0 interrupted iterations
default   [  20% ] 200 VUs  0m12.0s/1m0s

running (0m13.0s), 200/200 VUs, 58557 complete and 0 interrupted iterations
default   [  22% ] 200 VUs  0m13.0s/1m0s

running (0m14.0s), 200/200 VUs, 63367 complete and 0 interrupted iterations
default   [  23% ] 200 VUs  0m14.0s/1m0s

running (0m15.0s), 200/200 VUs, 67939 complete and 0 interrupted iterations
default   [  25% ] 200 VUs  0m15.0s/1m0s

running (0m16.0s), 200/200 VUs, 72590 complete and 0 interrupted iterations
default   [  27% ] 200 VUs  0m16.0s/1m0s

running (0m17.0s), 200/200 VUs, 76956 complete and 0 interrupted iterations
default   [  28% ] 200 VUs  0m17.0s/1m0s

running (0m18.0s), 200/200 VUs, 81670 complete and 0 interrupted iterations
default   [  30% ] 200 VUs  0m18.0s/1m0s

running (0m19.0s), 200/200 VUs, 86483 complete and 0 interrupted iterations
default   [  32% ] 200 VUs  0m19.0s/1m0s

running (0m20.0s), 200/200 VUs, 90874 complete and 0 interrupted iterations
default   [  33% ] 200 VUs  0m20.0s/1m0s

running (0m21.0s), 200/200 VUs, 95292 complete and 0 interrupted iterations
default   [  35% ] 200 VUs  0m21.0s/1m0s

running (0m22.0s), 200/200 VUs, 99902 complete and 0 interrupted iterations
default   [  37% ] 200 VUs  0m22.0s/1m0s

running (0m23.0s), 200/200 VUs, 103410 complete and 0 interrupted iterations
default   [  38% ] 200 VUs  0m23.0s/1m0s

running (0m24.0s), 200/200 VUs, 108207 complete and 0 interrupted iterations
default   [  40% ] 200 VUs  0m24.0s/1m0s

running (0m25.0s), 200/200 VUs, 112896 complete and 0 interrupted iterations
default   [  42% ] 200 VUs  0m25.0s/1m0s

running (0m26.0s), 200/200 VUs, 117571 complete and 0 interrupted iterations
default   [  43% ] 200 VUs  0m26.0s/1m0s

running (0m27.0s), 200/200 VUs, 121944 complete and 0 interrupted iterations
default   [  45% ] 200 VUs  0m27.0s/1m0s

running (0m28.0s), 200/200 VUs, 126785 complete and 0 interrupted iterations
default   [  47% ] 200 VUs  0m28.0s/1m0s

running (0m29.0s), 200/200 VUs, 130473 complete and 0 interrupted iterations
default   [  48% ] 200 VUs  0m29.0s/1m0s

running (0m30.0s), 200/200 VUs, 135454 complete and 0 interrupted iterations
default   [  50% ] 200 VUs  0m30.0s/1m0s

running (0m31.0s), 200/200 VUs, 140335 complete and 0 interrupted iterations
default   [  52% ] 200 VUs  0m31.0s/1m0s

running (0m32.0s), 200/200 VUs, 145225 complete and 0 interrupted iterations
default   [  53% ] 200 VUs  0m32.0s/1m0s

running (0m33.0s), 200/200 VUs, 150104 complete and 0 interrupted iterations
default   [  55% ] 200 VUs  0m33.0s/1m0s

running (0m34.0s), 200/200 VUs, 154794 complete and 0 interrupted iterations
default   [  57% ] 200 VUs  0m34.0s/1m0s

running (0m35.0s), 200/200 VUs, 157575 complete and 0 interrupted iterations
default   [  58% ] 200 VUs  0m35.0s/1m0s

running (0m36.0s), 200/200 VUs, 160788 complete and 0 interrupted iterations
default   [  60% ] 200 VUs  0m36.0s/1m0s

running (0m37.0s), 200/200 VUs, 165469 complete and 0 interrupted iterations
default   [  62% ] 200 VUs  0m37.0s/1m0s

running (0m38.0s), 200/200 VUs, 170200 complete and 0 interrupted iterations
default   [  63% ] 200 VUs  0m38.0s/1m0s

running (0m39.0s), 200/200 VUs, 174107 complete and 0 interrupted iterations
default   [  65% ] 200 VUs  0m39.0s/1m0s

running (0m40.0s), 200/200 VUs, 179011 complete and 0 interrupted iterations
default   [  67% ] 200 VUs  0m40.0s/1m0s

running (0m41.0s), 200/200 VUs, 183561 complete and 0 interrupted iterations
default   [  68% ] 200 VUs  0m41.0s/1m0s

running (0m42.0s), 200/200 VUs, 188345 complete and 0 interrupted iterations
default   [  70% ] 200 VUs  0m42.0s/1m0s

running (0m43.0s), 200/200 VUs, 192807 complete and 0 interrupted iterations
default   [  72% ] 200 VUs  0m43.0s/1m0s

running (0m44.0s), 200/200 VUs, 196633 complete and 0 interrupted iterations
default   [  73% ] 200 VUs  0m44.0s/1m0s

running (0m45.0s), 200/200 VUs, 201198 complete and 0 interrupted iterations
default   [  75% ] 200 VUs  0m45.0s/1m0s

running (0m46.0s), 200/200 VUs, 205419 complete and 0 interrupted iterations
default   [  77% ] 200 VUs  0m46.0s/1m0s

running (0m47.0s), 200/200 VUs, 209966 complete and 0 interrupted iterations
default   [  78% ] 200 VUs  0m47.0s/1m0s

running (0m48.0s), 200/200 VUs, 213961 complete and 0 interrupted iterations
default   [  80% ] 200 VUs  0m48.0s/1m0s

running (0m49.0s), 200/200 VUs, 218760 complete and 0 interrupted iterations
default   [  82% ] 200 VUs  0m49.0s/1m0s

running (0m50.0s), 200/200 VUs, 223415 complete and 0 interrupted iterations
default   [  83% ] 200 VUs  0m50.0s/1m0s

running (0m51.0s), 200/200 VUs, 226671 complete and 0 interrupted iterations
default   [  85% ] 200 VUs  0m51.0s/1m0s

running (0m52.0s), 200/200 VUs, 231170 complete and 0 interrupted iterations
default   [  87% ] 200 VUs  0m52.0s/1m0s

running (0m53.0s), 200/200 VUs, 234882 complete and 0 interrupted iterations
default   [  88% ] 200 VUs  0m53.0s/1m0s

running (0m54.0s), 200/200 VUs, 239090 complete and 0 interrupted iterations
default   [  90% ] 200 VUs  0m54.0s/1m0s

running (0m55.0s), 200/200 VUs, 243979 complete and 0 interrupted iterations
default   [  92% ] 200 VUs  0m55.0s/1m0s

running (0m56.0s), 200/200 VUs, 247407 complete and 0 interrupted iterations
default   [  93% ] 200 VUs  0m56.0s/1m0s

running (0m57.0s), 200/200 VUs, 252177 complete and 0 interrupted iterations
default   [  95% ] 200 VUs  0m57.0s/1m0s

running (0m58.0s), 200/200 VUs, 256753 complete and 0 interrupted iterations
default   [  97% ] 200 VUs  0m58.0s/1m0s

running (0m59.0s), 200/200 VUs, 261259 complete and 0 interrupted iterations
default   [  98% ] 200 VUs  0m59.0s/1m0s

running (1m00.0s), 200/200 VUs, 265099 complete and 0 interrupted iterations
default   [ 100% ] 200 VUs  1m00.0s/1m0s
time="2026-09-04T23:32:02+07:00" level=info msg="[k6-reporter v3.0.4] Generating HTML summary report, with theme: default" source=console
     ✓ status 200

     checks.........................: 100.00% ✓ 265344      ✗ 0     
     data_received..................: 56 MB   935 kB/s
     data_sent......................: 47 MB   789 kB/s
     http_req_blocked...............: avg=2.68µs  min=0s      med=1µs     max=3.79ms   p(90)=1µs     p(95)=2µs    
     http_req_connecting............: avg=1.62µs  min=0s      med=0s      max=2.59ms   p(90)=0s      p(95)=0s     
   ✓ http_req_duration..............: avg=45.19ms min=15.44ms med=41.44ms max=424.44ms p(90)=61.59ms p(95)=67.97ms
       { expected_response:true }...: avg=45.19ms min=15.44ms med=41.44ms max=424.44ms p(90)=61.59ms p(95)=67.97ms
   ✓ http_req_failed................: 0.00%   ✓ 0           ✗ 265344
     http_req_receiving.............: avg=10.69µs min=4µs     med=8µs     max=2.88ms   p(90)=15µs    p(95)=27µs   
     http_req_sending...............: avg=3.53µs  min=1µs     med=2µs     max=2.39ms   p(90)=6µs     p(95)=7µs    
     http_req_tls_handshaking.......: avg=0s      min=0s      med=0s      max=0s       p(90)=0s      p(95)=0s     
     http_req_waiting...............: avg=45.17ms min=15.32ms med=41.42ms max=424.43ms p(90)=61.57ms p(95)=67.95ms
     http_reqs......................: 265344  4419.393266/s
     iteration_duration.............: avg=45.23ms min=16.75ms med=41.47ms max=424.46ms p(90)=61.63ms p(95)=68.03ms
     iterations.....................: 265344  4419.393266/s
     tickets_allocated..............: 265344  4419.393266/s
     vus............................: 200     min=200       max=200 
     vus_max........................: 200     min=200       max=200 
running (1m00.0s), 000/200 VUs, 265344 complete and 0 interrupted iterations
default ✓ [ 100% ] 200 VUs  1m0s
