
         /\      Grafana   /‾‾/  
    /\  /  \     |\  __   /  /   
   /  \/    \    | |/ /  /   ‾‾\ 
  /          \   |   (  |  (‾)  |
 / __________ \  |_|\_\  \_____/ 

     execution: local
        script: loadtest/c1_capacity.js
        output: -

     scenarios: (100.00%) 2 scenarios, 2800 max VUs, 4m30s max duration (incl. graceful stop):
              * allocate: Up to 200.00 iterations/s for 4m0s over 8 stages (maxVUs: 150-800, exec: allocateAndRelease, gracefulStop: 30s)
              * search: Up to 3600.00 iterations/s for 4m0s over 8 stages (maxVUs: 400-2000, gracefulStop: 30s)


running (0m00.9s), 0000/0550 VUs, 43 complete and 0 interrupted iterations
allocate   [   0% ] 000/150 VUs    0m00.9s/4m0s  005.93 iters/s
search     [   0% ] 0000/0400 VUs  0m00.9s/4m0s  0085.34 iters/s

running (0m02.0s), 0002/0550 VUs, 181 complete and 0 interrupted iterations
allocate   [   1% ] 000/150 VUs    0m01.9s/4m0s  010.66 iters/s
search     [   1% ] 0002/0400 VUs  0m02.0s/4m0s  0176.11 iters/s

running (0m03.0s), 0001/0550 VUs, 415 complete and 0 interrupted iterations
allocate   [   1% ] 000/150 VUs    0m02.9s/4m0s  015.53 iters/s
search     [   1% ] 0001/0400 VUs  0m02.9s/4m0s  0265.65 iters/s

running (0m03.9s), 0001/0550 VUs, 743 complete and 0 interrupted iterations
allocate   [   2% ] 001/150 VUs    0m03.9s/4m0s  020.43 iters/s
search     [   2% ] 0000/0400 VUs  0m03.9s/4m0s  0355.40 iters/s

running (0m04.9s), 0001/0550 VUs, 1166 complete and 0 interrupted iterations
allocate   [   2% ] 000/150 VUs    0m04.9s/4m0s  025.16 iters/s
search     [   2% ] 0001/0400 VUs  0m04.9s/4m0s  0445.43 iters/s

running (0m05.9s), 0001/0550 VUs, 1684 complete and 0 interrupted iterations
allocate   [   2% ] 000/150 VUs    0m05.9s/4m0s  030.12 iters/s
search     [   2% ] 0001/0400 VUs  0m05.9s/4m0s  0535.27 iters/s

running (0m06.9s), 0002/0550 VUs, 2296 complete and 0 interrupted iterations
allocate   [   3% ] 001/150 VUs    0m06.9s/4m0s  035.08 iters/s
search     [   3% ] 0001/0400 VUs  0m06.9s/4m0s  0625.14 iters/s

running (0m07.9s), 0001/0550 VUs, 3004 complete and 0 interrupted iterations
allocate   [   3% ] 000/150 VUs    0m07.9s/4m0s  039.92 iters/s
search     [   3% ] 0001/0400 VUs  0m07.9s/4m0s  0715.03 iters/s

running (0m08.9s), 0003/0550 VUs, 3804 complete and 0 interrupted iterations
allocate   [   4% ] 000/150 VUs    0m08.9s/4m0s  044.78 iters/s
search     [   4% ] 0003/0400 VUs  0m08.9s/4m0s  0804.93 iters/s

running (0m10.0s), 0003/0550 VUs, 4704 complete and 0 interrupted iterations
allocate   [   4% ] 000/150 VUs    0m09.9s/4m0s  049.75 iters/s
search     [   4% ] 0003/0400 VUs  0m09.9s/4m0s  0895.04 iters/s

running (0m10.9s), 0002/0550 VUs, 5653 complete and 0 interrupted iterations
allocate   [   5% ] 001/150 VUs    0m10.9s/4m0s  050.00 iters/s
search     [   5% ] 0001/0400 VUs  0m10.9s/4m0s  0900.00 iters/s

running (0m11.9s), 0001/0550 VUs, 6604 complete and 0 interrupted iterations
allocate   [   5% ] 000/150 VUs    0m11.9s/4m0s  050.00 iters/s
search     [   5% ] 0001/0400 VUs  0m11.9s/4m0s  0900.00 iters/s

running (0m12.9s), 0001/0550 VUs, 7554 complete and 0 interrupted iterations
allocate   [   5% ] 000/150 VUs    0m12.9s/4m0s  050.00 iters/s
search     [   5% ] 0001/0400 VUs  0m12.9s/4m0s  0900.00 iters/s

running (0m13.9s), 0001/0550 VUs, 8503 complete and 0 interrupted iterations
allocate   [   6% ] 000/150 VUs    0m13.9s/4m0s  050.00 iters/s
search     [   6% ] 0002/0400 VUs  0m13.9s/4m0s  0900.00 iters/s

running (0m14.9s), 0001/0550 VUs, 9454 complete and 0 interrupted iterations
allocate   [   6% ] 000/150 VUs    0m14.9s/4m0s  050.00 iters/s
search     [   6% ] 0001/0400 VUs  0m14.9s/4m0s  0900.00 iters/s

running (0m15.9s), 0002/0550 VUs, 10403 complete and 0 interrupted iterations
allocate   [   7% ] 000/150 VUs    0m15.9s/4m0s  050.00 iters/s
search     [   7% ] 0002/0400 VUs  0m15.9s/4m0s  0900.00 iters/s

running (0m16.9s), 0001/0550 VUs, 11354 complete and 0 interrupted iterations
allocate   [   7% ] 000/150 VUs    0m16.9s/4m0s  050.00 iters/s
search     [   7% ] 0001/0400 VUs  0m16.9s/4m0s  0900.00 iters/s

running (0m17.9s), 0001/0550 VUs, 12304 complete and 0 interrupted iterations
allocate   [   7% ] 000/150 VUs    0m17.9s/4m0s  050.00 iters/s
search     [   7% ] 0001/0400 VUs  0m17.9s/4m0s  0900.00 iters/s

running (0m18.9s), 0001/0550 VUs, 13254 complete and 0 interrupted iterations
allocate   [   8% ] 000/150 VUs    0m18.9s/4m0s  050.00 iters/s
search     [   8% ] 0001/0400 VUs  0m18.9s/4m0s  0900.00 iters/s

running (0m19.9s), 0001/0550 VUs, 14204 complete and 0 interrupted iterations
allocate   [   8% ] 000/150 VUs    0m19.9s/4m0s  050.00 iters/s
search     [   8% ] 0001/0400 VUs  0m19.9s/4m0s  0900.00 iters/s

running (0m20.9s), 0001/0550 VUs, 15154 complete and 0 interrupted iterations
allocate   [   9% ] 000/150 VUs    0m20.9s/4m0s  050.00 iters/s
search     [   9% ] 0001/0400 VUs  0m20.9s/4m0s  0900.00 iters/s

running (0m21.9s), 0001/0550 VUs, 16104 complete and 0 interrupted iterations
allocate   [   9% ] 000/150 VUs    0m21.9s/4m0s  050.00 iters/s
search     [   9% ] 0001/0400 VUs  0m21.9s/4m0s  0900.00 iters/s

running (0m22.9s), 0001/0550 VUs, 17054 complete and 0 interrupted iterations
allocate   [  10% ] 000/150 VUs    0m22.9s/4m0s  050.00 iters/s
search     [  10% ] 0001/0400 VUs  0m22.9s/4m0s  0900.00 iters/s

running (0m23.9s), 0001/0550 VUs, 18004 complete and 0 interrupted iterations
allocate   [  10% ] 000/150 VUs    0m23.9s/4m0s  050.00 iters/s
search     [  10% ] 0001/0400 VUs  0m23.9s/4m0s  0900.00 iters/s

running (0m24.9s), 0001/0550 VUs, 18954 complete and 0 interrupted iterations
allocate   [  10% ] 000/150 VUs    0m24.9s/4m0s  050.00 iters/s
search     [  10% ] 0001/0400 VUs  0m24.9s/4m0s  0900.00 iters/s

running (0m25.9s), 0001/0550 VUs, 19904 complete and 0 interrupted iterations
allocate   [  11% ] 000/150 VUs    0m25.9s/4m0s  050.00 iters/s
search     [  11% ] 0001/0400 VUs  0m25.9s/4m0s  0900.00 iters/s

running (0m26.9s), 0001/0550 VUs, 20854 complete and 0 interrupted iterations
allocate   [  11% ] 000/150 VUs    0m26.9s/4m0s  050.00 iters/s
search     [  11% ] 0001/0400 VUs  0m26.9s/4m0s  0900.00 iters/s

running (0m27.9s), 0003/0550 VUs, 21802 complete and 0 interrupted iterations
allocate   [  12% ] 001/150 VUs    0m27.9s/4m0s  050.00 iters/s
search     [  12% ] 0002/0400 VUs  0m27.9s/4m0s  0900.00 iters/s

running (0m28.9s), 0001/0550 VUs, 22754 complete and 0 interrupted iterations
allocate   [  12% ] 000/150 VUs    0m28.9s/4m0s  050.00 iters/s
search     [  12% ] 0001/0400 VUs  0m28.9s/4m0s  0900.00 iters/s

running (0m29.9s), 0001/0550 VUs, 23704 complete and 0 interrupted iterations
allocate   [  12% ] 000/150 VUs    0m29.9s/4m0s  050.00 iters/s
search     [  12% ] 0001/0400 VUs  0m29.9s/4m0s  0900.00 iters/s

running (0m30.9s), 0001/0550 VUs, 24654 complete and 0 interrupted iterations
allocate   [  13% ] 000/150 VUs    0m30.9s/4m0s  050.00 iters/s
search     [  13% ] 0001/0400 VUs  0m30.9s/4m0s  0900.00 iters/s

running (0m31.9s), 0000/0550 VUs, 25604 complete and 0 interrupted iterations
allocate   [  13% ] 000/150 VUs    0m31.9s/4m0s  050.00 iters/s
search     [  13% ] 0000/0400 VUs  0m31.9s/4m0s  0900.00 iters/s

running (0m32.9s), 0001/0550 VUs, 26554 complete and 0 interrupted iterations
allocate   [  14% ] 000/150 VUs    0m32.9s/4m0s  050.00 iters/s
search     [  14% ] 0001/0400 VUs  0m32.9s/4m0s  0900.00 iters/s

running (0m33.9s), 0001/0550 VUs, 27504 complete and 0 interrupted iterations
allocate   [  14% ] 000/150 VUs    0m33.9s/4m0s  050.00 iters/s
search     [  14% ] 0001/0400 VUs  0m33.9s/4m0s  0900.00 iters/s

running (0m34.9s), 0001/0550 VUs, 28454 complete and 0 interrupted iterations
allocate   [  15% ] 000/150 VUs    0m34.9s/4m0s  050.00 iters/s
search     [  15% ] 0001/0400 VUs  0m34.9s/4m0s  0900.00 iters/s

running (0m35.9s), 0001/0550 VUs, 29404 complete and 0 interrupted iterations
allocate   [  15% ] 000/150 VUs    0m35.9s/4m0s  050.00 iters/s
search     [  15% ] 0001/0400 VUs  0m35.9s/4m0s  0900.00 iters/s

running (0m36.9s), 0000/0550 VUs, 30354 complete and 0 interrupted iterations
allocate   [  15% ] 000/150 VUs    0m36.9s/4m0s  050.00 iters/s
search     [  15% ] 0001/0400 VUs  0m36.9s/4m0s  0900.00 iters/s

running (0m37.9s), 0001/0550 VUs, 31304 complete and 0 interrupted iterations
allocate   [  16% ] 000/150 VUs    0m37.9s/4m0s  050.00 iters/s
search     [  16% ] 0001/0400 VUs  0m37.9s/4m0s  0900.00 iters/s

running (0m38.9s), 0001/0550 VUs, 32254 complete and 0 interrupted iterations
allocate   [  16% ] 000/150 VUs    0m38.9s/4m0s  050.00 iters/s
search     [  16% ] 0001/0400 VUs  0m38.9s/4m0s  0900.00 iters/s

running (0m39.9s), 0001/0550 VUs, 33204 complete and 0 interrupted iterations
allocate   [  17% ] 000/150 VUs    0m39.9s/4m0s  050.00 iters/s
search     [  17% ] 0001/0400 VUs  0m39.9s/4m0s  0900.00 iters/s

running (0m40.9s), 0001/0550 VUs, 34154 complete and 0 interrupted iterations
allocate   [  17% ] 000/150 VUs    0m40.9s/4m0s  050.00 iters/s
search     [  17% ] 0001/0400 VUs  0m40.9s/4m0s  0900.00 iters/s

running (0m41.9s), 0001/0550 VUs, 35104 complete and 0 interrupted iterations
allocate   [  17% ] 000/150 VUs    0m41.9s/4m0s  050.00 iters/s
search     [  17% ] 0001/0400 VUs  0m41.9s/4m0s  0900.00 iters/s

running (0m42.9s), 0001/0550 VUs, 36054 complete and 0 interrupted iterations
allocate   [  18% ] 000/150 VUs    0m42.9s/4m0s  050.00 iters/s
search     [  18% ] 0001/0400 VUs  0m42.9s/4m0s  0900.00 iters/s

running (0m43.9s), 0001/0550 VUs, 37004 complete and 0 interrupted iterations
allocate   [  18% ] 000/150 VUs    0m43.9s/4m0s  050.00 iters/s
search     [  18% ] 0001/0400 VUs  0m43.9s/4m0s  0900.00 iters/s

running (0m44.9s), 0001/0550 VUs, 37954 complete and 0 interrupted iterations
allocate   [  19% ] 000/150 VUs    0m44.9s/4m0s  050.00 iters/s
search     [  19% ] 0001/0400 VUs  0m44.9s/4m0s  0900.00 iters/s

running (0m45.9s), 0001/0550 VUs, 38904 complete and 0 interrupted iterations
allocate   [  19% ] 000/150 VUs    0m45.9s/4m0s  050.00 iters/s
search     [  19% ] 0001/0400 VUs  0m45.9s/4m0s  0900.00 iters/s

running (0m46.9s), 0001/0550 VUs, 39854 complete and 0 interrupted iterations
allocate   [  20% ] 000/150 VUs    0m46.9s/4m0s  050.00 iters/s
search     [  20% ] 0001/0400 VUs  0m46.9s/4m0s  0900.00 iters/s

running (0m47.9s), 0001/0550 VUs, 40804 complete and 0 interrupted iterations
allocate   [  20% ] 000/150 VUs    0m47.9s/4m0s  050.00 iters/s
search     [  20% ] 0001/0400 VUs  0m47.9s/4m0s  0900.00 iters/s

running (0m48.9s), 0001/0550 VUs, 41754 complete and 0 interrupted iterations
allocate   [  20% ] 000/150 VUs    0m48.9s/4m0s  050.00 iters/s
search     [  20% ] 0001/0400 VUs  0m48.9s/4m0s  0900.00 iters/s

running (0m49.9s), 0002/0550 VUs, 42703 complete and 0 interrupted iterations
allocate   [  21% ] 001/150 VUs    0m49.9s/4m0s  050.00 iters/s
search     [  21% ] 0001/0400 VUs  0m49.9s/4m0s  0900.00 iters/s

running (0m50.9s), 0001/0550 VUs, 43654 complete and 0 interrupted iterations
allocate   [  21% ] 000/150 VUs    0m50.9s/4m0s  050.00 iters/s
search     [  21% ] 0001/0400 VUs  0m50.9s/4m0s  0900.00 iters/s

running (0m51.9s), 0001/0550 VUs, 44604 complete and 0 interrupted iterations
allocate   [  22% ] 000/150 VUs    0m51.9s/4m0s  050.00 iters/s
search     [  22% ] 0001/0400 VUs  0m51.9s/4m0s  0900.00 iters/s

running (0m52.9s), 0001/0550 VUs, 45554 complete and 0 interrupted iterations
allocate   [  22% ] 000/150 VUs    0m52.9s/4m0s  050.00 iters/s
search     [  22% ] 0001/0400 VUs  0m52.9s/4m0s  0900.00 iters/s

running (0m53.9s), 0001/0550 VUs, 46504 complete and 0 interrupted iterations
allocate   [  22% ] 000/150 VUs    0m53.9s/4m0s  050.00 iters/s
search     [  22% ] 0001/0400 VUs  0m53.9s/4m0s  0900.00 iters/s

running (0m54.9s), 0002/0550 VUs, 47452 complete and 0 interrupted iterations
allocate   [  23% ] 001/150 VUs    0m54.9s/4m0s  050.00 iters/s
search     [  23% ] 0001/0400 VUs  0m54.9s/4m0s  0900.00 iters/s

running (0m55.9s), 0001/0550 VUs, 48404 complete and 0 interrupted iterations
allocate   [  23% ] 000/150 VUs    0m55.9s/4m0s  050.00 iters/s
search     [  23% ] 0001/0400 VUs  0m55.9s/4m0s  0900.00 iters/s

running (0m56.9s), 0001/0550 VUs, 49354 complete and 0 interrupted iterations
allocate   [  24% ] 000/150 VUs    0m56.9s/4m0s  050.00 iters/s
search     [  24% ] 0001/0400 VUs  0m56.9s/4m0s  0900.00 iters/s

running (0m57.9s), 0001/0550 VUs, 50304 complete and 0 interrupted iterations
allocate   [  24% ] 000/150 VUs    0m57.9s/4m0s  050.00 iters/s
search     [  24% ] 0001/0400 VUs  0m57.9s/4m0s  0900.00 iters/s

running (0m58.9s), 0001/0550 VUs, 51254 complete and 0 interrupted iterations
allocate   [  25% ] 000/150 VUs    0m58.9s/4m0s  050.00 iters/s
search     [  25% ] 0001/0400 VUs  0m58.9s/4m0s  0900.00 iters/s

running (0m59.9s), 0001/0550 VUs, 52204 complete and 0 interrupted iterations
allocate   [  25% ] 000/150 VUs    0m59.9s/4m0s  050.00 iters/s
search     [  25% ] 0001/0400 VUs  0m59.9s/4m0s  0900.00 iters/s

running (1m00.9s), 0000/0550 VUs, 53196 complete and 0 interrupted iterations
allocate   [  25% ] 000/150 VUs    1m00.9s/4m0s  054.73 iters/s
search     [  25% ] 0000/0400 VUs  1m00.9s/4m0s  0984.76 iters/s

running (1m01.9s), 0001/0550 VUs, 54282 complete and 0 interrupted iterations
allocate   [  26% ] 000/150 VUs    1m01.9s/4m0s  059.71 iters/s
search     [  26% ] 0002/0400 VUs  1m01.9s/4m0s  1074.86 iters/s

running (1m02.9s), 0001/0550 VUs, 55464 complete and 0 interrupted iterations
allocate   [  26% ] 000/150 VUs    1m02.9s/4m0s  064.69 iters/s
search     [  26% ] 0001/0400 VUs  1m02.9s/4m0s  1164.80 iters/s

running (1m03.9s), 0002/0550 VUs, 56741 complete and 0 interrupted iterations
allocate   [  27% ] 001/150 VUs    1m03.9s/4m0s  069.75 iters/s
search     [  27% ] 0001/0400 VUs  1m03.9s/4m0s  1254.81 iters/s

running (1m04.9s), 0001/0550 VUs, 58114 complete and 0 interrupted iterations
allocate   [  27% ] 000/150 VUs    1m04.9s/4m0s  074.73 iters/s
search     [  27% ] 0001/0400 VUs  1m04.9s/4m0s  1344.82 iters/s

running (1m05.9s), 0001/0550 VUs, 59581 complete and 0 interrupted iterations
allocate   [  27% ] 000/150 VUs    1m05.9s/4m0s  079.72 iters/s
search     [  27% ] 0001/0400 VUs  1m05.9s/4m0s  1434.84 iters/s

running (1m06.9s), 0000/0550 VUs, 61143 complete and 0 interrupted iterations
allocate   [  28% ] 000/150 VUs    1m06.9s/4m0s  084.71 iters/s
search     [  28% ] 0000/0400 VUs  1m06.9s/4m0s  1524.79 iters/s

running (1m07.9s), 0001/0550 VUs, 62799 complete and 0 interrupted iterations
allocate   [  28% ] 000/150 VUs    1m07.9s/4m0s  089.69 iters/s
search     [  28% ] 0001/0400 VUs  1m07.9s/4m0s  1614.80 iters/s

running (1m08.9s), 0002/0550 VUs, 64551 complete and 0 interrupted iterations
allocate   [  29% ] 001/150 VUs    1m08.9s/4m0s  094.74 iters/s
search     [  29% ] 0001/0400 VUs  1m08.9s/4m0s  1704.81 iters/s

running (1m09.9s), 0001/0550 VUs, 66399 complete and 0 interrupted iterations
allocate   [  29% ] 000/150 VUs    1m09.9s/4m0s  099.72 iters/s
search     [  29% ] 0001/0400 VUs  1m09.9s/4m0s  1794.82 iters/s

running (1m10.9s), 0001/0550 VUs, 68299 complete and 0 interrupted iterations
allocate   [  30% ] 000/150 VUs    1m10.9s/4m0s  100.00 iters/s
search     [  30% ] 0001/0400 VUs  1m10.9s/4m0s  1800.00 iters/s

running (1m11.9s), 0002/0550 VUs, 70198 complete and 0 interrupted iterations
allocate   [  30% ] 000/150 VUs    1m11.9s/4m0s  100.00 iters/s
search     [  30% ] 0002/0400 VUs  1m11.9s/4m0s  1800.00 iters/s

running (1m12.9s), 0002/0550 VUs, 72098 complete and 0 interrupted iterations
allocate   [  30% ] 000/150 VUs    1m12.9s/4m0s  100.00 iters/s
search     [  30% ] 0002/0400 VUs  1m12.9s/4m0s  1800.00 iters/s

running (1m13.9s), 0001/0550 VUs, 73999 complete and 0 interrupted iterations
allocate   [  31% ] 000/150 VUs    1m13.9s/4m0s  100.00 iters/s
search     [  31% ] 0001/0400 VUs  1m13.9s/4m0s  1800.00 iters/s

running (1m14.9s), 0001/0550 VUs, 75899 complete and 0 interrupted iterations
allocate   [  31% ] 000/150 VUs    1m14.9s/4m0s  100.00 iters/s
search     [  31% ] 0001/0400 VUs  1m14.9s/4m0s  1800.00 iters/s

running (1m15.9s), 0002/0550 VUs, 77798 complete and 0 interrupted iterations
allocate   [  32% ] 000/150 VUs    1m15.9s/4m0s  100.00 iters/s
search     [  32% ] 0002/0400 VUs  1m15.9s/4m0s  1800.00 iters/s

running (1m16.9s), 0002/0550 VUs, 79698 complete and 0 interrupted iterations
allocate   [  32% ] 000/150 VUs    1m16.9s/4m0s  100.00 iters/s
search     [  32% ] 0002/0400 VUs  1m16.9s/4m0s  1800.00 iters/s

running (1m17.9s), 0002/0550 VUs, 81598 complete and 0 interrupted iterations
allocate   [  32% ] 000/150 VUs    1m17.9s/4m0s  100.00 iters/s
search     [  32% ] 0002/0400 VUs  1m17.9s/4m0s  1800.00 iters/s

running (1m18.9s), 0002/0550 VUs, 83498 complete and 0 interrupted iterations
allocate   [  33% ] 000/150 VUs    1m18.9s/4m0s  100.00 iters/s
search     [  33% ] 0002/0400 VUs  1m18.9s/4m0s  1800.00 iters/s

running (1m19.9s), 0022/0550 VUs, 85378 complete and 0 interrupted iterations
allocate   [  33% ] 004/150 VUs    1m19.9s/4m0s  100.00 iters/s
search     [  33% ] 0018/0400 VUs  1m19.9s/4m0s  1800.00 iters/s

running (1m20.9s), 0001/0550 VUs, 87299 complete and 0 interrupted iterations
allocate   [  34% ] 000/150 VUs    1m20.9s/4m0s  100.00 iters/s
search     [  34% ] 0001/0400 VUs  1m20.9s/4m0s  1800.00 iters/s

running (1m21.9s), 0002/0550 VUs, 89198 complete and 0 interrupted iterations
allocate   [  34% ] 000/150 VUs    1m21.9s/4m0s  100.00 iters/s
search     [  34% ] 0002/0400 VUs  1m21.9s/4m0s  1800.00 iters/s

running (1m22.9s), 0001/0550 VUs, 91099 complete and 0 interrupted iterations
allocate   [  35% ] 000/150 VUs    1m22.9s/4m0s  100.00 iters/s
search     [  35% ] 0001/0400 VUs  1m22.9s/4m0s  1800.00 iters/s

running (1m23.9s), 0001/0550 VUs, 92999 complete and 0 interrupted iterations
allocate   [  35% ] 000/150 VUs    1m23.9s/4m0s  100.00 iters/s
search     [  35% ] 0001/0400 VUs  1m23.9s/4m0s  1800.00 iters/s

running (1m24.9s), 0001/0550 VUs, 94899 complete and 0 interrupted iterations
allocate   [  35% ] 000/150 VUs    1m24.9s/4m0s  100.00 iters/s
search     [  35% ] 0001/0400 VUs  1m24.9s/4m0s  1800.00 iters/s

running (1m25.9s), 0002/0550 VUs, 96798 complete and 0 interrupted iterations
allocate   [  36% ] 000/150 VUs    1m25.9s/4m0s  100.00 iters/s
search     [  36% ] 0002/0400 VUs  1m25.9s/4m0s  1800.00 iters/s

running (1m26.9s), 0051/0550 VUs, 98649 complete and 0 interrupted iterations
allocate   [  36% ] 009/150 VUs    1m26.9s/4m0s  100.00 iters/s
search     [  36% ] 0042/0400 VUs  1m26.9s/4m0s  1800.00 iters/s

running (1m27.9s), 0001/0550 VUs, 100599 complete and 0 interrupted iterations
allocate   [  37% ] 000/150 VUs    1m27.9s/4m0s  100.00 iters/s
search     [  37% ] 0001/0400 VUs  1m27.9s/4m0s  1800.00 iters/s

running (1m28.9s), 0003/0550 VUs, 102497 complete and 0 interrupted iterations
allocate   [  37% ] 001/150 VUs    1m28.9s/4m0s  100.00 iters/s
search     [  37% ] 0002/0400 VUs  1m28.9s/4m0s  1800.00 iters/s

running (1m29.9s), 0002/0550 VUs, 104398 complete and 0 interrupted iterations
allocate   [  37% ] 000/150 VUs    1m29.9s/4m0s  100.00 iters/s
search     [  37% ] 0002/0400 VUs  1m29.9s/4m0s  1800.00 iters/s

running (1m30.9s), 0002/0550 VUs, 106298 complete and 0 interrupted iterations
allocate   [  38% ] 000/150 VUs    1m30.9s/4m0s  100.00 iters/s
search     [  38% ] 0001/0400 VUs  1m30.9s/4m0s  1800.00 iters/s

running (1m32.0s), 0006/0550 VUs, 108197 complete and 0 interrupted iterations
allocate   [  38% ] 000/150 VUs    1m31.9s/4m0s  100.00 iters/s
search     [  38% ] 0006/0400 VUs  1m31.9s/4m0s  1800.00 iters/s

running (1m32.9s), 0002/0550 VUs, 110098 complete and 0 interrupted iterations
allocate   [  39% ] 000/150 VUs    1m32.9s/4m0s  100.00 iters/s
search     [  39% ] 0002/0400 VUs  1m32.9s/4m0s  1800.00 iters/s

running (1m33.9s), 0001/0550 VUs, 111999 complete and 0 interrupted iterations
allocate   [  39% ] 000/150 VUs    1m33.9s/4m0s  100.00 iters/s
search     [  39% ] 0001/0400 VUs  1m33.9s/4m0s  1800.00 iters/s

running (1m34.9s), 0001/0550 VUs, 113899 complete and 0 interrupted iterations
allocate   [  40% ] 000/150 VUs    1m34.9s/4m0s  100.00 iters/s
search     [  40% ] 0002/0400 VUs  1m34.9s/4m0s  1800.00 iters/s

running (1m35.9s), 0001/0550 VUs, 115799 complete and 0 interrupted iterations
allocate   [  40% ] 000/150 VUs    1m35.9s/4m0s  100.00 iters/s
search     [  40% ] 0001/0400 VUs  1m35.9s/4m0s  1800.00 iters/s

running (1m36.9s), 0002/0550 VUs, 117698 complete and 0 interrupted iterations
allocate   [  40% ] 000/150 VUs    1m36.9s/4m0s  100.00 iters/s
search     [  40% ] 0002/0400 VUs  1m36.9s/4m0s  1800.00 iters/s

running (1m37.9s), 0001/0550 VUs, 119599 complete and 0 interrupted iterations
allocate   [  41% ] 000/150 VUs    1m37.9s/4m0s  100.00 iters/s
search     [  41% ] 0001/0400 VUs  1m37.9s/4m0s  1800.00 iters/s

running (1m38.9s), 0001/0550 VUs, 121499 complete and 0 interrupted iterations
allocate   [  41% ] 000/150 VUs    1m38.9s/4m0s  100.00 iters/s
search     [  41% ] 0001/0400 VUs  1m38.9s/4m0s  1800.00 iters/s

running (1m39.9s), 0001/0550 VUs, 123399 complete and 0 interrupted iterations
allocate   [  42% ] 000/150 VUs    1m39.9s/4m0s  100.00 iters/s
search     [  42% ] 0001/0400 VUs  1m39.9s/4m0s  1800.00 iters/s

running (1m40.9s), 0001/0550 VUs, 125299 complete and 0 interrupted iterations
allocate   [  42% ] 000/150 VUs    1m40.9s/4m0s  100.00 iters/s
search     [  42% ] 0001/0400 VUs  1m40.9s/4m0s  1800.00 iters/s

running (1m41.9s), 0001/0550 VUs, 127199 complete and 0 interrupted iterations
allocate   [  42% ] 000/150 VUs    1m41.9s/4m0s  100.00 iters/s
search     [  42% ] 0001/0400 VUs  1m41.9s/4m0s  1800.00 iters/s

running (1m42.9s), 0001/0550 VUs, 129098 complete and 0 interrupted iterations
allocate   [  43% ] 000/150 VUs    1m42.9s/4m0s  100.00 iters/s
search     [  43% ] 0002/0400 VUs  1m42.9s/4m0s  1800.00 iters/s

running (1m43.9s), 0003/0550 VUs, 130997 complete and 0 interrupted iterations
allocate   [  43% ] 000/150 VUs    1m43.9s/4m0s  100.00 iters/s
search     [  43% ] 0003/0400 VUs  1m43.9s/4m0s  1800.00 iters/s

running (1m44.9s), 0002/0550 VUs, 132898 complete and 0 interrupted iterations
allocate   [  44% ] 000/150 VUs    1m44.9s/4m0s  100.00 iters/s
search     [  44% ] 0002/0400 VUs  1m44.9s/4m0s  1800.00 iters/s

running (1m45.9s), 0001/0550 VUs, 134799 complete and 0 interrupted iterations
allocate   [  44% ] 000/150 VUs    1m45.9s/4m0s  100.00 iters/s
search     [  44% ] 0001/0400 VUs  1m45.9s/4m0s  1800.00 iters/s

running (1m46.9s), 0001/0550 VUs, 136699 complete and 0 interrupted iterations
allocate   [  45% ] 000/150 VUs    1m46.9s/4m0s  100.00 iters/s
search     [  45% ] 0001/0400 VUs  1m46.9s/4m0s  1800.00 iters/s

running (1m47.9s), 0001/0550 VUs, 138599 complete and 0 interrupted iterations
allocate   [  45% ] 000/150 VUs    1m47.9s/4m0s  100.00 iters/s
search     [  45% ] 0001/0400 VUs  1m47.9s/4m0s  1800.00 iters/s

running (1m48.9s), 0001/0550 VUs, 140499 complete and 0 interrupted iterations
allocate   [  45% ] 000/150 VUs    1m48.9s/4m0s  100.00 iters/s
search     [  45% ] 0001/0400 VUs  1m48.9s/4m0s  1800.00 iters/s

running (1m49.9s), 0001/0550 VUs, 142399 complete and 0 interrupted iterations
allocate   [  46% ] 000/150 VUs    1m49.9s/4m0s  100.00 iters/s
search     [  46% ] 0001/0400 VUs  1m49.9s/4m0s  1800.00 iters/s

running (1m50.9s), 0001/0550 VUs, 144299 complete and 0 interrupted iterations
allocate   [  46% ] 000/150 VUs    1m50.9s/4m0s  100.00 iters/s
search     [  46% ] 0001/0400 VUs  1m50.9s/4m0s  1800.00 iters/s

running (1m51.9s), 0001/0550 VUs, 146199 complete and 0 interrupted iterations
allocate   [  47% ] 000/150 VUs    1m51.9s/4m0s  100.00 iters/s
search     [  47% ] 0001/0400 VUs  1m51.9s/4m0s  1800.00 iters/s

running (1m52.9s), 0004/0550 VUs, 148096 complete and 0 interrupted iterations
allocate   [  47% ] 001/150 VUs    1m52.9s/4m0s  100.00 iters/s
search     [  47% ] 0003/0400 VUs  1m52.9s/4m0s  1800.00 iters/s

running (1m53.9s), 0001/0550 VUs, 149999 complete and 0 interrupted iterations
allocate   [  47% ] 000/150 VUs    1m53.9s/4m0s  100.00 iters/s
search     [  47% ] 0001/0400 VUs  1m53.9s/4m0s  1800.00 iters/s

running (1m54.9s), 0001/0550 VUs, 151899 complete and 0 interrupted iterations
allocate   [  48% ] 000/150 VUs    1m54.9s/4m0s  100.00 iters/s
search     [  48% ] 0001/0400 VUs  1m54.9s/4m0s  1800.00 iters/s

running (1m55.9s), 0002/0550 VUs, 153798 complete and 0 interrupted iterations
allocate   [  48% ] 000/150 VUs    1m55.9s/4m0s  100.00 iters/s
search     [  48% ] 0001/0400 VUs  1m55.9s/4m0s  1800.00 iters/s

running (1m56.9s), 0003/0550 VUs, 155697 complete and 0 interrupted iterations
allocate   [  49% ] 000/150 VUs    1m56.9s/4m0s  100.00 iters/s
search     [  49% ] 0003/0400 VUs  1m56.9s/4m0s  1800.00 iters/s

running (1m57.9s), 0001/0550 VUs, 157599 complete and 0 interrupted iterations
allocate   [  49% ] 000/150 VUs    1m57.9s/4m0s  100.00 iters/s
search     [  49% ] 0001/0400 VUs  1m57.9s/4m0s  1800.00 iters/s

running (1m58.9s), 0001/0550 VUs, 159499 complete and 0 interrupted iterations
allocate   [  50% ] 000/150 VUs    1m58.9s/4m0s  100.00 iters/s
search     [  50% ] 0001/0400 VUs  1m58.9s/4m0s  1800.00 iters/s

running (1m59.9s), 0001/0550 VUs, 161398 complete and 0 interrupted iterations
allocate   [  50% ] 000/150 VUs    1m59.9s/4m0s  100.00 iters/s
search     [  50% ] 0002/0400 VUs  1m59.9s/4m0s  1800.00 iters/s

running (2m00.9s), 0001/0550 VUs, 163341 complete and 0 interrupted iterations
allocate   [  50% ] 000/150 VUs    2m00.9s/4m0s  104.71 iters/s
search     [  50% ] 0001/0400 VUs  2m00.9s/4m0s  1884.83 iters/s

running (2m01.9s), 0001/0550 VUs, 165377 complete and 0 interrupted iterations
allocate   [  51% ] 000/150 VUs    2m01.9s/4m0s  109.70 iters/s
search     [  51% ] 0002/0400 VUs  2m01.9s/4m0s  1974.83 iters/s

running (2m02.9s), 0003/0550 VUs, 167508 complete and 0 interrupted iterations
allocate   [  51% ] 001/150 VUs    2m02.9s/4m0s  114.74 iters/s
search     [  51% ] 0002/0400 VUs  2m02.9s/4m0s  2064.80 iters/s

running (2m03.9s), 0003/0550 VUs, 169735 complete and 0 interrupted iterations
allocate   [  52% ] 001/150 VUs    2m03.9s/4m0s  119.73 iters/s
search     [  52% ] 0002/0400 VUs  2m03.9s/4m0s  2154.81 iters/s

running (2m04.9s), 0002/0550 VUs, 172058 complete and 0 interrupted iterations
allocate   [  52% ] 000/150 VUs    2m04.9s/4m0s  124.72 iters/s
search     [  52% ] 0001/0400 VUs  2m04.9s/4m0s  2244.82 iters/s

running (2m05.9s), 0003/0550 VUs, 174474 complete and 0 interrupted iterations
allocate   [  52% ] 000/150 VUs    2m05.9s/4m0s  129.71 iters/s
search     [  52% ] 0003/0400 VUs  2m05.9s/4m0s  2334.82 iters/s

running (2m06.9s), 0002/0550 VUs, 176987 complete and 0 interrupted iterations
allocate   [  53% ] 000/150 VUs    2m06.9s/4m0s  134.70 iters/s
search     [  53% ] 0002/0400 VUs  2m06.9s/4m0s  2424.82 iters/s

running (2m07.9s), 0003/0550 VUs, 179593 complete and 0 interrupted iterations
allocate   [  53% ] 001/150 VUs    2m07.9s/4m0s  139.73 iters/s
search     [  53% ] 0002/0400 VUs  2m07.9s/4m0s  2514.83 iters/s

running (2m08.9s), 0001/0550 VUs, 182297 complete and 0 interrupted iterations
allocate   [  54% ] 000/150 VUs    2m08.9s/4m0s  144.72 iters/s
search     [  54% ] 0001/0400 VUs  2m08.9s/4m0s  2604.80 iters/s

running (2m09.9s), 0004/0550 VUs, 185091 complete and 0 interrupted iterations
allocate   [  54% ] 000/150 VUs    2m09.9s/4m0s  149.72 iters/s
search     [  54% ] 0004/0400 VUs  2m09.9s/4m0s  2694.81 iters/s

running (2m10.9s), 0002/0550 VUs, 187943 complete and 0 interrupted iterations
allocate   [  55% ] 000/150 VUs    2m10.9s/4m0s  150.00 iters/s
search     [  55% ] 0002/0400 VUs  2m10.9s/4m0s  2700.00 iters/s

running (2m11.9s), 0002/0550 VUs, 190793 complete and 0 interrupted iterations
allocate   [  55% ] 000/150 VUs    2m11.9s/4m0s  150.00 iters/s
search     [  55% ] 0002/0400 VUs  2m11.9s/4m0s  2700.00 iters/s

running (2m12.9s), 0002/0550 VUs, 193643 complete and 0 interrupted iterations
allocate   [  55% ] 000/150 VUs    2m12.9s/4m0s  150.00 iters/s
search     [  55% ] 0002/0400 VUs  2m12.9s/4m0s  2700.00 iters/s

running (2m13.9s), 0002/0550 VUs, 196493 complete and 0 interrupted iterations
allocate   [  56% ] 000/150 VUs    2m13.9s/4m0s  150.00 iters/s
search     [  56% ] 0002/0400 VUs  2m13.9s/4m0s  2700.00 iters/s

running (2m14.9s), 0002/0550 VUs, 199343 complete and 0 interrupted iterations
allocate   [  56% ] 000/150 VUs    2m14.9s/4m0s  150.00 iters/s
search     [  56% ] 0002/0400 VUs  2m14.9s/4m0s  2700.00 iters/s

running (2m15.9s), 0001/0550 VUs, 202194 complete and 0 interrupted iterations
allocate   [  57% ] 000/150 VUs    2m15.9s/4m0s  150.00 iters/s
search     [  57% ] 0001/0400 VUs  2m15.9s/4m0s  2700.00 iters/s

running (2m16.9s), 0002/0550 VUs, 205043 complete and 0 interrupted iterations
allocate   [  57% ] 000/150 VUs    2m16.9s/4m0s  150.00 iters/s
search     [  57% ] 0002/0400 VUs  2m16.9s/4m0s  2700.00 iters/s

running (2m17.9s), 0002/0550 VUs, 207893 complete and 0 interrupted iterations
allocate   [  57% ] 000/150 VUs    2m17.9s/4m0s  150.00 iters/s
search     [  57% ] 0002/0400 VUs  2m17.9s/4m0s  2700.00 iters/s

running (2m18.9s), 0001/0550 VUs, 210744 complete and 0 interrupted iterations
allocate   [  58% ] 000/150 VUs    2m18.9s/4m0s  150.00 iters/s
search     [  58% ] 0001/0400 VUs  2m18.9s/4m0s  2700.00 iters/s

running (2m19.9s), 0002/0550 VUs, 213593 complete and 0 interrupted iterations
allocate   [  58% ] 000/150 VUs    2m19.9s/4m0s  150.00 iters/s
search     [  58% ] 0002/0400 VUs  2m19.9s/4m0s  2700.00 iters/s

running (2m20.9s), 0001/0550 VUs, 216444 complete and 0 interrupted iterations
allocate   [  59% ] 000/150 VUs    2m20.9s/4m0s  150.00 iters/s
search     [  59% ] 0001/0400 VUs  2m20.9s/4m0s  2700.00 iters/s

running (2m21.9s), 0002/0550 VUs, 219293 complete and 0 interrupted iterations
allocate   [  59% ] 000/150 VUs    2m21.9s/4m0s  150.00 iters/s
search     [  59% ] 0002/0400 VUs  2m21.9s/4m0s  2700.00 iters/s

running (2m22.9s), 0002/0550 VUs, 222143 complete and 0 interrupted iterations
allocate   [  60% ] 000/150 VUs    2m22.9s/4m0s  150.00 iters/s
search     [  60% ] 0002/0400 VUs  2m22.9s/4m0s  2700.00 iters/s

running (2m23.9s), 0001/0550 VUs, 224994 complete and 0 interrupted iterations
allocate   [  60% ] 000/150 VUs    2m23.9s/4m0s  150.00 iters/s
search     [  60% ] 0001/0400 VUs  2m23.9s/4m0s  2700.00 iters/s

running (2m24.9s), 0002/0550 VUs, 227843 complete and 0 interrupted iterations
allocate   [  60% ] 000/150 VUs    2m24.9s/4m0s  150.00 iters/s
search     [  60% ] 0002/0400 VUs  2m24.9s/4m0s  2700.00 iters/s

running (2m25.9s), 0002/0550 VUs, 230693 complete and 0 interrupted iterations
allocate   [  61% ] 000/150 VUs    2m25.9s/4m0s  150.00 iters/s
search     [  61% ] 0002/0400 VUs  2m25.9s/4m0s  2700.00 iters/s

running (2m26.9s), 0002/0550 VUs, 233543 complete and 0 interrupted iterations
allocate   [  61% ] 000/150 VUs    2m26.9s/4m0s  150.00 iters/s
search     [  61% ] 0002/0400 VUs  2m26.9s/4m0s  2700.00 iters/s

running (2m27.9s), 0002/0550 VUs, 236393 complete and 0 interrupted iterations
allocate   [  62% ] 000/150 VUs    2m27.9s/4m0s  150.00 iters/s
search     [  62% ] 0002/0400 VUs  2m27.9s/4m0s  2700.00 iters/s

running (2m28.9s), 0001/0550 VUs, 239244 complete and 0 interrupted iterations
allocate   [  62% ] 000/150 VUs    2m28.9s/4m0s  150.00 iters/s
search     [  62% ] 0001/0400 VUs  2m28.9s/4m0s  2700.00 iters/s

running (2m29.9s), 0001/0550 VUs, 242094 complete and 0 interrupted iterations
allocate   [  62% ] 000/150 VUs    2m29.9s/4m0s  150.00 iters/s
search     [  62% ] 0001/0400 VUs  2m29.9s/4m0s  2700.00 iters/s

running (2m30.9s), 0004/0550 VUs, 244941 complete and 0 interrupted iterations
allocate   [  63% ] 000/150 VUs    2m30.9s/4m0s  150.00 iters/s
search     [  63% ] 0004/0400 VUs  2m30.9s/4m0s  2700.00 iters/s

running (2m31.9s), 0001/0550 VUs, 247794 complete and 0 interrupted iterations
allocate   [  63% ] 000/150 VUs    2m31.9s/4m0s  150.00 iters/s
search     [  63% ] 0001/0400 VUs  2m31.9s/4m0s  2700.00 iters/s

running (2m32.9s), 0002/0550 VUs, 250643 complete and 0 interrupted iterations
allocate   [  64% ] 000/150 VUs    2m32.9s/4m0s  150.00 iters/s
search     [  64% ] 0002/0400 VUs  2m32.9s/4m0s  2700.00 iters/s

running (2m33.9s), 0001/0550 VUs, 253494 complete and 0 interrupted iterations
allocate   [  64% ] 000/150 VUs    2m33.9s/4m0s  150.00 iters/s
search     [  64% ] 0001/0400 VUs  2m33.9s/4m0s  2700.00 iters/s

running (2m34.9s), 0002/0550 VUs, 256343 complete and 0 interrupted iterations
allocate   [  65% ] 000/150 VUs    2m34.9s/4m0s  150.00 iters/s
search     [  65% ] 0002/0400 VUs  2m34.9s/4m0s  2700.00 iters/s

running (2m35.9s), 0002/0550 VUs, 259193 complete and 0 interrupted iterations
allocate   [  65% ] 000/150 VUs    2m35.9s/4m0s  150.00 iters/s
search     [  65% ] 0002/0400 VUs  2m35.9s/4m0s  2700.00 iters/s

running (2m36.9s), 0002/0550 VUs, 262043 complete and 0 interrupted iterations
allocate   [  65% ] 000/150 VUs    2m36.9s/4m0s  150.00 iters/s
search     [  65% ] 0002/0400 VUs  2m36.9s/4m0s  2700.00 iters/s

running (2m37.9s), 0001/0550 VUs, 264894 complete and 0 interrupted iterations
allocate   [  66% ] 000/150 VUs    2m37.9s/4m0s  150.00 iters/s
search     [  66% ] 0001/0400 VUs  2m37.9s/4m0s  2700.00 iters/s

running (2m38.9s), 0001/0550 VUs, 267744 complete and 0 interrupted iterations
allocate   [  66% ] 000/150 VUs    2m38.9s/4m0s  150.00 iters/s
search     [  66% ] 0001/0400 VUs  2m38.9s/4m0s  2700.00 iters/s

running (2m39.9s), 0002/0550 VUs, 270593 complete and 0 interrupted iterations
allocate   [  67% ] 000/150 VUs    2m39.9s/4m0s  150.00 iters/s
search     [  67% ] 0002/0400 VUs  2m39.9s/4m0s  2700.00 iters/s

running (2m40.9s), 0001/0550 VUs, 273444 complete and 0 interrupted iterations
allocate   [  67% ] 000/150 VUs    2m40.9s/4m0s  150.00 iters/s
search     [  67% ] 0001/0400 VUs  2m40.9s/4m0s  2700.00 iters/s

running (2m41.9s), 0002/0550 VUs, 276293 complete and 0 interrupted iterations
allocate   [  67% ] 000/150 VUs    2m41.9s/4m0s  150.00 iters/s
search     [  67% ] 0002/0400 VUs  2m41.9s/4m0s  2700.00 iters/s

running (2m42.9s), 0002/0550 VUs, 279143 complete and 0 interrupted iterations
allocate   [  68% ] 000/150 VUs    2m42.9s/4m0s  150.00 iters/s
search     [  68% ] 0002/0400 VUs  2m42.9s/4m0s  2700.00 iters/s

running (2m43.9s), 0002/0550 VUs, 281993 complete and 0 interrupted iterations
allocate   [  68% ] 000/150 VUs    2m43.9s/4m0s  150.00 iters/s
search     [  68% ] 0002/0400 VUs  2m43.9s/4m0s  2700.00 iters/s

running (2m44.9s), 0003/0550 VUs, 284842 complete and 0 interrupted iterations
allocate   [  69% ] 000/150 VUs    2m44.9s/4m0s  150.00 iters/s
search     [  69% ] 0003/0400 VUs  2m44.9s/4m0s  2700.00 iters/s

running (2m45.9s), 0002/0550 VUs, 287693 complete and 0 interrupted iterations
allocate   [  69% ] 000/150 VUs    2m45.9s/4m0s  150.00 iters/s
search     [  69% ] 0002/0400 VUs  2m45.9s/4m0s  2700.00 iters/s

running (2m46.9s), 0001/0550 VUs, 290544 complete and 0 interrupted iterations
allocate   [  70% ] 000/150 VUs    2m46.9s/4m0s  150.00 iters/s
search     [  70% ] 0001/0400 VUs  2m46.9s/4m0s  2700.00 iters/s

running (2m47.9s), 0002/0550 VUs, 293393 complete and 0 interrupted iterations
allocate   [  70% ] 000/150 VUs    2m47.9s/4m0s  150.00 iters/s
search     [  70% ] 0002/0400 VUs  2m47.9s/4m0s  2700.00 iters/s

running (2m48.9s), 0002/0550 VUs, 296243 complete and 0 interrupted iterations
allocate   [  70% ] 000/150 VUs    2m48.9s/4m0s  150.00 iters/s
search     [  70% ] 0002/0400 VUs  2m48.9s/4m0s  2700.00 iters/s

running (2m49.9s), 0002/0550 VUs, 299093 complete and 0 interrupted iterations
allocate   [  71% ] 000/150 VUs    2m49.9s/4m0s  150.00 iters/s
search     [  71% ] 0002/0400 VUs  2m49.9s/4m0s  2700.00 iters/s

running (2m50.9s), 0002/0550 VUs, 301943 complete and 0 interrupted iterations
allocate   [  71% ] 000/150 VUs    2m50.9s/4m0s  150.00 iters/s
search     [  71% ] 0002/0400 VUs  2m50.9s/4m0s  2700.00 iters/s

running (2m51.9s), 0001/0550 VUs, 304794 complete and 0 interrupted iterations
allocate   [  72% ] 000/150 VUs    2m51.9s/4m0s  150.00 iters/s
search     [  72% ] 0001/0400 VUs  2m51.9s/4m0s  2700.00 iters/s

running (2m52.9s), 0002/0550 VUs, 307643 complete and 0 interrupted iterations
allocate   [  72% ] 000/150 VUs    2m52.9s/4m0s  150.00 iters/s
search     [  72% ] 0002/0400 VUs  2m52.9s/4m0s  2700.00 iters/s

running (2m53.9s), 0001/0550 VUs, 310494 complete and 0 interrupted iterations
allocate   [  72% ] 000/150 VUs    2m53.9s/4m0s  150.00 iters/s
search     [  72% ] 0001/0400 VUs  2m53.9s/4m0s  2700.00 iters/s

running (2m54.9s), 0002/0550 VUs, 313343 complete and 0 interrupted iterations
allocate   [  73% ] 000/150 VUs    2m54.9s/4m0s  150.00 iters/s
search     [  73% ] 0001/0400 VUs  2m54.9s/4m0s  2700.00 iters/s

running (2m55.9s), 0002/0550 VUs, 316193 complete and 0 interrupted iterations
allocate   [  73% ] 000/150 VUs    2m55.9s/4m0s  150.00 iters/s
search     [  73% ] 0002/0400 VUs  2m55.9s/4m0s  2700.00 iters/s

running (2m56.9s), 0003/0550 VUs, 319042 complete and 0 interrupted iterations
allocate   [  74% ] 000/150 VUs    2m56.9s/4m0s  150.00 iters/s
search     [  74% ] 0003/0400 VUs  2m56.9s/4m0s  2700.00 iters/s

running (2m57.9s), 0001/0550 VUs, 321894 complete and 0 interrupted iterations
allocate   [  74% ] 000/150 VUs    2m57.9s/4m0s  150.00 iters/s
search     [  74% ] 0001/0400 VUs  2m57.9s/4m0s  2700.00 iters/s

running (2m58.9s), 0002/0550 VUs, 324743 complete and 0 interrupted iterations
allocate   [  75% ] 000/150 VUs    2m58.9s/4m0s  150.00 iters/s
search     [  75% ] 0002/0400 VUs  2m58.9s/4m0s  2700.00 iters/s

running (2m59.9s), 0001/0550 VUs, 327594 complete and 0 interrupted iterations
allocate   [  75% ] 000/150 VUs    2m59.9s/4m0s  150.00 iters/s
search     [  75% ] 0001/0400 VUs  2m59.9s/4m0s  2700.00 iters/s

running (3m00.9s), 0002/0550 VUs, 330485 complete and 0 interrupted iterations
allocate   [  75% ] 000/150 VUs    3m00.9s/4m0s  154.71 iters/s
search     [  75% ] 0002/0400 VUs  3m00.9s/4m0s  2784.82 iters/s

running (3m01.9s), 0004/0550 VUs, 333471 complete and 0 interrupted iterations
allocate   [  76% ] 001/150 VUs    3m01.9s/4m0s  159.73 iters/s
search     [  76% ] 0003/0400 VUs  3m01.9s/4m0s  2874.83 iters/s

running (3m02.9s), 0004/0550 VUs, 336552 complete and 0 interrupted iterations
allocate   [  76% ] 002/150 VUs    3m02.9s/4m0s  164.73 iters/s
search     [  76% ] 0003/0400 VUs  3m02.9s/4m0s  2964.83 iters/s

running (3m03.9s), 0002/0550 VUs, 339731 complete and 0 interrupted iterations
allocate   [  77% ] 000/150 VUs    3m03.9s/4m0s  169.72 iters/s
search     [  77% ] 0002/0400 VUs  3m03.9s/4m0s  3054.81 iters/s

running (3m04.9s), 0004/0550 VUs, 343001 complete and 0 interrupted iterations
allocate   [  77% ] 001/150 VUs    3m04.9s/4m0s  174.71 iters/s
search     [  77% ] 0003/0400 VUs  3m04.9s/4m0s  3144.81 iters/s

running (3m05.9s), 0002/0550 VUs, 346370 complete and 0 interrupted iterations
allocate   [  77% ] 000/150 VUs    3m05.9s/4m0s  179.71 iters/s
search     [  77% ] 0002/0400 VUs  3m05.9s/4m0s  3234.81 iters/s

running (3m06.9s), 0003/0550 VUs, 349832 complete and 0 interrupted iterations
allocate   [  78% ] 001/150 VUs    3m06.9s/4m0s  184.73 iters/s
search     [  78% ] 0002/0400 VUs  3m06.9s/4m0s  3324.82 iters/s

running (3m07.9s), 0002/0550 VUs, 353390 complete and 0 interrupted iterations
allocate   [  78% ] 000/150 VUs    3m07.9s/4m0s  189.72 iters/s
search     [  78% ] 0002/0400 VUs  3m07.9s/4m0s  3414.82 iters/s

running (3m08.9s), 0001/0550 VUs, 357042 complete and 0 interrupted iterations
allocate   [  79% ] 000/150 VUs    3m08.9s/4m0s  194.72 iters/s
search     [  79% ] 0001/0400 VUs  3m08.9s/4m0s  3504.80 iters/s

running (3m09.9s), 0004/0550 VUs, 360786 complete and 0 interrupted iterations
allocate   [  79% ] 000/150 VUs    3m09.9s/4m0s  199.71 iters/s
search     [  79% ] 0004/0400 VUs  3m09.9s/4m0s  3594.81 iters/s

running (3m10.9s), 0009/0550 VUs, 364581 complete and 0 interrupted iterations
allocate   [  80% ] 001/150 VUs    3m10.9s/4m0s  200.00 iters/s
search     [  80% ] 0008/0400 VUs  3m10.9s/4m0s  3600.00 iters/s

running (3m11.9s), 0002/0550 VUs, 368388 complete and 0 interrupted iterations
allocate   [  80% ] 000/150 VUs    3m11.9s/4m0s  200.00 iters/s
search     [  80% ] 0002/0400 VUs  3m11.9s/4m0s  3600.00 iters/s

running (3m12.9s), 0003/0550 VUs, 372187 complete and 0 interrupted iterations
allocate   [  80% ] 000/150 VUs    3m12.9s/4m0s  200.00 iters/s
search     [  80% ] 0003/0400 VUs  3m12.9s/4m0s  3600.00 iters/s

running (3m13.9s), 0003/0550 VUs, 375987 complete and 0 interrupted iterations
allocate   [  81% ] 000/150 VUs    3m13.9s/4m0s  200.00 iters/s
search     [  81% ] 0003/0400 VUs  3m13.9s/4m0s  3600.00 iters/s

running (3m14.9s), 0002/0550 VUs, 379788 complete and 0 interrupted iterations
allocate   [  81% ] 000/150 VUs    3m14.9s/4m0s  200.00 iters/s
search     [  81% ] 0002/0400 VUs  3m14.9s/4m0s  3600.00 iters/s

running (3m15.9s), 0002/0550 VUs, 383588 complete and 0 interrupted iterations
allocate   [  82% ] 000/150 VUs    3m15.9s/4m0s  200.00 iters/s
search     [  82% ] 0002/0400 VUs  3m15.9s/4m0s  3600.00 iters/s

running (3m16.9s), 0004/0550 VUs, 387386 complete and 0 interrupted iterations
allocate   [  82% ] 000/150 VUs    3m16.9s/4m0s  200.00 iters/s
search     [  82% ] 0004/0400 VUs  3m16.9s/4m0s  3600.00 iters/s

running (3m17.9s), 0003/0550 VUs, 391187 complete and 0 interrupted iterations
allocate   [  82% ] 000/150 VUs    3m17.9s/4m0s  200.00 iters/s
search     [  82% ] 0003/0400 VUs  3m17.9s/4m0s  3600.00 iters/s

running (3m18.9s), 0002/0550 VUs, 394988 complete and 0 interrupted iterations
allocate   [  83% ] 000/150 VUs    3m18.9s/4m0s  200.00 iters/s
search     [  83% ] 0002/0400 VUs  3m18.9s/4m0s  3600.00 iters/s

running (3m19.9s), 0002/0550 VUs, 398788 complete and 0 interrupted iterations
allocate   [  83% ] 000/150 VUs    3m19.9s/4m0s  200.00 iters/s
search     [  83% ] 0002/0400 VUs  3m19.9s/4m0s  3600.00 iters/s

running (3m20.9s), 0002/0550 VUs, 402588 complete and 0 interrupted iterations
allocate   [  84% ] 000/150 VUs    3m20.9s/4m0s  200.00 iters/s
search     [  84% ] 0002/0400 VUs  3m20.9s/4m0s  3600.00 iters/s

running (3m21.9s), 0425/0579 VUs, 405812 complete and 0 interrupted iterations
allocate   [  84% ] 056/150 VUs    3m21.9s/4m0s  200.00 iters/s
search     [  84% ] 0369/0429 VUs  3m21.9s/4m0s  3600.00 iters/s

running (3m22.9s), 0003/0579 VUs, 410034 complete and 0 interrupted iterations
allocate   [  85% ] 000/150 VUs    3m22.9s/4m0s  200.00 iters/s
search     [  85% ] 0003/0429 VUs  3m22.9s/4m0s  3600.00 iters/s

running (3m23.9s), 0003/0579 VUs, 413834 complete and 0 interrupted iterations
allocate   [  85% ] 000/150 VUs    3m23.9s/4m0s  200.00 iters/s
search     [  85% ] 0003/0429 VUs  3m23.9s/4m0s  3600.00 iters/s

running (3m24.9s), 0003/0579 VUs, 417634 complete and 0 interrupted iterations
allocate   [  85% ] 000/150 VUs    3m24.9s/4m0s  200.00 iters/s
search     [  85% ] 0003/0429 VUs  3m24.9s/4m0s  3600.00 iters/s

running (3m25.9s), 0002/0579 VUs, 421435 complete and 0 interrupted iterations
allocate   [  86% ] 000/150 VUs    3m25.9s/4m0s  200.00 iters/s
search     [  86% ] 0002/0429 VUs  3m25.9s/4m0s  3600.00 iters/s

running (3m26.9s), 0003/0579 VUs, 425234 complete and 0 interrupted iterations
allocate   [  86% ] 000/150 VUs    3m26.9s/4m0s  200.00 iters/s
search     [  86% ] 0003/0429 VUs  3m26.9s/4m0s  3600.00 iters/s

running (3m27.9s), 0003/0579 VUs, 429034 complete and 0 interrupted iterations
allocate   [  87% ] 000/150 VUs    3m27.9s/4m0s  200.00 iters/s
search     [  87% ] 0003/0429 VUs  3m27.9s/4m0s  3600.00 iters/s

running (3m28.9s), 0002/0579 VUs, 432835 complete and 0 interrupted iterations
allocate   [  87% ] 000/150 VUs    3m28.9s/4m0s  200.00 iters/s
search     [  87% ] 0002/0429 VUs  3m28.9s/4m0s  3600.00 iters/s

running (3m29.9s), 0002/0579 VUs, 436635 complete and 0 interrupted iterations
allocate   [  87% ] 000/150 VUs    3m29.9s/4m0s  200.00 iters/s
search     [  87% ] 0001/0429 VUs  3m29.9s/4m0s  3600.00 iters/s

running (3m30.9s), 0002/0579 VUs, 440435 complete and 0 interrupted iterations
allocate   [  88% ] 000/150 VUs    3m30.9s/4m0s  200.00 iters/s
search     [  88% ] 0002/0429 VUs  3m30.9s/4m0s  3600.00 iters/s

running (3m31.9s), 0002/0579 VUs, 444235 complete and 0 interrupted iterations
allocate   [  88% ] 000/150 VUs    3m31.9s/4m0s  200.00 iters/s
search     [  88% ] 0002/0429 VUs  3m31.9s/4m0s  3600.00 iters/s

running (3m32.9s), 0002/0579 VUs, 448035 complete and 0 interrupted iterations
allocate   [  89% ] 000/150 VUs    3m32.9s/4m0s  200.00 iters/s
search     [  89% ] 0002/0429 VUs  3m32.9s/4m0s  3600.00 iters/s

running (3m33.9s), 0002/0579 VUs, 451835 complete and 0 interrupted iterations
allocate   [  89% ] 000/150 VUs    3m33.9s/4m0s  200.00 iters/s
search     [  89% ] 0002/0429 VUs  3m33.9s/4m0s  3600.00 iters/s

running (3m34.9s), 0002/0579 VUs, 455635 complete and 0 interrupted iterations
allocate   [  90% ] 000/150 VUs    3m34.9s/4m0s  200.00 iters/s
search     [  90% ] 0002/0429 VUs  3m34.9s/4m0s  3600.00 iters/s

running (3m35.9s), 0001/0579 VUs, 459436 complete and 0 interrupted iterations
allocate   [  90% ] 000/150 VUs    3m35.9s/4m0s  200.00 iters/s
search     [  90% ] 0001/0429 VUs  3m35.9s/4m0s  3600.00 iters/s

running (3m36.9s), 0004/0579 VUs, 463233 complete and 0 interrupted iterations
allocate   [  90% ] 000/150 VUs    3m36.9s/4m0s  200.00 iters/s
search     [  90% ] 0004/0429 VUs  3m36.9s/4m0s  3600.00 iters/s

running (3m37.9s), 0002/0579 VUs, 467035 complete and 0 interrupted iterations
allocate   [  91% ] 000/150 VUs    3m37.9s/4m0s  200.00 iters/s
search     [  91% ] 0002/0429 VUs  3m37.9s/4m0s  3600.00 iters/s

running (3m38.9s), 0002/0579 VUs, 470835 complete and 0 interrupted iterations
allocate   [  91% ] 000/150 VUs    3m38.9s/4m0s  200.00 iters/s
search     [  91% ] 0002/0429 VUs  3m38.9s/4m0s  3600.00 iters/s

running (3m39.9s), 0002/0579 VUs, 474635 complete and 0 interrupted iterations
allocate   [  92% ] 000/150 VUs    3m39.9s/4m0s  200.00 iters/s
search     [  92% ] 0002/0429 VUs  3m39.9s/4m0s  3600.00 iters/s

running (3m40.9s), 0002/0579 VUs, 478435 complete and 0 interrupted iterations
allocate   [  92% ] 000/150 VUs    3m40.9s/4m0s  200.00 iters/s
search     [  92% ] 0002/0429 VUs  3m40.9s/4m0s  3600.00 iters/s

running (3m41.9s), 0002/0579 VUs, 482235 complete and 0 interrupted iterations
allocate   [  92% ] 000/150 VUs    3m41.9s/4m0s  200.00 iters/s
search     [  92% ] 0002/0429 VUs  3m41.9s/4m0s  3600.00 iters/s

running (3m42.9s), 0003/0579 VUs, 486034 complete and 0 interrupted iterations
allocate   [  93% ] 000/150 VUs    3m42.9s/4m0s  200.00 iters/s
search     [  93% ] 0003/0429 VUs  3m42.9s/4m0s  3600.00 iters/s

running (3m43.9s), 0002/0579 VUs, 489835 complete and 0 interrupted iterations
allocate   [  93% ] 000/150 VUs    3m43.9s/4m0s  200.00 iters/s
search     [  93% ] 0002/0429 VUs  3m43.9s/4m0s  3600.00 iters/s

running (3m44.9s), 0002/0579 VUs, 493635 complete and 0 interrupted iterations
allocate   [  94% ] 000/150 VUs    3m44.9s/4m0s  200.00 iters/s
search     [  94% ] 0002/0429 VUs  3m44.9s/4m0s  3600.00 iters/s

running (3m45.9s), 0002/0579 VUs, 497435 complete and 0 interrupted iterations
allocate   [  94% ] 000/150 VUs    3m45.9s/4m0s  200.00 iters/s
search     [  94% ] 0002/0429 VUs  3m45.9s/4m0s  3600.00 iters/s

running (3m46.9s), 0002/0579 VUs, 501235 complete and 0 interrupted iterations
allocate   [  95% ] 000/150 VUs    3m46.9s/4m0s  200.00 iters/s
search     [  95% ] 0002/0429 VUs  3m46.9s/4m0s  3600.00 iters/s

running (3m47.9s), 0002/0579 VUs, 505035 complete and 0 interrupted iterations
allocate   [  95% ] 000/150 VUs    3m47.9s/4m0s  200.00 iters/s
search     [  95% ] 0002/0429 VUs  3m47.9s/4m0s  3600.00 iters/s

running (3m48.9s), 0003/0579 VUs, 508834 complete and 0 interrupted iterations
allocate   [  95% ] 000/150 VUs    3m48.9s/4m0s  200.00 iters/s
search     [  95% ] 0003/0429 VUs  3m48.9s/4m0s  3600.00 iters/s

running (3m49.9s), 0003/0579 VUs, 512634 complete and 0 interrupted iterations
allocate   [  96% ] 000/150 VUs    3m49.9s/4m0s  200.00 iters/s
search     [  96% ] 0003/0429 VUs  3m49.9s/4m0s  3600.00 iters/s

running (3m50.9s), 0002/0579 VUs, 516435 complete and 0 interrupted iterations
allocate   [  96% ] 000/150 VUs    3m50.9s/4m0s  200.00 iters/s
search     [  96% ] 0002/0429 VUs  3m50.9s/4m0s  3600.00 iters/s

running (3m51.9s), 0003/0579 VUs, 520234 complete and 0 interrupted iterations
allocate   [  97% ] 000/150 VUs    3m51.9s/4m0s  200.00 iters/s
search     [  97% ] 0003/0429 VUs  3m51.9s/4m0s  3600.00 iters/s

running (3m52.9s), 0029/0579 VUs, 524008 complete and 0 interrupted iterations
allocate   [  97% ] 002/150 VUs    3m52.9s/4m0s  200.00 iters/s
search     [  97% ] 0027/0429 VUs  3m52.9s/4m0s  3600.00 iters/s

running (3m53.9s), 0002/0579 VUs, 527835 complete and 0 interrupted iterations
allocate   [  97% ] 000/150 VUs    3m53.9s/4m0s  200.00 iters/s
search     [  97% ] 0002/0429 VUs  3m53.9s/4m0s  3600.00 iters/s

running (3m54.9s), 0002/0579 VUs, 531635 complete and 0 interrupted iterations
allocate   [  98% ] 000/150 VUs    3m54.9s/4m0s  200.00 iters/s
search     [  98% ] 0002/0429 VUs  3m54.9s/4m0s  3600.00 iters/s

running (3m55.9s), 0003/0579 VUs, 535434 complete and 0 interrupted iterations
allocate   [  98% ] 000/150 VUs    3m55.9s/4m0s  200.00 iters/s
search     [  98% ] 0003/0429 VUs  3m55.9s/4m0s  3600.00 iters/s

running (3m56.9s), 0002/0579 VUs, 539235 complete and 0 interrupted iterations
allocate   [  99% ] 000/150 VUs    3m56.9s/4m0s  200.00 iters/s
search     [  99% ] 0002/0429 VUs  3m56.9s/4m0s  3600.00 iters/s

running (3m57.9s), 0002/0579 VUs, 543035 complete and 0 interrupted iterations
allocate   [  99% ] 000/150 VUs    3m57.9s/4m0s  200.00 iters/s
search     [  99% ] 0002/0429 VUs  3m57.9s/4m0s  3600.00 iters/s

running (3m58.9s), 0003/0579 VUs, 546834 complete and 0 interrupted iterations
allocate   [ 100% ] 000/150 VUs    3m58.9s/4m0s  200.00 iters/s
search     [ 100% ] 0003/0429 VUs  3m58.9s/4m0s  3600.00 iters/s

running (3m59.9s), 0002/0579 VUs, 550635 complete and 0 interrupted iterations
allocate   [ 100% ] 000/150 VUs    3m59.9s/4m0s  200.00 iters/s
search     [ 100% ] 0002/0429 VUs  3m59.9s/4m0s  3600.00 iters/s
time="2026-09-04T22:15:41+07:00" level=info msg="[k6-reporter v3.0.4] Generating HTML summary report, with theme: default" source=console
     ✓ status 200

     checks.........................: 100.00% ✓ 579842      ✗ 0     
     data_received..................: 403 MB  1.7 MB/s
     data_sent......................: 96 MB   398 kB/s
   ✗ dropped_iterations.............: 153     0.637491/s
     http_req_blocked...............: avg=1.55µs min=0s       med=1µs      max=4.61ms   p(90)=2µs    p(95)=3µs   
     http_req_connecting............: avg=255ns  min=0s       med=0s       max=4.47ms   p(90)=0s     p(95)=0s    
   ✓ http_req_duration..............: avg=1.2ms  min=253µs    med=588µs    max=215.13ms p(90)=1.12ms p(95)=1.55ms
       { expected_response:true }...: avg=1.2ms  min=253µs    med=588µs    max=215.13ms p(90)=1.12ms p(95)=1.55ms
   ✓ http_req_failed................: 0.00%   ✓ 0           ✗ 579842
     http_req_receiving.............: avg=8.79µs min=2µs      med=7µs      max=5.5ms    p(90)=13µs   p(95)=18µs  
     http_req_sending...............: avg=5.14µs min=1µs      med=4µs      max=8.06ms   p(90)=7µs    p(95)=10µs  
     http_req_tls_handshaking.......: avg=0s     min=0s       med=0s       max=0s       p(90)=0s     p(95)=0s    
     http_req_waiting...............: avg=1.19ms min=244µs    med=576µs    max=215.12ms p(90)=1.1ms  p(95)=1.53ms
     http_reqs......................: 579842  2415.974741/s
     iteration_duration.............: avg=1.31ms min=278.62µs med=613.25µs max=288.04ms p(90)=1.31ms p(95)=2.29ms
     iterations.....................: 550838  2295.126422/s
     tickets_held...................: 29004   120.84832/s
     vus............................: 3       min=0         max=431 
     vus_max........................: 579     min=550       max=579 
running (4m00.0s), 0000/0579 VUs, 550838 complete and 0 interrupted iterations
allocate ✓ [ 100% ] 000/150 VUs    4m0s  200.00 iters/s
search   ✓ [ 100% ] 0000/0429 VUs  4m0s  3600.01 iters/s
time="2026-09-04T22:15:41+07:00" level=error msg="thresholds on metrics 'dropped_iterations' have been crossed"
