
         /\      Grafana   /‾‾/  
    /\  /  \     |\  __   /  /   
   /  \/    \    | |/ /  /   ‾‾\ 
  /          \   |   (  |  (‾)  |
 / __________ \  |_|\_\  \_____/ 

     execution: local
        script: loadtest/s2_contention.js
        output: -

     scenarios: (100.00%) 1 scenario, 200 max VUs, 1m30s max duration (incl. graceful stop):
              * default: 200 looping VUs for 1m0s (gracefulStop: 30s)


running (0m01.0s), 200/200 VUs, 4208 complete and 0 interrupted iterations
default   [   2% ] 200 VUs  0m01.0s/1m0s

running (0m02.0s), 200/200 VUs, 8642 complete and 0 interrupted iterations
default   [   3% ] 200 VUs  0m02.0s/1m0s

running (0m03.0s), 200/200 VUs, 12969 complete and 0 interrupted iterations
default   [   5% ] 200 VUs  0m03.0s/1m0s

running (0m04.0s), 200/200 VUs, 17346 complete and 0 interrupted iterations
default   [   7% ] 200 VUs  0m04.0s/1m0s

running (0m05.0s), 200/200 VUs, 22088 complete and 0 interrupted iterations
default   [   8% ] 200 VUs  0m05.0s/1m0s

running (0m06.0s), 200/200 VUs, 26542 complete and 0 interrupted iterations
default   [  10% ] 200 VUs  0m06.0s/1m0s

running (0m07.0s), 200/200 VUs, 30484 complete and 0 interrupted iterations
default   [  12% ] 200 VUs  0m07.0s/1m0s

running (0m08.0s), 200/200 VUs, 34965 complete and 0 interrupted iterations
default   [  13% ] 200 VUs  0m08.0s/1m0s

running (0m09.0s), 200/200 VUs, 39482 complete and 0 interrupted iterations
default   [  15% ] 200 VUs  0m09.0s/1m0s

running (0m10.0s), 200/200 VUs, 43678 complete and 0 interrupted iterations
default   [  17% ] 200 VUs  0m10.0s/1m0s

running (0m11.0s), 200/200 VUs, 48456 complete and 0 interrupted iterations
default   [  18% ] 200 VUs  0m11.0s/1m0s

running (0m12.0s), 200/200 VUs, 53027 complete and 0 interrupted iterations
default   [  20% ] 200 VUs  0m12.0s/1m0s

running (0m13.0s), 200/200 VUs, 57497 complete and 0 interrupted iterations
default   [  22% ] 200 VUs  0m13.0s/1m0s

running (0m14.0s), 200/200 VUs, 61632 complete and 0 interrupted iterations
default   [  23% ] 200 VUs  0m14.0s/1m0s

running (0m15.0s), 200/200 VUs, 66493 complete and 0 interrupted iterations
default   [  25% ] 200 VUs  0m15.0s/1m0s

running (0m16.0s), 200/200 VUs, 71271 complete and 0 interrupted iterations
default   [  27% ] 200 VUs  0m16.0s/1m0s

running (0m17.0s), 200/200 VUs, 76004 complete and 0 interrupted iterations
default   [  28% ] 200 VUs  0m17.0s/1m0s

running (0m18.0s), 200/200 VUs, 79734 complete and 0 interrupted iterations
default   [  30% ] 200 VUs  0m18.0s/1m0s

running (0m19.0s), 200/200 VUs, 84190 complete and 0 interrupted iterations
default   [  32% ] 200 VUs  0m19.0s/1m0s

running (0m20.0s), 200/200 VUs, 88618 complete and 0 interrupted iterations
default   [  33% ] 200 VUs  0m20.0s/1m0s

running (0m21.0s), 200/200 VUs, 92989 complete and 0 interrupted iterations
default   [  35% ] 200 VUs  0m21.0s/1m0s

running (0m22.0s), 200/200 VUs, 96716 complete and 0 interrupted iterations
default   [  37% ] 200 VUs  0m22.0s/1m0s

running (0m23.0s), 200/200 VUs, 99993 complete and 0 interrupted iterations
default   [  38% ] 200 VUs  0m23.0s/1m0s

running (0m24.0s), 200/200 VUs, 104756 complete and 0 interrupted iterations
default   [  40% ] 200 VUs  0m24.0s/1m0s

running (0m25.0s), 200/200 VUs, 108836 complete and 0 interrupted iterations
default   [  42% ] 200 VUs  0m25.0s/1m0s

running (0m26.0s), 200/200 VUs, 113514 complete and 0 interrupted iterations
default   [  43% ] 200 VUs  0m26.0s/1m0s

running (0m27.0s), 200/200 VUs, 117135 complete and 0 interrupted iterations
default   [  45% ] 200 VUs  0m27.0s/1m0s

running (0m28.0s), 200/200 VUs, 121518 complete and 0 interrupted iterations
default   [  47% ] 200 VUs  0m28.0s/1m0s

running (0m29.0s), 200/200 VUs, 125970 complete and 0 interrupted iterations
default   [  48% ] 200 VUs  0m29.0s/1m0s

running (0m30.0s), 200/200 VUs, 130363 complete and 0 interrupted iterations
default   [  50% ] 200 VUs  0m30.0s/1m0s

running (0m31.0s), 200/200 VUs, 133448 complete and 0 interrupted iterations
default   [  52% ] 200 VUs  0m31.0s/1m0s

running (0m32.0s), 200/200 VUs, 137226 complete and 0 interrupted iterations
default   [  53% ] 200 VUs  0m32.0s/1m0s

running (0m33.0s), 200/200 VUs, 141624 complete and 0 interrupted iterations
default   [  55% ] 200 VUs  0m33.0s/1m0s

running (0m34.0s), 200/200 VUs, 145625 complete and 0 interrupted iterations
default   [  57% ] 200 VUs  0m34.0s/1m0s

running (0m35.0s), 200/200 VUs, 150438 complete and 0 interrupted iterations
default   [  58% ] 200 VUs  0m35.0s/1m0s

running (0m36.0s), 200/200 VUs, 154521 complete and 0 interrupted iterations
default   [  60% ] 200 VUs  0m36.0s/1m0s

running (0m37.0s), 200/200 VUs, 158599 complete and 0 interrupted iterations
default   [  62% ] 200 VUs  0m37.0s/1m0s

running (0m38.0s), 200/200 VUs, 162407 complete and 0 interrupted iterations
default   [  63% ] 200 VUs  0m38.0s/1m0s

running (0m39.0s), 200/200 VUs, 166287 complete and 0 interrupted iterations
default   [  65% ] 200 VUs  0m39.0s/1m0s

running (0m40.0s), 200/200 VUs, 171026 complete and 0 interrupted iterations
default   [  67% ] 200 VUs  0m40.0s/1m0s

running (0m41.0s), 200/200 VUs, 175678 complete and 0 interrupted iterations
default   [  68% ] 200 VUs  0m41.0s/1m0s

running (0m42.0s), 200/200 VUs, 179613 complete and 0 interrupted iterations
default   [  70% ] 200 VUs  0m42.0s/1m0s

running (0m43.0s), 200/200 VUs, 183757 complete and 0 interrupted iterations
default   [  72% ] 200 VUs  0m43.0s/1m0s

running (0m44.0s), 200/200 VUs, 188109 complete and 0 interrupted iterations
default   [  73% ] 200 VUs  0m44.0s/1m0s

running (0m45.0s), 200/200 VUs, 192095 complete and 0 interrupted iterations
default   [  75% ] 200 VUs  0m45.0s/1m0s

running (0m46.0s), 200/200 VUs, 196675 complete and 0 interrupted iterations
default   [  77% ] 200 VUs  0m46.0s/1m0s

running (0m47.0s), 200/200 VUs, 200639 complete and 0 interrupted iterations
default   [  78% ] 200 VUs  0m47.0s/1m0s

running (0m48.0s), 200/200 VUs, 204960 complete and 0 interrupted iterations
default   [  80% ] 200 VUs  0m48.0s/1m0s

running (0m49.0s), 200/200 VUs, 209319 complete and 0 interrupted iterations
default   [  82% ] 200 VUs  0m49.0s/1m0s

running (0m50.0s), 200/200 VUs, 213086 complete and 0 interrupted iterations
default   [  83% ] 200 VUs  0m50.0s/1m0s

running (0m51.0s), 200/200 VUs, 217677 complete and 0 interrupted iterations
default   [  85% ] 200 VUs  0m51.0s/1m0s

running (0m52.0s), 200/200 VUs, 221457 complete and 0 interrupted iterations
default   [  87% ] 200 VUs  0m52.0s/1m0s

running (0m53.0s), 200/200 VUs, 225796 complete and 0 interrupted iterations
default   [  88% ] 200 VUs  0m53.0s/1m0s

running (0m54.0s), 200/200 VUs, 230151 complete and 0 interrupted iterations
default   [  90% ] 200 VUs  0m54.0s/1m0s

running (0m55.0s), 200/200 VUs, 234323 complete and 0 interrupted iterations
default   [  92% ] 200 VUs  0m55.0s/1m0s

running (0m56.0s), 200/200 VUs, 238409 complete and 0 interrupted iterations
default   [  93% ] 200 VUs  0m56.0s/1m0s

running (0m57.0s), 200/200 VUs, 242914 complete and 0 interrupted iterations
default   [  95% ] 200 VUs  0m57.0s/1m0s

running (0m58.0s), 200/200 VUs, 247136 complete and 0 interrupted iterations
default   [  97% ] 200 VUs  0m58.0s/1m0s

running (0m59.0s), 200/200 VUs, 250950 complete and 0 interrupted iterations
default   [  98% ] 200 VUs  0m59.0s/1m0s

running (1m00.0s), 200/200 VUs, 255477 complete and 0 interrupted iterations
default   [ 100% ] 200 VUs  1m00.0s/1m0s
time="2026-09-04T20:22:35+07:00" level=info msg="[k6-reporter v3.0.4] Generating HTML summary report, with theme: default" source=console
     ✓ status 200

     checks.........................: 100.00% ✓ 255677      ✗ 0     
     data_received..................: 54 MB   902 kB/s
     data_sent......................: 46 MB   760 kB/s
     http_req_blocked...............: avg=4.03µs  min=0s     med=1µs     max=9.14ms   p(90)=1µs     p(95)=2µs    
     http_req_connecting............: avg=2.83µs  min=0s     med=0s      max=5.66ms   p(90)=0s      p(95)=0s     
   ✓ http_req_duration..............: avg=46.91ms min=9.43ms med=35.13ms max=466.92ms p(90)=69.99ms p(95)=73.83ms
       { expected_response:true }...: avg=46.91ms min=9.43ms med=35.13ms max=466.92ms p(90)=69.99ms p(95)=73.83ms
   ✓ http_req_failed................: 0.00%   ✓ 0           ✗ 255677
     http_req_receiving.............: avg=10.8µs  min=4µs    med=8µs     max=3.88ms   p(90)=16µs    p(95)=28µs   
     http_req_sending...............: avg=3.72µs  min=1µs    med=2µs     max=5.18ms   p(90)=6µs     p(95)=7µs    
     http_req_tls_handshaking.......: avg=0s      min=0s     med=0s      max=0s       p(90)=0s      p(95)=0s     
     http_req_waiting...............: avg=46.89ms min=9.42ms med=35.12ms max=466.91ms p(90)=69.97ms p(95)=73.81ms
     http_reqs......................: 255677  4258.032893/s
     iteration_duration.............: avg=46.95ms min=9.45ms med=35.19ms max=466.93ms p(90)=70.02ms p(95)=73.88ms
     iterations.....................: 255677  4258.032893/s
     tickets_allocated..............: 255677  4258.032893/s
     vus............................: 200     min=200       max=200 
     vus_max........................: 200     min=200       max=200 
running (1m00.0s), 000/200 VUs, 255677 complete and 0 interrupted iterations
default ✓ [ 100% ] 200 VUs  1m0s
