
         /\      Grafana   /‾‾/  
    /\  /  \     |\  __   /  /   
   /  \/    \    | |/ /  /   ‾‾\ 
  /          \   |   (  |  (‾)  |
 / __________ \  |_|\_\  \_____/ 

     execution: local
        script: loadtest/d1_strategy.js
        output: -

     scenarios: (100.00%) 1 scenario, 100 max VUs, 2m30s max duration (incl. graceful stop):
              * default: Up to 100 looping VUs for 2m0s over 3 stages (gracefulRampDown: 30s, gracefulStop: 30s)


running (0m01.0s), 001/100 VUs, 1870 complete and 0 interrupted iterations
default   [   1% ] 001/100 VUs  0m01.0s/2m00.0s

running (0m02.0s), 001/100 VUs, 3864 complete and 0 interrupted iterations
default   [   2% ] 001/100 VUs  0m02.0s/2m00.0s

running (0m03.0s), 001/100 VUs, 5839 complete and 0 interrupted iterations
default   [   2% ] 001/100 VUs  0m03.0s/2m00.0s

running (0m04.0s), 002/100 VUs, 8901 complete and 0 interrupted iterations
default   [   3% ] 002/100 VUs  0m04.0s/2m00.0s

running (0m05.0s), 002/100 VUs, 12039 complete and 0 interrupted iterations
default   [   4% ] 002/100 VUs  0m05.0s/2m00.0s

running (0m06.0s), 002/100 VUs, 15951 complete and 0 interrupted iterations
default   [   5% ] 002/100 VUs  0m06.0s/2m00.0s

running (0m07.0s), 003/100 VUs, 19869 complete and 0 interrupted iterations
default   [   6% ] 003/100 VUs  0m07.0s/2m00.0s

running (0m08.0s), 003/100 VUs, 25436 complete and 0 interrupted iterations
default   [   7% ] 003/100 VUs  0m08.0s/2m00.0s

running (0m09.0s), 003/100 VUs, 30850 complete and 0 interrupted iterations
default   [   7% ] 003/100 VUs  0m09.0s/2m00.0s

running (0m10.0s), 003/100 VUs, 36314 complete and 0 interrupted iterations
default   [   8% ] 003/100 VUs  0m10.0s/2m00.0s

running (0m11.0s), 004/100 VUs, 42628 complete and 0 interrupted iterations
default   [   9% ] 004/100 VUs  0m11.0s/2m00.0s

running (0m12.0s), 004/100 VUs, 48913 complete and 0 interrupted iterations
default   [  10% ] 004/100 VUs  0m12.0s/2m00.0s

running (0m13.0s), 004/100 VUs, 55224 complete and 0 interrupted iterations
default   [  11% ] 004/100 VUs  0m13.0s/2m00.0s

running (0m14.0s), 005/100 VUs, 60955 complete and 0 interrupted iterations
default   [  12% ] 005/100 VUs  0m14.0s/2m00.0s

running (0m15.0s), 005/100 VUs, 66913 complete and 0 interrupted iterations
default   [  12% ] 005/100 VUs  0m15.0s/2m00.0s

running (0m16.0s), 005/100 VUs, 73415 complete and 0 interrupted iterations
default   [  13% ] 005/100 VUs  0m16.0s/2m00.0s

running (0m17.0s), 006/100 VUs, 79463 complete and 0 interrupted iterations
default   [  14% ] 006/100 VUs  0m17.0s/2m00.0s

running (0m18.0s), 006/100 VUs, 85686 complete and 0 interrupted iterations
default   [  15% ] 006/100 VUs  0m18.0s/2m00.0s

running (0m19.0s), 006/100 VUs, 92080 complete and 0 interrupted iterations
default   [  16% ] 006/100 VUs  0m19.0s/2m00.0s

running (0m20.0s), 006/100 VUs, 98457 complete and 0 interrupted iterations
default   [  17% ] 006/100 VUs  0m20.0s/2m00.0s

running (0m21.0s), 007/100 VUs, 104960 complete and 0 interrupted iterations
default   [  17% ] 007/100 VUs  0m21.0s/2m00.0s

running (0m22.0s), 007/100 VUs, 111405 complete and 0 interrupted iterations
default   [  18% ] 007/100 VUs  0m22.0s/2m00.0s

running (0m23.0s), 007/100 VUs, 117566 complete and 0 interrupted iterations
default   [  19% ] 007/100 VUs  0m23.0s/2m00.0s

running (0m24.0s), 008/100 VUs, 123565 complete and 0 interrupted iterations
default   [  20% ] 008/100 VUs  0m24.0s/2m00.0s

running (0m25.0s), 008/100 VUs, 129878 complete and 0 interrupted iterations
default   [  21% ] 008/100 VUs  0m25.0s/2m00.0s

running (0m26.0s), 008/100 VUs, 136158 complete and 0 interrupted iterations
default   [  22% ] 008/100 VUs  0m26.0s/2m00.0s

running (0m27.0s), 009/100 VUs, 142207 complete and 0 interrupted iterations
default   [  22% ] 009/100 VUs  0m27.0s/2m00.0s

running (0m28.0s), 009/100 VUs, 148859 complete and 0 interrupted iterations
default   [  23% ] 009/100 VUs  0m28.0s/2m00.0s

running (0m29.0s), 009/100 VUs, 155413 complete and 0 interrupted iterations
default   [  24% ] 009/100 VUs  0m29.0s/2m00.0s

running (0m30.0s), 009/100 VUs, 161816 complete and 0 interrupted iterations
default   [  25% ] 009/100 VUs  0m30.0s/2m00.0s

running (0m31.0s), 011/100 VUs, 168358 complete and 0 interrupted iterations
default   [  26% ] 011/100 VUs  0m31.0s/2m00.0s

running (0m32.0s), 012/100 VUs, 174920 complete and 0 interrupted iterations
default   [  27% ] 012/100 VUs  0m32.0s/2m00.0s

running (0m33.0s), 014/100 VUs, 181620 complete and 0 interrupted iterations
default   [  27% ] 014/100 VUs  0m33.0s/2m00.0s

running (0m34.0s), 015/100 VUs, 188305 complete and 0 interrupted iterations
default   [  28% ] 015/100 VUs  0m34.0s/2m00.0s

running (0m35.0s), 017/100 VUs, 194852 complete and 0 interrupted iterations
default   [  29% ] 017/100 VUs  0m35.0s/2m00.0s

running (0m36.0s), 018/100 VUs, 201579 complete and 0 interrupted iterations
default   [  30% ] 018/100 VUs  0m36.0s/2m00.0s

running (0m37.0s), 020/100 VUs, 207751 complete and 0 interrupted iterations
default   [  31% ] 020/100 VUs  0m37.0s/2m00.0s

running (0m38.0s), 021/100 VUs, 214296 complete and 0 interrupted iterations
default   [  32% ] 021/100 VUs  0m38.0s/2m00.0s

running (0m39.0s), 023/100 VUs, 220828 complete and 0 interrupted iterations
default   [  32% ] 023/100 VUs  0m39.0s/2m00.0s

running (0m40.0s), 024/100 VUs, 227311 complete and 0 interrupted iterations
default   [  33% ] 024/100 VUs  0m40.0s/2m00.0s

running (0m41.0s), 026/100 VUs, 234034 complete and 0 interrupted iterations
default   [  34% ] 026/100 VUs  0m41.0s/2m00.0s

running (0m42.0s), 027/100 VUs, 240599 complete and 0 interrupted iterations
default   [  35% ] 027/100 VUs  0m42.0s/2m00.0s

running (0m43.0s), 029/100 VUs, 247197 complete and 0 interrupted iterations
default   [  36% ] 029/100 VUs  0m43.0s/2m00.0s

running (0m44.0s), 030/100 VUs, 253643 complete and 0 interrupted iterations
default   [  37% ] 030/100 VUs  0m44.0s/2m00.0s

running (0m45.0s), 032/100 VUs, 259882 complete and 0 interrupted iterations
default   [  37% ] 032/100 VUs  0m45.0s/2m00.0s

running (0m46.0s), 033/100 VUs, 266433 complete and 0 interrupted iterations
default   [  38% ] 033/100 VUs  0m46.0s/2m00.0s

running (0m47.0s), 035/100 VUs, 272950 complete and 0 interrupted iterations
default   [  39% ] 035/100 VUs  0m47.0s/2m00.0s

running (0m48.0s), 036/100 VUs, 279361 complete and 0 interrupted iterations
default   [  40% ] 036/100 VUs  0m48.0s/2m00.0s

running (0m49.0s), 038/100 VUs, 285937 complete and 0 interrupted iterations
default   [  41% ] 038/100 VUs  0m49.0s/2m00.0s

running (0m50.0s), 039/100 VUs, 292393 complete and 0 interrupted iterations
default   [  42% ] 039/100 VUs  0m50.0s/2m00.0s

running (0m51.0s), 041/100 VUs, 298898 complete and 0 interrupted iterations
default   [  42% ] 041/100 VUs  0m51.0s/2m00.0s

running (0m52.0s), 042/100 VUs, 305501 complete and 0 interrupted iterations
default   [  43% ] 042/100 VUs  0m52.0s/2m00.0s

running (0m53.0s), 044/100 VUs, 311501 complete and 0 interrupted iterations
default   [  44% ] 044/100 VUs  0m53.0s/2m00.0s

running (0m54.0s), 045/100 VUs, 317373 complete and 0 interrupted iterations
default   [  45% ] 045/100 VUs  0m54.0s/2m00.0s

running (0m55.0s), 047/100 VUs, 323685 complete and 0 interrupted iterations
default   [  46% ] 047/100 VUs  0m55.0s/2m00.0s

running (0m56.0s), 048/100 VUs, 329898 complete and 0 interrupted iterations
default   [  47% ] 048/100 VUs  0m56.0s/2m00.0s

running (0m57.0s), 050/100 VUs, 336217 complete and 0 interrupted iterations
default   [  47% ] 050/100 VUs  0m57.0s/2m00.0s

running (0m58.0s), 051/100 VUs, 342625 complete and 0 interrupted iterations
default   [  48% ] 051/100 VUs  0m58.0s/2m00.0s

running (0m59.0s), 053/100 VUs, 349151 complete and 0 interrupted iterations
default   [  49% ] 053/100 VUs  0m59.0s/2m00.0s

running (1m00.0s), 054/100 VUs, 355527 complete and 0 interrupted iterations
default   [  50% ] 054/100 VUs  1m00.0s/2m00.0s

running (1m01.0s), 056/100 VUs, 362013 complete and 0 interrupted iterations
default   [  51% ] 056/100 VUs  1m01.0s/2m00.0s

running (1m02.0s), 057/100 VUs, 368475 complete and 0 interrupted iterations
default   [  52% ] 057/100 VUs  1m02.0s/2m00.0s

running (1m03.0s), 059/100 VUs, 374974 complete and 0 interrupted iterations
default   [  52% ] 059/100 VUs  1m03.0s/2m00.0s

running (1m04.0s), 060/100 VUs, 380928 complete and 0 interrupted iterations
default   [  53% ] 060/100 VUs  1m04.0s/2m00.0s

running (1m05.0s), 062/100 VUs, 386675 complete and 0 interrupted iterations
default   [  54% ] 062/100 VUs  1m05.0s/2m00.0s

running (1m06.0s), 063/100 VUs, 392971 complete and 0 interrupted iterations
default   [  55% ] 063/100 VUs  1m06.0s/2m00.0s

running (1m07.0s), 065/100 VUs, 399038 complete and 0 interrupted iterations
default   [  56% ] 065/100 VUs  1m07.0s/2m00.0s

running (1m08.0s), 066/100 VUs, 405031 complete and 0 interrupted iterations
default   [  57% ] 066/100 VUs  1m08.0s/2m00.0s

running (1m09.0s), 068/100 VUs, 411209 complete and 0 interrupted iterations
default   [  57% ] 068/100 VUs  1m09.0s/2m00.0s

running (1m10.0s), 069/100 VUs, 417256 complete and 0 interrupted iterations
default   [  58% ] 069/100 VUs  1m10.0s/2m00.0s

running (1m11.0s), 071/100 VUs, 423524 complete and 0 interrupted iterations
default   [  59% ] 071/100 VUs  1m11.0s/2m00.0s

running (1m12.0s), 072/100 VUs, 429805 complete and 0 interrupted iterations
default   [  60% ] 072/100 VUs  1m12.0s/2m00.0s

running (1m13.0s), 074/100 VUs, 436176 complete and 0 interrupted iterations
default   [  61% ] 074/100 VUs  1m13.0s/2m00.0s

running (1m14.0s), 075/100 VUs, 442211 complete and 0 interrupted iterations
default   [  62% ] 075/100 VUs  1m14.0s/2m00.0s

running (1m15.0s), 077/100 VUs, 448381 complete and 0 interrupted iterations
default   [  62% ] 077/100 VUs  1m15.0s/2m00.0s

running (1m16.0s), 078/100 VUs, 454498 complete and 0 interrupted iterations
default   [  63% ] 078/100 VUs  1m16.0s/2m00.0s

running (1m17.0s), 080/100 VUs, 460702 complete and 0 interrupted iterations
default   [  64% ] 080/100 VUs  1m17.0s/2m00.0s

running (1m18.0s), 081/100 VUs, 466928 complete and 0 interrupted iterations
default   [  65% ] 081/100 VUs  1m18.0s/2m00.0s

running (1m19.0s), 083/100 VUs, 473294 complete and 0 interrupted iterations
default   [  66% ] 083/100 VUs  1m19.0s/2m00.0s

running (1m20.0s), 084/100 VUs, 479711 complete and 0 interrupted iterations
default   [  67% ] 084/100 VUs  1m20.0s/2m00.0s

running (1m21.0s), 086/100 VUs, 485964 complete and 0 interrupted iterations
default   [  67% ] 086/100 VUs  1m21.0s/2m00.0s

running (1m22.0s), 087/100 VUs, 492360 complete and 0 interrupted iterations
default   [  68% ] 087/100 VUs  1m22.0s/2m00.0s

running (1m23.0s), 089/100 VUs, 498140 complete and 0 interrupted iterations
default   [  69% ] 089/100 VUs  1m23.0s/2m00.0s

running (1m24.0s), 090/100 VUs, 503974 complete and 0 interrupted iterations
default   [  70% ] 090/100 VUs  1m24.0s/2m00.0s

running (1m25.0s), 092/100 VUs, 509951 complete and 0 interrupted iterations
default   [  71% ] 092/100 VUs  1m25.0s/2m00.0s

running (1m26.0s), 093/100 VUs, 515855 complete and 0 interrupted iterations
default   [  72% ] 093/100 VUs  1m26.0s/2m00.0s

running (1m27.0s), 095/100 VUs, 521914 complete and 0 interrupted iterations
default   [  72% ] 095/100 VUs  1m27.0s/2m00.0s

running (1m28.0s), 096/100 VUs, 528192 complete and 0 interrupted iterations
default   [  73% ] 096/100 VUs  1m28.0s/2m00.0s

running (1m29.0s), 098/100 VUs, 534323 complete and 0 interrupted iterations
default   [  74% ] 098/100 VUs  1m29.0s/2m00.0s

running (1m30.0s), 099/100 VUs, 540637 complete and 0 interrupted iterations
default   [  75% ] 099/100 VUs  1m30.0s/2m00.0s

running (1m31.0s), 100/100 VUs, 546838 complete and 0 interrupted iterations
default   [  76% ] 100/100 VUs  1m31.0s/2m00.0s

running (1m32.0s), 100/100 VUs, 553333 complete and 0 interrupted iterations
default   [  77% ] 100/100 VUs  1m32.0s/2m00.0s

running (1m33.0s), 100/100 VUs, 559675 complete and 0 interrupted iterations
default   [  77% ] 100/100 VUs  1m33.0s/2m00.0s

running (1m34.0s), 100/100 VUs, 565953 complete and 0 interrupted iterations
default   [  78% ] 100/100 VUs  1m34.0s/2m00.0s

running (1m35.0s), 100/100 VUs, 572162 complete and 0 interrupted iterations
default   [  79% ] 100/100 VUs  1m35.0s/2m00.0s

running (1m36.0s), 100/100 VUs, 578570 complete and 0 interrupted iterations
default   [  80% ] 100/100 VUs  1m36.0s/2m00.0s

running (1m37.0s), 100/100 VUs, 584571 complete and 0 interrupted iterations
default   [  81% ] 100/100 VUs  1m37.0s/2m00.0s

running (1m38.0s), 100/100 VUs, 591014 complete and 0 interrupted iterations
default   [  82% ] 100/100 VUs  1m38.0s/2m00.0s

running (1m39.0s), 100/100 VUs, 597272 complete and 0 interrupted iterations
default   [  82% ] 100/100 VUs  1m39.0s/2m00.0s

running (1m40.0s), 100/100 VUs, 603731 complete and 0 interrupted iterations
default   [  83% ] 100/100 VUs  1m40.0s/2m00.0s

running (1m41.0s), 100/100 VUs, 610124 complete and 0 interrupted iterations
default   [  84% ] 100/100 VUs  1m41.0s/2m00.0s

running (1m42.0s), 100/100 VUs, 616589 complete and 0 interrupted iterations
default   [  85% ] 100/100 VUs  1m42.0s/2m00.0s

running (1m43.0s), 100/100 VUs, 622871 complete and 0 interrupted iterations
default   [  86% ] 100/100 VUs  1m43.0s/2m00.0s

running (1m44.0s), 100/100 VUs, 629146 complete and 0 interrupted iterations
default   [  87% ] 100/100 VUs  1m44.0s/2m00.0s

running (1m45.0s), 100/100 VUs, 634611 complete and 0 interrupted iterations
default   [  87% ] 100/100 VUs  1m45.0s/2m00.0s

running (1m46.0s), 100/100 VUs, 640647 complete and 0 interrupted iterations
default   [  88% ] 100/100 VUs  1m46.0s/2m00.0s

running (1m47.0s), 100/100 VUs, 646766 complete and 0 interrupted iterations
default   [  89% ] 100/100 VUs  1m47.0s/2m00.0s

running (1m48.0s), 100/100 VUs, 652871 complete and 0 interrupted iterations
default   [  90% ] 100/100 VUs  1m48.0s/2m00.0s

running (1m49.0s), 100/100 VUs, 659254 complete and 0 interrupted iterations
default   [  91% ] 100/100 VUs  1m49.0s/2m00.0s

running (1m50.0s), 100/100 VUs, 665474 complete and 0 interrupted iterations
default   [  92% ] 100/100 VUs  1m50.0s/2m00.0s

running (1m51.0s), 100/100 VUs, 671884 complete and 0 interrupted iterations
default   [  92% ] 100/100 VUs  1m51.0s/2m00.0s

running (1m52.0s), 100/100 VUs, 678143 complete and 0 interrupted iterations
default   [  93% ] 100/100 VUs  1m52.0s/2m00.0s

running (1m53.0s), 100/100 VUs, 684130 complete and 0 interrupted iterations
default   [  94% ] 100/100 VUs  1m53.0s/2m00.0s

running (1m54.0s), 100/100 VUs, 689840 complete and 0 interrupted iterations
default   [  95% ] 100/100 VUs  1m54.0s/2m00.0s

running (1m55.0s), 100/100 VUs, 695727 complete and 0 interrupted iterations
default   [  96% ] 100/100 VUs  1m55.0s/2m00.0s

running (1m56.0s), 100/100 VUs, 701923 complete and 0 interrupted iterations
default   [  97% ] 100/100 VUs  1m56.0s/2m00.0s

running (1m57.0s), 100/100 VUs, 707585 complete and 0 interrupted iterations
default   [  97% ] 100/100 VUs  1m57.0s/2m00.0s

running (1m58.0s), 100/100 VUs, 713335 complete and 0 interrupted iterations
default   [  98% ] 100/100 VUs  1m58.0s/2m00.0s

running (1m59.0s), 100/100 VUs, 719419 complete and 0 interrupted iterations
default   [  99% ] 100/100 VUs  1m59.0s/2m00.0s

running (2m00.0s), 100/100 VUs, 725652 complete and 0 interrupted iterations
default   [ 100% ] 100/100 VUs  2m00.0s/2m00.0s
time="2026-09-04T23:37:59+07:00" level=info msg="[k6-reporter v3.0.4] Generating HTML summary report, with theme: default" source=console
     ✓ status 200

     checks.........................: 100.00% ✓ 725876      ✗ 0     
     data_received..................: 526 MB  4.4 MB/s
     data_sent......................: 119 MB  992 kB/s
     http_req_blocked...............: avg=754ns  min=0s      med=1µs    max=1.94ms  p(90)=1µs     p(95)=1µs    
     http_req_connecting............: avg=25ns   min=0s      med=0s     max=1.89ms  p(90)=0s      p(95)=0s     
   ✓ http_req_duration..............: avg=8.81ms min=267µs   med=4.99ms max=86.94ms p(90)=31.11ms p(95)=33.68ms
     ✓ { class:w0 }.................: avg=8.71ms min=267µs   med=4.91ms max=86.9ms  p(90)=31.03ms p(95)=33.62ms
     ✓ { class:w3lead }.............: avg=8.86ms min=301µs   med=5.04ms max=86.72ms p(90)=31.14ms p(95)=33.67ms
     ✓ { class:w3scatter }..........: avg=8.84ms min=292µs   med=5.02ms max=86.94ms p(90)=31.16ms p(95)=33.73ms
       { expected_response:true }...: avg=8.81ms min=267µs   med=4.99ms max=86.94ms p(90)=31.11ms p(95)=33.68ms
   ✓ http_req_failed................: 0.00%   ✓ 0           ✗ 725876
     http_req_receiving.............: avg=9.16µs min=2µs     med=7µs    max=3.65ms  p(90)=12µs    p(95)=18µs   
     http_req_sending...............: avg=2.97µs min=1µs     med=2µs    max=4.3ms   p(90)=5µs     p(95)=6µs    
     http_req_tls_handshaking.......: avg=0s     min=0s      med=0s     max=0s      p(90)=0s      p(95)=0s     
     http_req_waiting...............: avg=8.8ms  min=257µs   med=4.98ms max=86.92ms p(90)=31.09ms p(95)=33.66ms
     http_reqs......................: 725876  6047.267082/s
     iteration_duration.............: avg=8.84ms min=289.2µs med=5.02ms max=87ms    p(90)=31.14ms p(95)=33.71ms
     iterations.....................: 725876  6047.267082/s
     vus............................: 100     min=1         max=100 
     vus_max........................: 100     min=100       max=100 
running (2m00.0s), 000/100 VUs, 725876 complete and 0 interrupted iterations
default ✓ [ 100% ] 000/100 VUs  2m0s
