
         /\      Grafana   /‾‾/  
    /\  /  \     |\  __   /  /   
   /  \/    \    | |/ /  /   ‾‾\ 
  /          \   |   (  |  (‾)  |
 / __________ \  |_|\_\  \_____/ 

     execution: local
        script: loadtest/d1_strategy.js
        output: -

     scenarios: (100.00%) 1 scenario, 100 max VUs, 2m30s max duration (incl. graceful stop):
              * default: Up to 100 looping VUs for 2m0s over 3 stages (gracefulRampDown: 30s, gracefulStop: 30s)


running (0m01.0s), 001/100 VUs, 1333 complete and 0 interrupted iterations
default   [   1% ] 001/100 VUs  0m01.0s/2m00.0s

running (0m02.0s), 001/100 VUs, 2602 complete and 0 interrupted iterations
default   [   2% ] 001/100 VUs  0m02.0s/2m00.0s

running (0m03.0s), 001/100 VUs, 3429 complete and 0 interrupted iterations
default   [   2% ] 001/100 VUs  0m03.0s/2m00.0s

running (0m04.0s), 002/100 VUs, 5516 complete and 0 interrupted iterations
default   [   3% ] 002/100 VUs  0m04.0s/2m00.0s

running (0m05.0s), 002/100 VUs, 8087 complete and 0 interrupted iterations
default   [   4% ] 002/100 VUs  0m05.0s/2m00.0s

running (0m06.0s), 002/100 VUs, 10781 complete and 0 interrupted iterations
default   [   5% ] 002/100 VUs  0m06.0s/2m00.0s

running (0m07.0s), 003/100 VUs, 13856 complete and 0 interrupted iterations
default   [   6% ] 003/100 VUs  0m07.0s/2m00.0s

running (0m08.0s), 003/100 VUs, 17628 complete and 0 interrupted iterations
default   [   7% ] 003/100 VUs  0m08.0s/2m00.0s

running (0m09.0s), 003/100 VUs, 21471 complete and 0 interrupted iterations
default   [   7% ] 003/100 VUs  0m09.0s/2m00.0s

running (0m10.0s), 003/100 VUs, 25279 complete and 0 interrupted iterations
default   [   8% ] 003/100 VUs  0m10.0s/2m00.0s

running (0m11.0s), 004/100 VUs, 29966 complete and 0 interrupted iterations
default   [   9% ] 004/100 VUs  0m11.0s/2m00.0s

running (0m12.0s), 004/100 VUs, 34660 complete and 0 interrupted iterations
default   [  10% ] 004/100 VUs  0m12.0s/2m00.0s

running (0m13.0s), 004/100 VUs, 39303 complete and 0 interrupted iterations
default   [  11% ] 004/100 VUs  0m13.0s/2m00.0s

running (0m14.0s), 005/100 VUs, 44206 complete and 0 interrupted iterations
default   [  12% ] 005/100 VUs  0m14.0s/2m00.0s

running (0m15.0s), 005/100 VUs, 49184 complete and 0 interrupted iterations
default   [  12% ] 005/100 VUs  0m15.0s/2m00.0s

running (0m16.0s), 005/100 VUs, 54188 complete and 0 interrupted iterations
default   [  13% ] 005/100 VUs  0m16.0s/2m00.0s

running (0m17.0s), 006/100 VUs, 59161 complete and 0 interrupted iterations
default   [  14% ] 006/100 VUs  0m17.0s/2m00.0s

running (0m18.0s), 006/100 VUs, 64264 complete and 0 interrupted iterations
default   [  15% ] 006/100 VUs  0m18.0s/2m00.0s

running (0m19.0s), 006/100 VUs, 69317 complete and 0 interrupted iterations
default   [  16% ] 006/100 VUs  0m19.0s/2m00.0s

running (0m20.0s), 006/100 VUs, 74420 complete and 0 interrupted iterations
default   [  17% ] 006/100 VUs  0m20.0s/2m00.0s

running (0m21.0s), 007/100 VUs, 79542 complete and 0 interrupted iterations
default   [  17% ] 007/100 VUs  0m21.0s/2m00.0s

running (0m22.0s), 007/100 VUs, 84360 complete and 0 interrupted iterations
default   [  18% ] 007/100 VUs  0m22.0s/2m00.0s

running (0m23.0s), 007/100 VUs, 89349 complete and 0 interrupted iterations
default   [  19% ] 007/100 VUs  0m23.0s/2m00.0s

running (0m24.0s), 008/100 VUs, 94585 complete and 0 interrupted iterations
default   [  20% ] 008/100 VUs  0m24.0s/2m00.0s

running (0m25.0s), 008/100 VUs, 99635 complete and 0 interrupted iterations
default   [  21% ] 008/100 VUs  0m25.0s/2m00.0s

running (0m26.0s), 008/100 VUs, 105009 complete and 0 interrupted iterations
default   [  22% ] 008/100 VUs  0m26.0s/2m00.0s

running (0m27.0s), 009/100 VUs, 110097 complete and 0 interrupted iterations
default   [  22% ] 009/100 VUs  0m27.0s/2m00.0s

running (0m28.0s), 009/100 VUs, 115466 complete and 0 interrupted iterations
default   [  23% ] 009/100 VUs  0m28.0s/2m00.0s

running (0m29.0s), 009/100 VUs, 120776 complete and 0 interrupted iterations
default   [  24% ] 009/100 VUs  0m29.0s/2m00.0s

running (0m30.0s), 009/100 VUs, 126189 complete and 0 interrupted iterations
default   [  25% ] 009/100 VUs  0m30.0s/2m00.0s

running (0m31.0s), 011/100 VUs, 131366 complete and 0 interrupted iterations
default   [  26% ] 011/100 VUs  0m31.0s/2m00.0s

running (0m32.0s), 012/100 VUs, 136646 complete and 0 interrupted iterations
default   [  27% ] 012/100 VUs  0m32.0s/2m00.0s

running (0m33.0s), 014/100 VUs, 141603 complete and 0 interrupted iterations
default   [  27% ] 014/100 VUs  0m33.0s/2m00.0s

running (0m34.0s), 015/100 VUs, 146790 complete and 0 interrupted iterations
default   [  28% ] 015/100 VUs  0m34.0s/2m00.0s

running (0m35.0s), 017/100 VUs, 151870 complete and 0 interrupted iterations
default   [  29% ] 017/100 VUs  0m35.0s/2m00.0s

running (0m36.0s), 018/100 VUs, 157041 complete and 0 interrupted iterations
default   [  30% ] 018/100 VUs  0m36.0s/2m00.0s

running (0m37.0s), 020/100 VUs, 162092 complete and 0 interrupted iterations
default   [  31% ] 020/100 VUs  0m37.0s/2m00.0s

running (0m38.0s), 021/100 VUs, 167184 complete and 0 interrupted iterations
default   [  32% ] 021/100 VUs  0m38.0s/2m00.0s

running (0m39.0s), 023/100 VUs, 172263 complete and 0 interrupted iterations
default   [  32% ] 023/100 VUs  0m39.0s/2m00.0s

running (0m40.0s), 024/100 VUs, 177427 complete and 0 interrupted iterations
default   [  33% ] 024/100 VUs  0m40.0s/2m00.0s

running (0m41.0s), 026/100 VUs, 182578 complete and 0 interrupted iterations
default   [  34% ] 026/100 VUs  0m41.0s/2m00.0s

running (0m42.0s), 027/100 VUs, 187730 complete and 0 interrupted iterations
default   [  35% ] 027/100 VUs  0m42.0s/2m00.0s

running (0m43.0s), 029/100 VUs, 192651 complete and 0 interrupted iterations
default   [  36% ] 029/100 VUs  0m43.0s/2m00.0s

running (0m44.0s), 030/100 VUs, 197903 complete and 0 interrupted iterations
default   [  37% ] 030/100 VUs  0m44.0s/2m00.0s

running (0m45.0s), 032/100 VUs, 203137 complete and 0 interrupted iterations
default   [  37% ] 032/100 VUs  0m45.0s/2m00.0s

running (0m46.0s), 033/100 VUs, 208338 complete and 0 interrupted iterations
default   [  38% ] 033/100 VUs  0m46.0s/2m00.0s

running (0m47.0s), 035/100 VUs, 213616 complete and 0 interrupted iterations
default   [  39% ] 035/100 VUs  0m47.0s/2m00.0s

running (0m48.0s), 036/100 VUs, 218787 complete and 0 interrupted iterations
default   [  40% ] 036/100 VUs  0m48.0s/2m00.0s

running (0m49.0s), 038/100 VUs, 223503 complete and 0 interrupted iterations
default   [  41% ] 038/100 VUs  0m49.0s/2m00.0s

running (0m50.0s), 039/100 VUs, 228653 complete and 0 interrupted iterations
default   [  42% ] 039/100 VUs  0m50.0s/2m00.0s

running (0m51.0s), 041/100 VUs, 233818 complete and 0 interrupted iterations
default   [  42% ] 041/100 VUs  0m51.0s/2m00.0s

running (0m52.0s), 042/100 VUs, 238899 complete and 0 interrupted iterations
default   [  43% ] 042/100 VUs  0m52.0s/2m00.0s

running (0m53.0s), 044/100 VUs, 243777 complete and 0 interrupted iterations
default   [  44% ] 044/100 VUs  0m53.0s/2m00.0s

running (0m54.0s), 045/100 VUs, 248944 complete and 0 interrupted iterations
default   [  45% ] 045/100 VUs  0m54.0s/2m00.0s

running (0m55.0s), 047/100 VUs, 253986 complete and 0 interrupted iterations
default   [  46% ] 047/100 VUs  0m55.0s/2m00.0s

running (0m56.0s), 048/100 VUs, 259078 complete and 0 interrupted iterations
default   [  47% ] 048/100 VUs  0m56.0s/2m00.0s

running (0m57.0s), 050/100 VUs, 264183 complete and 0 interrupted iterations
default   [  47% ] 050/100 VUs  0m57.0s/2m00.0s

running (0m58.0s), 051/100 VUs, 269237 complete and 0 interrupted iterations
default   [  48% ] 051/100 VUs  0m58.0s/2m00.0s

running (0m59.0s), 053/100 VUs, 274327 complete and 0 interrupted iterations
default   [  49% ] 053/100 VUs  0m59.0s/2m00.0s

running (1m00.0s), 054/100 VUs, 279431 complete and 0 interrupted iterations
default   [  50% ] 054/100 VUs  1m00.0s/2m00.0s

running (1m01.0s), 056/100 VUs, 284524 complete and 0 interrupted iterations
default   [  51% ] 056/100 VUs  1m01.0s/2m00.0s

running (1m02.0s), 057/100 VUs, 289647 complete and 0 interrupted iterations
default   [  52% ] 057/100 VUs  1m02.0s/2m00.0s

running (1m03.0s), 059/100 VUs, 294525 complete and 0 interrupted iterations
default   [  52% ] 059/100 VUs  1m03.0s/2m00.0s

running (1m04.0s), 060/100 VUs, 299590 complete and 0 interrupted iterations
default   [  53% ] 060/100 VUs  1m04.0s/2m00.0s

running (1m05.0s), 062/100 VUs, 304779 complete and 0 interrupted iterations
default   [  54% ] 062/100 VUs  1m05.0s/2m00.0s

running (1m06.0s), 063/100 VUs, 309715 complete and 0 interrupted iterations
default   [  55% ] 063/100 VUs  1m06.0s/2m00.0s

running (1m07.0s), 065/100 VUs, 314915 complete and 0 interrupted iterations
default   [  56% ] 065/100 VUs  1m07.0s/2m00.0s

running (1m08.0s), 066/100 VUs, 319984 complete and 0 interrupted iterations
default   [  57% ] 066/100 VUs  1m08.0s/2m00.0s

running (1m09.0s), 068/100 VUs, 325193 complete and 0 interrupted iterations
default   [  57% ] 068/100 VUs  1m09.0s/2m00.0s

running (1m10.0s), 069/100 VUs, 330212 complete and 0 interrupted iterations
default   [  58% ] 069/100 VUs  1m10.0s/2m00.0s

running (1m11.0s), 071/100 VUs, 335194 complete and 0 interrupted iterations
default   [  59% ] 071/100 VUs  1m11.0s/2m00.0s

running (1m12.0s), 072/100 VUs, 340296 complete and 0 interrupted iterations
default   [  60% ] 072/100 VUs  1m12.0s/2m00.0s

running (1m13.0s), 074/100 VUs, 345219 complete and 0 interrupted iterations
default   [  61% ] 074/100 VUs  1m13.0s/2m00.0s

running (1m14.0s), 075/100 VUs, 350327 complete and 0 interrupted iterations
default   [  62% ] 075/100 VUs  1m14.0s/2m00.0s

running (1m15.0s), 077/100 VUs, 355412 complete and 0 interrupted iterations
default   [  62% ] 077/100 VUs  1m15.0s/2m00.0s

running (1m16.0s), 078/100 VUs, 360486 complete and 0 interrupted iterations
default   [  63% ] 078/100 VUs  1m16.0s/2m00.0s

running (1m17.0s), 080/100 VUs, 365653 complete and 0 interrupted iterations
default   [  64% ] 080/100 VUs  1m17.0s/2m00.0s

running (1m18.0s), 081/100 VUs, 370792 complete and 0 interrupted iterations
default   [  65% ] 081/100 VUs  1m18.0s/2m00.0s

running (1m19.0s), 083/100 VUs, 375779 complete and 0 interrupted iterations
default   [  66% ] 083/100 VUs  1m19.0s/2m00.0s

running (1m20.0s), 084/100 VUs, 381011 complete and 0 interrupted iterations
default   [  67% ] 084/100 VUs  1m20.0s/2m00.0s

running (1m21.0s), 086/100 VUs, 386077 complete and 0 interrupted iterations
default   [  67% ] 086/100 VUs  1m21.0s/2m00.0s

running (1m22.0s), 087/100 VUs, 391107 complete and 0 interrupted iterations
default   [  68% ] 087/100 VUs  1m22.0s/2m00.0s

running (1m23.0s), 089/100 VUs, 396123 complete and 0 interrupted iterations
default   [  69% ] 089/100 VUs  1m23.0s/2m00.0s

running (1m24.0s), 090/100 VUs, 401157 complete and 0 interrupted iterations
default   [  70% ] 090/100 VUs  1m24.0s/2m00.0s

running (1m25.0s), 092/100 VUs, 406257 complete and 0 interrupted iterations
default   [  71% ] 092/100 VUs  1m25.0s/2m00.0s

running (1m26.0s), 093/100 VUs, 411332 complete and 0 interrupted iterations
default   [  72% ] 093/100 VUs  1m26.0s/2m00.0s

running (1m27.0s), 095/100 VUs, 416382 complete and 0 interrupted iterations
default   [  72% ] 095/100 VUs  1m27.0s/2m00.0s

running (1m28.0s), 096/100 VUs, 421481 complete and 0 interrupted iterations
default   [  73% ] 096/100 VUs  1m28.0s/2m00.0s

running (1m29.0s), 098/100 VUs, 426652 complete and 0 interrupted iterations
default   [  74% ] 098/100 VUs  1m29.0s/2m00.0s

running (1m30.0s), 099/100 VUs, 431768 complete and 0 interrupted iterations
default   [  75% ] 099/100 VUs  1m30.0s/2m00.0s

running (1m31.0s), 100/100 VUs, 436790 complete and 0 interrupted iterations
default   [  76% ] 100/100 VUs  1m31.0s/2m00.0s

running (1m32.0s), 100/100 VUs, 441982 complete and 0 interrupted iterations
default   [  77% ] 100/100 VUs  1m32.0s/2m00.0s

running (1m33.0s), 100/100 VUs, 446892 complete and 0 interrupted iterations
default   [  77% ] 100/100 VUs  1m33.0s/2m00.0s

running (1m34.0s), 100/100 VUs, 451892 complete and 0 interrupted iterations
default   [  78% ] 100/100 VUs  1m34.0s/2m00.0s

running (1m35.0s), 100/100 VUs, 457028 complete and 0 interrupted iterations
default   [  79% ] 100/100 VUs  1m35.0s/2m00.0s

running (1m36.0s), 100/100 VUs, 462145 complete and 0 interrupted iterations
default   [  80% ] 100/100 VUs  1m36.0s/2m00.0s

running (1m37.0s), 100/100 VUs, 467307 complete and 0 interrupted iterations
default   [  81% ] 100/100 VUs  1m37.0s/2m00.0s

running (1m38.0s), 100/100 VUs, 472429 complete and 0 interrupted iterations
default   [  82% ] 100/100 VUs  1m38.0s/2m00.0s

running (1m39.0s), 100/100 VUs, 477485 complete and 0 interrupted iterations
default   [  82% ] 100/100 VUs  1m39.0s/2m00.0s

running (1m40.0s), 100/100 VUs, 482504 complete and 0 interrupted iterations
default   [  83% ] 100/100 VUs  1m40.0s/2m00.0s

running (1m41.0s), 100/100 VUs, 487544 complete and 0 interrupted iterations
default   [  84% ] 100/100 VUs  1m41.0s/2m00.0s

running (1m42.0s), 100/100 VUs, 492462 complete and 0 interrupted iterations
default   [  85% ] 100/100 VUs  1m42.0s/2m00.0s

running (1m43.0s), 100/100 VUs, 497515 complete and 0 interrupted iterations
default   [  86% ] 100/100 VUs  1m43.0s/2m00.0s

running (1m44.0s), 100/100 VUs, 502592 complete and 0 interrupted iterations
default   [  87% ] 100/100 VUs  1m44.0s/2m00.0s

running (1m45.0s), 100/100 VUs, 507769 complete and 0 interrupted iterations
default   [  87% ] 100/100 VUs  1m45.0s/2m00.0s

running (1m46.0s), 100/100 VUs, 512640 complete and 0 interrupted iterations
default   [  88% ] 100/100 VUs  1m46.0s/2m00.0s

running (1m47.0s), 100/100 VUs, 517727 complete and 0 interrupted iterations
default   [  89% ] 100/100 VUs  1m47.0s/2m00.0s

running (1m48.0s), 100/100 VUs, 522885 complete and 0 interrupted iterations
default   [  90% ] 100/100 VUs  1m48.0s/2m00.0s

running (1m49.0s), 100/100 VUs, 527948 complete and 0 interrupted iterations
default   [  91% ] 100/100 VUs  1m49.0s/2m00.0s

running (1m50.0s), 100/100 VUs, 533112 complete and 0 interrupted iterations
default   [  92% ] 100/100 VUs  1m50.0s/2m00.0s

running (1m51.0s), 100/100 VUs, 538188 complete and 0 interrupted iterations
default   [  92% ] 100/100 VUs  1m51.0s/2m00.0s

running (1m52.0s), 100/100 VUs, 543216 complete and 0 interrupted iterations
default   [  93% ] 100/100 VUs  1m52.0s/2m00.0s

running (1m53.0s), 100/100 VUs, 548209 complete and 0 interrupted iterations
default   [  94% ] 100/100 VUs  1m53.0s/2m00.0s

running (1m54.0s), 100/100 VUs, 553283 complete and 0 interrupted iterations
default   [  95% ] 100/100 VUs  1m54.0s/2m00.0s

running (1m55.0s), 100/100 VUs, 558206 complete and 0 interrupted iterations
default   [  96% ] 100/100 VUs  1m55.0s/2m00.0s

running (1m56.0s), 100/100 VUs, 563161 complete and 0 interrupted iterations
default   [  97% ] 100/100 VUs  1m56.0s/2m00.0s

running (1m57.0s), 100/100 VUs, 568251 complete and 0 interrupted iterations
default   [  97% ] 100/100 VUs  1m57.0s/2m00.0s

running (1m58.0s), 100/100 VUs, 573300 complete and 0 interrupted iterations
default   [  98% ] 100/100 VUs  1m58.0s/2m00.0s

running (1m59.0s), 100/100 VUs, 578083 complete and 0 interrupted iterations
default   [  99% ] 100/100 VUs  1m59.0s/2m00.0s

running (2m00.0s), 100/100 VUs, 582789 complete and 0 interrupted iterations
default   [ 100% ] 100/100 VUs  2m00.0s/2m00.0s
time="2026-09-05T02:02:59+07:00" level=info msg="[k6-reporter v3.0.4] Generating HTML summary report, with theme: default" source=console
     ✓ status 200

     checks.........................: 100.00% ✓ 582892      ✗ 0     
     data_received..................: 423 MB  3.5 MB/s
     data_sent......................: 96 MB   797 kB/s
     http_req_blocked...............: avg=755ns   min=0s       med=1µs    max=1.64ms   p(90)=1µs     p(95)=1µs    
     http_req_connecting............: avg=28ns    min=0s       med=0s     max=258µs    p(90)=0s      p(95)=0s     
   ✓ http_req_duration..............: avg=10.98ms min=332µs    med=6.52ms max=153.29ms p(90)=38.7ms  p(95)=48.44ms
     ✓ { class:w0 }.................: avg=10.98ms min=332µs    med=6.54ms max=153.29ms p(90)=38.74ms p(95)=48.38ms
     ✓ { class:w3lead }.............: avg=10.95ms min=357µs    med=6.49ms max=152.5ms  p(90)=38.58ms p(95)=48.39ms
     ✓ { class:w3scatter }..........: avg=11.01ms min=389µs    med=6.53ms max=78.73ms  p(90)=38.8ms  p(95)=48.55ms
       { expected_response:true }...: avg=10.98ms min=332µs    med=6.52ms max=153.29ms p(90)=38.7ms  p(95)=48.44ms
   ✓ http_req_failed................: 0.00%   ✓ 0           ✗ 582892
     http_req_receiving.............: avg=9.75µs  min=3µs      med=8µs    max=5.94ms   p(90)=13µs    p(95)=22µs   
     http_req_sending...............: avg=3.05µs  min=1µs      med=2µs    max=3.59ms   p(90)=5µs     p(95)=6µs    
     http_req_tls_handshaking.......: avg=0s      min=0s       med=0s     max=0s       p(90)=0s      p(95)=0s     
     http_req_waiting...............: avg=10.96ms min=321µs    med=6.51ms max=153.22ms p(90)=38.69ms p(95)=48.43ms
     http_reqs......................: 582892  4856.498296/s
     iteration_duration.............: avg=11.01ms min=351.79µs med=6.55ms max=153.43ms p(90)=38.73ms p(95)=48.47ms
     iterations.....................: 582892  4856.498296/s
     vus............................: 100     min=1         max=100 
     vus_max........................: 100     min=100       max=100 
running (2m00.0s), 000/100 VUs, 582892 complete and 0 interrupted iterations
default ✓ [ 100% ] 000/100 VUs  2m0s
