
         /\      Grafana   /‾‾/  
    /\  /  \     |\  __   /  /   
   /  \/    \    | |/ /  /   ‾‾\ 
  /          \   |   (  |  (‾)  |
 / __________ \  |_|\_\  \_____/ 

     execution: local
        script: loadtest/s1_latency.js
        output: -

     scenarios: (100.00%) 1 scenario, 100 max VUs, 2m30s max duration (incl. graceful stop):
              * default: Up to 100 looping VUs for 2m0s over 3 stages (gracefulRampDown: 30s, gracefulStop: 30s)


running (0m01.0s), 001/100 VUs, 418 complete and 0 interrupted iterations
default   [   1% ] 001/100 VUs  0m01.0s/2m00.0s

running (0m02.0s), 001/100 VUs, 860 complete and 0 interrupted iterations
default   [   2% ] 001/100 VUs  0m02.0s/2m00.0s

running (0m03.0s), 001/100 VUs, 1280 complete and 0 interrupted iterations
default   [   2% ] 001/100 VUs  0m03.0s/2m00.0s

running (0m04.0s), 002/100 VUs, 2053 complete and 0 interrupted iterations
default   [   3% ] 002/100 VUs  0m04.0s/2m00.0s

running (0m05.0s), 002/100 VUs, 2992 complete and 0 interrupted iterations
default   [   4% ] 002/100 VUs  0m05.0s/2m00.0s

running (0m06.0s), 002/100 VUs, 3877 complete and 0 interrupted iterations
default   [   5% ] 002/100 VUs  0m06.0s/2m00.0s

running (0m07.0s), 003/100 VUs, 4869 complete and 0 interrupted iterations
default   [   6% ] 003/100 VUs  0m07.0s/2m00.0s

running (0m08.0s), 003/100 VUs, 6038 complete and 0 interrupted iterations
default   [   7% ] 003/100 VUs  0m08.0s/2m00.0s

running (0m09.0s), 003/100 VUs, 7119 complete and 0 interrupted iterations
default   [   7% ] 003/100 VUs  0m09.0s/2m00.0s

running (0m10.0s), 003/100 VUs, 8389 complete and 0 interrupted iterations
default   [   8% ] 003/100 VUs  0m10.0s/2m00.0s

running (0m11.0s), 004/100 VUs, 9657 complete and 0 interrupted iterations
default   [   9% ] 004/100 VUs  0m11.0s/2m00.0s

running (0m12.0s), 004/100 VUs, 10809 complete and 0 interrupted iterations
default   [  10% ] 004/100 VUs  0m12.0s/2m00.0s

running (0m13.0s), 004/100 VUs, 12037 complete and 0 interrupted iterations
default   [  11% ] 004/100 VUs  0m13.0s/2m00.0s

running (0m14.0s), 005/100 VUs, 13224 complete and 0 interrupted iterations
default   [  12% ] 005/100 VUs  0m14.0s/2m00.0s

running (0m15.0s), 005/100 VUs, 14397 complete and 0 interrupted iterations
default   [  12% ] 005/100 VUs  0m15.0s/2m00.0s

running (0m16.0s), 005/100 VUs, 15553 complete and 0 interrupted iterations
default   [  13% ] 005/100 VUs  0m16.0s/2m00.0s

running (0m17.0s), 006/100 VUs, 16697 complete and 0 interrupted iterations
default   [  14% ] 006/100 VUs  0m17.0s/2m00.0s

running (0m18.0s), 006/100 VUs, 17843 complete and 0 interrupted iterations
default   [  15% ] 006/100 VUs  0m18.0s/2m00.0s

running (0m19.0s), 006/100 VUs, 19025 complete and 0 interrupted iterations
default   [  16% ] 006/100 VUs  0m19.0s/2m00.0s

running (0m20.0s), 006/100 VUs, 20155 complete and 0 interrupted iterations
default   [  17% ] 006/100 VUs  0m20.0s/2m00.0s

running (0m21.0s), 007/100 VUs, 21297 complete and 0 interrupted iterations
default   [  17% ] 007/100 VUs  0m21.0s/2m00.0s

running (0m22.0s), 007/100 VUs, 22418 complete and 0 interrupted iterations
default   [  18% ] 007/100 VUs  0m22.0s/2m00.0s

running (0m23.0s), 007/100 VUs, 23551 complete and 0 interrupted iterations
default   [  19% ] 007/100 VUs  0m23.0s/2m00.0s

running (0m24.0s), 008/100 VUs, 24721 complete and 0 interrupted iterations
default   [  20% ] 008/100 VUs  0m24.0s/2m00.0s

running (0m25.0s), 008/100 VUs, 25901 complete and 0 interrupted iterations
default   [  21% ] 008/100 VUs  0m25.0s/2m00.0s

running (0m26.0s), 008/100 VUs, 27046 complete and 0 interrupted iterations
default   [  22% ] 008/100 VUs  0m26.0s/2m00.0s

running (0m27.0s), 009/100 VUs, 28085 complete and 0 interrupted iterations
default   [  22% ] 009/100 VUs  0m27.0s/2m00.0s

running (0m28.0s), 009/100 VUs, 29182 complete and 0 interrupted iterations
default   [  23% ] 009/100 VUs  0m28.0s/2m00.0s

running (0m29.0s), 009/100 VUs, 30301 complete and 0 interrupted iterations
default   [  24% ] 009/100 VUs  0m29.0s/2m00.0s

running (0m30.0s), 009/100 VUs, 31356 complete and 0 interrupted iterations
default   [  25% ] 009/100 VUs  0m30.0s/2m00.0s

running (0m31.0s), 011/100 VUs, 32474 complete and 0 interrupted iterations
default   [  26% ] 011/100 VUs  0m31.0s/2m00.0s

running (0m32.0s), 012/100 VUs, 33547 complete and 0 interrupted iterations
default   [  27% ] 012/100 VUs  0m32.0s/2m00.0s

running (0m33.0s), 014/100 VUs, 34634 complete and 0 interrupted iterations
default   [  27% ] 014/100 VUs  0m33.0s/2m00.0s

running (0m34.0s), 015/100 VUs, 35652 complete and 0 interrupted iterations
default   [  28% ] 015/100 VUs  0m34.0s/2m00.0s

running (0m35.0s), 017/100 VUs, 36713 complete and 0 interrupted iterations
default   [  29% ] 017/100 VUs  0m35.0s/2m00.0s

running (0m36.0s), 018/100 VUs, 37699 complete and 0 interrupted iterations
default   [  30% ] 018/100 VUs  0m36.0s/2m00.0s

running (0m37.0s), 020/100 VUs, 38760 complete and 0 interrupted iterations
default   [  31% ] 020/100 VUs  0m37.0s/2m00.0s

running (0m38.0s), 021/100 VUs, 39670 complete and 0 interrupted iterations
default   [  32% ] 021/100 VUs  0m38.0s/2m00.0s

running (0m39.0s), 023/100 VUs, 40584 complete and 0 interrupted iterations
default   [  32% ] 023/100 VUs  0m39.0s/2m00.0s

running (0m40.0s), 024/100 VUs, 41421 complete and 0 interrupted iterations
default   [  33% ] 024/100 VUs  0m40.0s/2m00.0s

running (0m41.0s), 026/100 VUs, 42394 complete and 0 interrupted iterations
default   [  34% ] 026/100 VUs  0m41.0s/2m00.0s

running (0m42.0s), 027/100 VUs, 43378 complete and 0 interrupted iterations
default   [  35% ] 027/100 VUs  0m42.0s/2m00.0s

running (0m43.0s), 029/100 VUs, 44436 complete and 0 interrupted iterations
default   [  36% ] 029/100 VUs  0m43.0s/2m00.0s

running (0m44.0s), 030/100 VUs, 45325 complete and 0 interrupted iterations
default   [  37% ] 030/100 VUs  0m44.0s/2m00.0s

running (0m45.0s), 032/100 VUs, 46298 complete and 0 interrupted iterations
default   [  37% ] 032/100 VUs  0m45.0s/2m00.0s

running (0m46.0s), 033/100 VUs, 47216 complete and 0 interrupted iterations
default   [  38% ] 033/100 VUs  0m46.0s/2m00.0s

running (0m47.0s), 035/100 VUs, 48152 complete and 0 interrupted iterations
default   [  39% ] 035/100 VUs  0m47.0s/2m00.0s

running (0m48.0s), 036/100 VUs, 49030 complete and 0 interrupted iterations
default   [  40% ] 036/100 VUs  0m48.0s/2m00.0s

running (0m49.0s), 038/100 VUs, 49958 complete and 0 interrupted iterations
default   [  41% ] 038/100 VUs  0m49.0s/2m00.0s

running (0m50.0s), 039/100 VUs, 50926 complete and 0 interrupted iterations
default   [  42% ] 039/100 VUs  0m50.0s/2m00.0s

running (0m51.0s), 041/100 VUs, 51902 complete and 0 interrupted iterations
default   [  42% ] 041/100 VUs  0m51.0s/2m00.0s

running (0m52.0s), 042/100 VUs, 52801 complete and 0 interrupted iterations
default   [  43% ] 042/100 VUs  0m52.0s/2m00.0s

running (0m53.0s), 044/100 VUs, 53791 complete and 0 interrupted iterations
default   [  44% ] 044/100 VUs  0m53.0s/2m00.0s

running (0m54.0s), 045/100 VUs, 54729 complete and 0 interrupted iterations
default   [  45% ] 045/100 VUs  0m54.0s/2m00.0s

running (0m55.0s), 047/100 VUs, 55721 complete and 0 interrupted iterations
default   [  46% ] 047/100 VUs  0m55.0s/2m00.0s

running (0m56.0s), 048/100 VUs, 56635 complete and 0 interrupted iterations
default   [  47% ] 048/100 VUs  0m56.0s/2m00.0s

running (0m57.0s), 050/100 VUs, 57539 complete and 0 interrupted iterations
default   [  47% ] 050/100 VUs  0m57.0s/2m00.0s

running (0m58.0s), 051/100 VUs, 58435 complete and 0 interrupted iterations
default   [  48% ] 051/100 VUs  0m58.0s/2m00.0s

running (0m59.0s), 053/100 VUs, 59333 complete and 0 interrupted iterations
default   [  49% ] 053/100 VUs  0m59.0s/2m00.0s

running (1m00.0s), 054/100 VUs, 60245 complete and 0 interrupted iterations
default   [  50% ] 054/100 VUs  1m00.0s/2m00.0s

running (1m01.0s), 056/100 VUs, 61288 complete and 0 interrupted iterations
default   [  51% ] 056/100 VUs  1m01.0s/2m00.0s

running (1m02.0s), 057/100 VUs, 62218 complete and 0 interrupted iterations
default   [  52% ] 057/100 VUs  1m02.0s/2m00.0s

running (1m03.0s), 059/100 VUs, 63219 complete and 0 interrupted iterations
default   [  52% ] 059/100 VUs  1m03.0s/2m00.0s

running (1m04.0s), 060/100 VUs, 64195 complete and 0 interrupted iterations
default   [  53% ] 060/100 VUs  1m04.0s/2m00.0s

running (1m05.0s), 062/100 VUs, 65178 complete and 0 interrupted iterations
default   [  54% ] 062/100 VUs  1m05.0s/2m00.0s

running (1m06.0s), 063/100 VUs, 66199 complete and 0 interrupted iterations
default   [  55% ] 063/100 VUs  1m06.0s/2m00.0s

running (1m07.0s), 065/100 VUs, 67144 complete and 0 interrupted iterations
default   [  56% ] 065/100 VUs  1m07.0s/2m00.0s

running (1m08.0s), 066/100 VUs, 68075 complete and 0 interrupted iterations
default   [  57% ] 066/100 VUs  1m08.0s/2m00.0s

running (1m09.0s), 068/100 VUs, 68927 complete and 0 interrupted iterations
default   [  57% ] 068/100 VUs  1m09.0s/2m00.0s

running (1m10.0s), 069/100 VUs, 69835 complete and 0 interrupted iterations
default   [  58% ] 069/100 VUs  1m10.0s/2m00.0s

running (1m11.0s), 071/100 VUs, 70844 complete and 0 interrupted iterations
default   [  59% ] 071/100 VUs  1m11.0s/2m00.0s

running (1m12.0s), 072/100 VUs, 71787 complete and 0 interrupted iterations
default   [  60% ] 072/100 VUs  1m12.0s/2m00.0s

running (1m13.0s), 074/100 VUs, 72810 complete and 0 interrupted iterations
default   [  61% ] 074/100 VUs  1m13.0s/2m00.0s

running (1m14.0s), 075/100 VUs, 73721 complete and 0 interrupted iterations
default   [  62% ] 075/100 VUs  1m14.0s/2m00.0s

running (1m15.0s), 077/100 VUs, 74592 complete and 0 interrupted iterations
default   [  62% ] 077/100 VUs  1m15.0s/2m00.0s

running (1m16.0s), 078/100 VUs, 75522 complete and 0 interrupted iterations
default   [  63% ] 078/100 VUs  1m16.0s/2m00.0s

running (1m17.0s), 080/100 VUs, 76455 complete and 0 interrupted iterations
default   [  64% ] 080/100 VUs  1m17.0s/2m00.0s

running (1m18.0s), 081/100 VUs, 77387 complete and 0 interrupted iterations
default   [  65% ] 081/100 VUs  1m18.0s/2m00.0s

running (1m19.0s), 083/100 VUs, 78321 complete and 0 interrupted iterations
default   [  66% ] 083/100 VUs  1m19.0s/2m00.0s

running (1m20.0s), 084/100 VUs, 79259 complete and 0 interrupted iterations
default   [  67% ] 084/100 VUs  1m20.0s/2m00.0s

running (1m21.0s), 086/100 VUs, 80242 complete and 0 interrupted iterations
default   [  67% ] 086/100 VUs  1m21.0s/2m00.0s

running (1m22.0s), 087/100 VUs, 81174 complete and 0 interrupted iterations
default   [  68% ] 087/100 VUs  1m22.0s/2m00.0s

running (1m23.0s), 089/100 VUs, 82214 complete and 0 interrupted iterations
default   [  69% ] 089/100 VUs  1m23.0s/2m00.0s

running (1m24.0s), 090/100 VUs, 83075 complete and 0 interrupted iterations
default   [  70% ] 090/100 VUs  1m24.0s/2m00.0s

running (1m25.0s), 092/100 VUs, 83990 complete and 0 interrupted iterations
default   [  71% ] 092/100 VUs  1m25.0s/2m00.0s

running (1m26.0s), 093/100 VUs, 84924 complete and 0 interrupted iterations
default   [  72% ] 093/100 VUs  1m26.0s/2m00.0s

running (1m27.0s), 095/100 VUs, 85852 complete and 0 interrupted iterations
default   [  72% ] 095/100 VUs  1m27.0s/2m00.0s

running (1m28.0s), 096/100 VUs, 86694 complete and 0 interrupted iterations
default   [  73% ] 096/100 VUs  1m28.0s/2m00.0s

running (1m29.0s), 098/100 VUs, 87594 complete and 0 interrupted iterations
default   [  74% ] 098/100 VUs  1m29.0s/2m00.0s

running (1m30.0s), 099/100 VUs, 88484 complete and 0 interrupted iterations
default   [  75% ] 099/100 VUs  1m30.0s/2m00.0s

running (1m31.0s), 100/100 VUs, 89431 complete and 0 interrupted iterations
default   [  76% ] 100/100 VUs  1m31.0s/2m00.0s

running (1m32.0s), 100/100 VUs, 90330 complete and 0 interrupted iterations
default   [  77% ] 100/100 VUs  1m32.0s/2m00.0s

running (1m33.0s), 100/100 VUs, 91349 complete and 0 interrupted iterations
default   [  77% ] 100/100 VUs  1m33.0s/2m00.0s

running (1m34.0s), 100/100 VUs, 92359 complete and 0 interrupted iterations
default   [  78% ] 100/100 VUs  1m34.0s/2m00.0s

running (1m35.0s), 100/100 VUs, 93316 complete and 0 interrupted iterations
default   [  79% ] 100/100 VUs  1m35.0s/2m00.0s

running (1m36.0s), 100/100 VUs, 94270 complete and 0 interrupted iterations
default   [  80% ] 100/100 VUs  1m36.0s/2m00.0s

running (1m37.0s), 100/100 VUs, 95231 complete and 0 interrupted iterations
default   [  81% ] 100/100 VUs  1m37.0s/2m00.0s

running (1m38.0s), 100/100 VUs, 96160 complete and 0 interrupted iterations
default   [  82% ] 100/100 VUs  1m38.0s/2m00.0s

running (1m39.0s), 100/100 VUs, 96995 complete and 0 interrupted iterations
default   [  82% ] 100/100 VUs  1m39.0s/2m00.0s

running (1m40.0s), 100/100 VUs, 97807 complete and 0 interrupted iterations
default   [  83% ] 100/100 VUs  1m40.0s/2m00.0s

running (1m41.0s), 100/100 VUs, 98771 complete and 0 interrupted iterations
default   [  84% ] 100/100 VUs  1m41.0s/2m00.0s

running (1m42.0s), 100/100 VUs, 99736 complete and 0 interrupted iterations
default   [  85% ] 100/100 VUs  1m42.0s/2m00.0s

running (1m43.0s), 100/100 VUs, 100770 complete and 0 interrupted iterations
default   [  86% ] 100/100 VUs  1m43.0s/2m00.0s

running (1m44.0s), 100/100 VUs, 101693 complete and 0 interrupted iterations
default   [  87% ] 100/100 VUs  1m44.0s/2m00.0s

running (1m45.0s), 100/100 VUs, 102667 complete and 0 interrupted iterations
default   [  87% ] 100/100 VUs  1m45.0s/2m00.0s

running (1m46.0s), 100/100 VUs, 103579 complete and 0 interrupted iterations
default   [  88% ] 100/100 VUs  1m46.0s/2m00.0s

running (1m47.0s), 100/100 VUs, 104534 complete and 0 interrupted iterations
default   [  89% ] 100/100 VUs  1m47.0s/2m00.0s

running (1m48.0s), 100/100 VUs, 105467 complete and 0 interrupted iterations
default   [  90% ] 100/100 VUs  1m48.0s/2m00.0s

running (1m49.0s), 100/100 VUs, 106439 complete and 0 interrupted iterations
default   [  91% ] 100/100 VUs  1m49.0s/2m00.0s

running (1m50.0s), 100/100 VUs, 107364 complete and 0 interrupted iterations
default   [  92% ] 100/100 VUs  1m50.0s/2m00.0s

running (1m51.0s), 100/100 VUs, 108457 complete and 0 interrupted iterations
default   [  92% ] 100/100 VUs  1m51.0s/2m00.0s

running (1m52.0s), 100/100 VUs, 109431 complete and 0 interrupted iterations
default   [  93% ] 100/100 VUs  1m52.0s/2m00.0s

running (1m53.0s), 100/100 VUs, 110467 complete and 0 interrupted iterations
default   [  94% ] 100/100 VUs  1m53.0s/2m00.0s

running (1m54.0s), 100/100 VUs, 111411 complete and 0 interrupted iterations
default   [  95% ] 100/100 VUs  1m54.0s/2m00.0s

running (1m55.0s), 100/100 VUs, 112337 complete and 0 interrupted iterations
default   [  96% ] 100/100 VUs  1m55.0s/2m00.0s

running (1m56.0s), 100/100 VUs, 113224 complete and 0 interrupted iterations
default   [  97% ] 100/100 VUs  1m56.0s/2m00.0s

running (1m57.0s), 100/100 VUs, 114224 complete and 0 interrupted iterations
default   [  97% ] 100/100 VUs  1m57.0s/2m00.0s

running (1m58.0s), 100/100 VUs, 115148 complete and 0 interrupted iterations
default   [  98% ] 100/100 VUs  1m58.0s/2m00.0s

running (1m59.0s), 100/100 VUs, 116120 complete and 0 interrupted iterations
default   [  99% ] 100/100 VUs  1m59.0s/2m00.0s

running (2m00.0s), 100/100 VUs, 117023 complete and 0 interrupted iterations
default   [ 100% ] 100/100 VUs  2m00.0s/2m00.0s
time="2026-09-05T01:39:46+07:00" level=info msg="[k6-reporter v3.0.4] Generating HTML summary report, with theme: default" source=console
     ✓ status 200

     checks.........................: 100.00% ✓ 117138     ✗ 0     
     data_received..................: 88 MB   734 kB/s
     data_sent......................: 19 MB   160 kB/s
     http_req_blocked...............: avg=2.73µs  min=0s       med=1µs     max=8.26ms   p(90)=3µs      p(95)=4µs     
     http_req_connecting............: avg=263ns   min=0s       med=0s      max=3.57ms   p(90)=0s       p(95)=0s      
   ✗ http_req_duration..............: avg=54.72ms min=385µs    med=69.51ms max=195.98ms p(90)=103.68ms p(95)=108.32ms
     ✗ { class:w0 }.................: avg=64.61ms min=2.85ms   med=88.47ms max=195.43ms p(90)=107.57ms p(95)=176.02ms
     ✗ { class:w3 }.................: avg=58.93ms min=452µs    med=81.71ms max=195.98ms p(90)=104.99ms p(95)=114.12ms
     ✗ { class:w4 }.................: avg=47.64ms min=385µs    med=18.17ms max=190.39ms p(90)=100.86ms p(95)=103.3ms 
     ✗ { class:w5 }.................: avg=47.71ms min=401µs    med=17.87ms max=190.4ms  p(90)=101.14ms p(95)=103.55ms
       { expected_response:true }...: avg=54.72ms min=385µs    med=69.51ms max=195.98ms p(90)=103.68ms p(95)=108.32ms
   ✓ http_req_failed................: 0.00%   ✓ 0          ✗ 117138
     http_req_receiving.............: avg=26.82µs min=3µs      med=18µs    max=7.53ms   p(90)=39µs     p(95)=54µs    
     http_req_sending...............: avg=9.53µs  min=1µs      med=7µs     max=5.59ms   p(90)=13µs     p(95)=18µs    
     http_req_tls_handshaking.......: avg=0s      min=0s       med=0s      max=0s       p(90)=0s       p(95)=0s      
     http_req_waiting...............: avg=54.69ms min=360µs    med=69.47ms max=195.97ms p(90)=103.64ms p(95)=108.26ms
     http_reqs......................: 117138  975.298637/s
     iteration_duration.............: avg=54.82ms min=414.66µs med=69.68ms max=196.02ms p(90)=103.77ms p(95)=108.41ms
     iterations.....................: 117138  975.298637/s
     vus............................: 100     min=1        max=100 
     vus_max........................: 100     min=100      max=100 
running (2m00.1s), 000/100 VUs, 117138 complete and 0 interrupted iterations
default ✓ [ 100% ] 000/100 VUs  2m0s
time="2026-09-05T01:39:46+07:00" level=error msg="thresholds on metrics 'http_req_duration, http_req_duration{class:w0}, http_req_duration{class:w3}, http_req_duration{class:w4}, http_req_duration{class:w5}' have been crossed"
