
         /\      Grafana   /‾‾/  
    /\  /  \     |\  __   /  /   
   /  \/    \    | |/ /  /   ‾‾\ 
  /          \   |   (  |  (‾)  |
 / __________ \  |_|\_\  \_____/ 

     execution: local
        script: loadtest/d1_strategy.js
        output: -

     scenarios: (100.00%) 1 scenario, 100 max VUs, 2m30s max duration (incl. graceful stop):
              * default: Up to 100 looping VUs for 2m0s over 3 stages (gracefulRampDown: 30s, gracefulStop: 30s)


running (0m01.0s), 001/100 VUs, 1943 complete and 0 interrupted iterations
default   [   1% ] 001/100 VUs  0m01.0s/2m00.0s

running (0m02.0s), 001/100 VUs, 3962 complete and 0 interrupted iterations
default   [   2% ] 001/100 VUs  0m02.0s/2m00.0s

running (0m03.0s), 001/100 VUs, 5945 complete and 0 interrupted iterations
default   [   2% ] 001/100 VUs  0m03.0s/2m00.0s

running (0m04.0s), 002/100 VUs, 9031 complete and 0 interrupted iterations
default   [   3% ] 002/100 VUs  0m04.0s/2m00.0s

running (0m05.0s), 002/100 VUs, 12888 complete and 0 interrupted iterations
default   [   4% ] 002/100 VUs  0m05.0s/2m00.0s

running (0m06.0s), 002/100 VUs, 16967 complete and 0 interrupted iterations
default   [   5% ] 002/100 VUs  0m06.0s/2m00.0s

running (0m07.0s), 003/100 VUs, 21331 complete and 0 interrupted iterations
default   [   6% ] 003/100 VUs  0m07.0s/2m00.0s

running (0m08.0s), 003/100 VUs, 26781 complete and 0 interrupted iterations
default   [   7% ] 003/100 VUs  0m08.0s/2m00.0s

running (0m09.0s), 003/100 VUs, 32403 complete and 0 interrupted iterations
default   [   7% ] 003/100 VUs  0m09.0s/2m00.0s

running (0m10.0s), 003/100 VUs, 37434 complete and 0 interrupted iterations
default   [   8% ] 003/100 VUs  0m10.0s/2m00.0s

running (0m11.0s), 004/100 VUs, 43871 complete and 0 interrupted iterations
default   [   9% ] 004/100 VUs  0m11.0s/2m00.0s

running (0m12.0s), 004/100 VUs, 50572 complete and 0 interrupted iterations
default   [  10% ] 004/100 VUs  0m12.0s/2m00.0s

running (0m13.0s), 004/100 VUs, 56944 complete and 0 interrupted iterations
default   [  11% ] 004/100 VUs  0m13.0s/2m00.0s

running (0m14.0s), 005/100 VUs, 62852 complete and 0 interrupted iterations
default   [  12% ] 005/100 VUs  0m14.0s/2m00.0s

running (0m15.0s), 005/100 VUs, 69535 complete and 0 interrupted iterations
default   [  12% ] 005/100 VUs  0m15.0s/2m00.0s

running (0m16.0s), 005/100 VUs, 75865 complete and 0 interrupted iterations
default   [  13% ] 005/100 VUs  0m16.0s/2m00.0s

running (0m17.0s), 006/100 VUs, 82367 complete and 0 interrupted iterations
default   [  14% ] 006/100 VUs  0m17.0s/2m00.0s

running (0m18.0s), 006/100 VUs, 89098 complete and 0 interrupted iterations
default   [  15% ] 006/100 VUs  0m18.0s/2m00.0s

running (0m19.0s), 006/100 VUs, 95541 complete and 0 interrupted iterations
default   [  16% ] 006/100 VUs  0m19.0s/2m00.0s

running (0m20.0s), 006/100 VUs, 102052 complete and 0 interrupted iterations
default   [  17% ] 006/100 VUs  0m20.0s/2m00.0s

running (0m21.0s), 007/100 VUs, 108852 complete and 0 interrupted iterations
default   [  17% ] 007/100 VUs  0m21.0s/2m00.0s

running (0m22.0s), 007/100 VUs, 115162 complete and 0 interrupted iterations
default   [  18% ] 007/100 VUs  0m22.0s/2m00.0s

running (0m23.0s), 007/100 VUs, 121701 complete and 0 interrupted iterations
default   [  19% ] 007/100 VUs  0m23.0s/2m00.0s

running (0m24.0s), 008/100 VUs, 128230 complete and 0 interrupted iterations
default   [  20% ] 008/100 VUs  0m24.0s/2m00.0s

running (0m25.0s), 008/100 VUs, 134662 complete and 0 interrupted iterations
default   [  21% ] 008/100 VUs  0m25.0s/2m00.0s

running (0m26.0s), 008/100 VUs, 141135 complete and 0 interrupted iterations
default   [  22% ] 008/100 VUs  0m26.0s/2m00.0s

running (0m27.0s), 009/100 VUs, 147570 complete and 0 interrupted iterations
default   [  22% ] 009/100 VUs  0m27.0s/2m00.0s

running (0m28.0s), 009/100 VUs, 153560 complete and 0 interrupted iterations
default   [  23% ] 009/100 VUs  0m28.0s/2m00.0s

running (0m29.0s), 009/100 VUs, 159887 complete and 0 interrupted iterations
default   [  24% ] 009/100 VUs  0m29.0s/2m00.0s

running (0m30.0s), 009/100 VUs, 166486 complete and 0 interrupted iterations
default   [  25% ] 009/100 VUs  0m30.0s/2m00.0s

running (0m31.0s), 011/100 VUs, 172711 complete and 0 interrupted iterations
default   [  26% ] 011/100 VUs  0m31.0s/2m00.0s

running (0m32.0s), 012/100 VUs, 178852 complete and 0 interrupted iterations
default   [  27% ] 012/100 VUs  0m32.0s/2m00.0s

running (0m33.0s), 014/100 VUs, 185579 complete and 0 interrupted iterations
default   [  27% ] 014/100 VUs  0m33.0s/2m00.0s

running (0m34.0s), 015/100 VUs, 191738 complete and 0 interrupted iterations
default   [  28% ] 015/100 VUs  0m34.0s/2m00.0s

running (0m35.0s), 017/100 VUs, 198371 complete and 0 interrupted iterations
default   [  29% ] 017/100 VUs  0m35.0s/2m00.0s

running (0m36.0s), 018/100 VUs, 205171 complete and 0 interrupted iterations
default   [  30% ] 018/100 VUs  0m36.0s/2m00.0s

running (0m37.0s), 020/100 VUs, 211305 complete and 0 interrupted iterations
default   [  31% ] 020/100 VUs  0m37.0s/2m00.0s

running (0m38.0s), 021/100 VUs, 217647 complete and 0 interrupted iterations
default   [  32% ] 021/100 VUs  0m38.0s/2m00.0s

running (0m39.0s), 023/100 VUs, 224358 complete and 0 interrupted iterations
default   [  32% ] 023/100 VUs  0m39.0s/2m00.0s

running (0m40.0s), 024/100 VUs, 230767 complete and 0 interrupted iterations
default   [  33% ] 024/100 VUs  0m40.0s/2m00.0s

running (0m41.0s), 026/100 VUs, 237378 complete and 0 interrupted iterations
default   [  34% ] 026/100 VUs  0m41.0s/2m00.0s

running (0m42.0s), 027/100 VUs, 244123 complete and 0 interrupted iterations
default   [  35% ] 027/100 VUs  0m42.0s/2m00.0s

running (0m43.0s), 029/100 VUs, 250600 complete and 0 interrupted iterations
default   [  36% ] 029/100 VUs  0m43.0s/2m00.0s

running (0m44.0s), 030/100 VUs, 256992 complete and 0 interrupted iterations
default   [  37% ] 030/100 VUs  0m44.0s/2m00.0s

running (0m45.0s), 032/100 VUs, 263633 complete and 0 interrupted iterations
default   [  37% ] 032/100 VUs  0m45.0s/2m00.0s

running (0m46.0s), 033/100 VUs, 270113 complete and 0 interrupted iterations
default   [  38% ] 033/100 VUs  0m46.0s/2m00.0s

running (0m47.0s), 035/100 VUs, 276461 complete and 0 interrupted iterations
default   [  39% ] 035/100 VUs  0m47.0s/2m00.0s

running (0m48.0s), 036/100 VUs, 283005 complete and 0 interrupted iterations
default   [  40% ] 036/100 VUs  0m48.0s/2m00.0s

running (0m49.0s), 038/100 VUs, 289407 complete and 0 interrupted iterations
default   [  41% ] 038/100 VUs  0m49.0s/2m00.0s

running (0m50.0s), 039/100 VUs, 295976 complete and 0 interrupted iterations
default   [  42% ] 039/100 VUs  0m50.0s/2m00.0s

running (0m51.0s), 041/100 VUs, 302764 complete and 0 interrupted iterations
default   [  42% ] 041/100 VUs  0m51.0s/2m00.0s

running (0m52.0s), 042/100 VUs, 308858 complete and 0 interrupted iterations
default   [  43% ] 042/100 VUs  0m52.0s/2m00.0s

running (0m53.0s), 044/100 VUs, 315080 complete and 0 interrupted iterations
default   [  44% ] 044/100 VUs  0m53.0s/2m00.0s

running (0m54.0s), 045/100 VUs, 320889 complete and 0 interrupted iterations
default   [  45% ] 045/100 VUs  0m54.0s/2m00.0s

running (0m55.0s), 047/100 VUs, 326839 complete and 0 interrupted iterations
default   [  46% ] 047/100 VUs  0m55.0s/2m00.0s

running (0m56.0s), 048/100 VUs, 333025 complete and 0 interrupted iterations
default   [  47% ] 048/100 VUs  0m56.0s/2m00.0s

running (0m57.0s), 050/100 VUs, 339481 complete and 0 interrupted iterations
default   [  47% ] 050/100 VUs  0m57.0s/2m00.0s

running (0m58.0s), 051/100 VUs, 345593 complete and 0 interrupted iterations
default   [  48% ] 051/100 VUs  0m58.0s/2m00.0s

running (0m59.0s), 053/100 VUs, 352179 complete and 0 interrupted iterations
default   [  49% ] 053/100 VUs  0m59.0s/2m00.0s

running (1m00.0s), 054/100 VUs, 358878 complete and 0 interrupted iterations
default   [  50% ] 054/100 VUs  1m00.0s/2m00.0s

running (1m01.0s), 056/100 VUs, 365035 complete and 0 interrupted iterations
default   [  51% ] 056/100 VUs  1m01.0s/2m00.0s

running (1m02.0s), 057/100 VUs, 370099 complete and 0 interrupted iterations
default   [  52% ] 057/100 VUs  1m02.0s/2m00.0s

running (1m03.0s), 059/100 VUs, 375942 complete and 0 interrupted iterations
default   [  52% ] 059/100 VUs  1m03.0s/2m00.0s

running (1m04.0s), 060/100 VUs, 381702 complete and 0 interrupted iterations
default   [  53% ] 060/100 VUs  1m04.0s/2m00.0s

running (1m05.0s), 062/100 VUs, 387563 complete and 0 interrupted iterations
default   [  54% ] 062/100 VUs  1m05.0s/2m00.0s

running (1m06.0s), 063/100 VUs, 393335 complete and 0 interrupted iterations
default   [  55% ] 063/100 VUs  1m06.0s/2m00.0s

running (1m07.0s), 065/100 VUs, 398259 complete and 0 interrupted iterations
default   [  56% ] 065/100 VUs  1m07.0s/2m00.0s

running (1m08.0s), 066/100 VUs, 404228 complete and 0 interrupted iterations
default   [  57% ] 066/100 VUs  1m08.0s/2m00.0s

running (1m09.0s), 068/100 VUs, 410608 complete and 0 interrupted iterations
default   [  57% ] 068/100 VUs  1m09.0s/2m00.0s

running (1m10.0s), 069/100 VUs, 416434 complete and 0 interrupted iterations
default   [  58% ] 069/100 VUs  1m10.0s/2m00.0s

running (1m11.0s), 071/100 VUs, 422699 complete and 0 interrupted iterations
default   [  59% ] 071/100 VUs  1m11.0s/2m00.0s

running (1m12.0s), 072/100 VUs, 429229 complete and 0 interrupted iterations
default   [  60% ] 072/100 VUs  1m12.0s/2m00.0s

running (1m13.0s), 074/100 VUs, 435514 complete and 0 interrupted iterations
default   [  61% ] 074/100 VUs  1m13.0s/2m00.0s

running (1m14.0s), 075/100 VUs, 441656 complete and 0 interrupted iterations
default   [  62% ] 075/100 VUs  1m14.0s/2m00.0s

running (1m15.0s), 077/100 VUs, 448018 complete and 0 interrupted iterations
default   [  62% ] 077/100 VUs  1m15.0s/2m00.0s

running (1m16.0s), 078/100 VUs, 454213 complete and 0 interrupted iterations
default   [  63% ] 078/100 VUs  1m16.0s/2m00.0s

running (1m17.0s), 080/100 VUs, 460439 complete and 0 interrupted iterations
default   [  64% ] 080/100 VUs  1m17.0s/2m00.0s

running (1m18.0s), 081/100 VUs, 466983 complete and 0 interrupted iterations
default   [  65% ] 081/100 VUs  1m18.0s/2m00.0s

running (1m19.0s), 083/100 VUs, 473052 complete and 0 interrupted iterations
default   [  66% ] 083/100 VUs  1m19.0s/2m00.0s

running (1m20.0s), 084/100 VUs, 479324 complete and 0 interrupted iterations
default   [  67% ] 084/100 VUs  1m20.0s/2m00.0s

running (1m21.0s), 086/100 VUs, 485977 complete and 0 interrupted iterations
default   [  67% ] 086/100 VUs  1m21.0s/2m00.0s

running (1m22.0s), 087/100 VUs, 492195 complete and 0 interrupted iterations
default   [  68% ] 087/100 VUs  1m22.0s/2m00.0s

running (1m23.0s), 089/100 VUs, 498474 complete and 0 interrupted iterations
default   [  69% ] 089/100 VUs  1m23.0s/2m00.0s

running (1m24.0s), 090/100 VUs, 504772 complete and 0 interrupted iterations
default   [  70% ] 090/100 VUs  1m24.0s/2m00.0s

running (1m25.0s), 092/100 VUs, 510979 complete and 0 interrupted iterations
default   [  71% ] 092/100 VUs  1m25.0s/2m00.0s

running (1m26.0s), 093/100 VUs, 517294 complete and 0 interrupted iterations
default   [  72% ] 093/100 VUs  1m26.0s/2m00.0s

running (1m27.0s), 095/100 VUs, 523761 complete and 0 interrupted iterations
default   [  72% ] 095/100 VUs  1m27.0s/2m00.0s

running (1m28.0s), 096/100 VUs, 529761 complete and 0 interrupted iterations
default   [  73% ] 096/100 VUs  1m28.0s/2m00.0s

running (1m29.0s), 098/100 VUs, 535882 complete and 0 interrupted iterations
default   [  74% ] 098/100 VUs  1m29.0s/2m00.0s

running (1m30.0s), 099/100 VUs, 542353 complete and 0 interrupted iterations
default   [  75% ] 099/100 VUs  1m30.0s/2m00.0s

running (1m31.0s), 100/100 VUs, 548478 complete and 0 interrupted iterations
default   [  76% ] 100/100 VUs  1m31.0s/2m00.0s

running (1m32.0s), 100/100 VUs, 554378 complete and 0 interrupted iterations
default   [  77% ] 100/100 VUs  1m32.0s/2m00.0s

running (1m33.0s), 100/100 VUs, 560329 complete and 0 interrupted iterations
default   [  77% ] 100/100 VUs  1m33.0s/2m00.0s

running (1m34.0s), 100/100 VUs, 566060 complete and 0 interrupted iterations
default   [  78% ] 100/100 VUs  1m34.0s/2m00.0s

running (1m35.0s), 100/100 VUs, 572031 complete and 0 interrupted iterations
default   [  79% ] 100/100 VUs  1m35.0s/2m00.0s

running (1m36.0s), 100/100 VUs, 578315 complete and 0 interrupted iterations
default   [  80% ] 100/100 VUs  1m36.0s/2m00.0s

running (1m37.0s), 100/100 VUs, 584407 complete and 0 interrupted iterations
default   [  81% ] 100/100 VUs  1m37.0s/2m00.0s

running (1m38.0s), 100/100 VUs, 590632 complete and 0 interrupted iterations
default   [  82% ] 100/100 VUs  1m38.0s/2m00.0s

running (1m39.0s), 100/100 VUs, 597000 complete and 0 interrupted iterations
default   [  82% ] 100/100 VUs  1m39.0s/2m00.0s

running (1m40.0s), 100/100 VUs, 602964 complete and 0 interrupted iterations
default   [  83% ] 100/100 VUs  1m40.0s/2m00.0s

running (1m41.0s), 100/100 VUs, 609053 complete and 0 interrupted iterations
default   [  84% ] 100/100 VUs  1m41.0s/2m00.0s

running (1m42.0s), 100/100 VUs, 615271 complete and 0 interrupted iterations
default   [  85% ] 100/100 VUs  1m42.0s/2m00.0s

running (1m43.0s), 100/100 VUs, 621487 complete and 0 interrupted iterations
default   [  86% ] 100/100 VUs  1m43.0s/2m00.0s

running (1m44.0s), 100/100 VUs, 627338 complete and 0 interrupted iterations
default   [  87% ] 100/100 VUs  1m44.0s/2m00.0s

running (1m45.0s), 100/100 VUs, 633534 complete and 0 interrupted iterations
default   [  87% ] 100/100 VUs  1m45.0s/2m00.0s

running (1m46.0s), 100/100 VUs, 639162 complete and 0 interrupted iterations
default   [  88% ] 100/100 VUs  1m46.0s/2m00.0s

running (1m47.0s), 100/100 VUs, 645165 complete and 0 interrupted iterations
default   [  89% ] 100/100 VUs  1m47.0s/2m00.0s

running (1m48.0s), 100/100 VUs, 651744 complete and 0 interrupted iterations
default   [  90% ] 100/100 VUs  1m48.0s/2m00.0s

running (1m49.0s), 100/100 VUs, 657918 complete and 0 interrupted iterations
default   [  91% ] 100/100 VUs  1m49.0s/2m00.0s

running (1m50.0s), 100/100 VUs, 664075 complete and 0 interrupted iterations
default   [  92% ] 100/100 VUs  1m50.0s/2m00.0s

running (1m51.0s), 100/100 VUs, 670452 complete and 0 interrupted iterations
default   [  92% ] 100/100 VUs  1m51.0s/2m00.0s

running (1m52.0s), 100/100 VUs, 676532 complete and 0 interrupted iterations
default   [  93% ] 100/100 VUs  1m52.0s/2m00.0s

running (1m53.0s), 100/100 VUs, 682352 complete and 0 interrupted iterations
default   [  94% ] 100/100 VUs  1m53.0s/2m00.0s

running (1m54.0s), 100/100 VUs, 688526 complete and 0 interrupted iterations
default   [  95% ] 100/100 VUs  1m54.0s/2m00.0s

running (1m55.0s), 100/100 VUs, 694506 complete and 0 interrupted iterations
default   [  96% ] 100/100 VUs  1m55.0s/2m00.0s

running (1m56.0s), 100/100 VUs, 700780 complete and 0 interrupted iterations
default   [  97% ] 100/100 VUs  1m56.0s/2m00.0s

running (1m57.0s), 100/100 VUs, 707140 complete and 0 interrupted iterations
default   [  97% ] 100/100 VUs  1m57.0s/2m00.0s

running (1m58.0s), 100/100 VUs, 713374 complete and 0 interrupted iterations
default   [  98% ] 100/100 VUs  1m58.0s/2m00.0s

running (1m59.0s), 100/100 VUs, 719477 complete and 0 interrupted iterations
default   [  99% ] 100/100 VUs  1m59.0s/2m00.0s

running (2m00.0s), 100/100 VUs, 725955 complete and 0 interrupted iterations
default   [ 100% ] 100/100 VUs  2m00.0s/2m00.0s
time="2026-09-04T23:22:21+07:00" level=info msg="[k6-reporter v3.0.4] Generating HTML summary report, with theme: default" source=console
     ✓ status 200

     checks.........................: 100.00% ✓ 726193      ✗ 0     
     data_received..................: 526 MB  4.4 MB/s
     data_sent......................: 119 MB  992 kB/s
     http_req_blocked...............: avg=718ns  min=0s       med=1µs    max=1.42ms  p(90)=1µs     p(95)=1µs    
     http_req_connecting............: avg=24ns   min=0s       med=0s     max=1.38ms  p(90)=0s      p(95)=0s     
   ✓ http_req_duration..............: avg=8.8ms  min=230µs    med=5.07ms max=81.99ms p(90)=26.66ms p(95)=39.12ms
     ✓ { class:w0 }.................: avg=8.71ms min=230µs    med=4.99ms max=81.85ms p(90)=26.49ms p(95)=39.01ms
     ✓ { class:w3lead }.............: avg=8.85ms min=300µs    med=5.1ms  max=81.85ms p(90)=26.71ms p(95)=39.14ms
     ✓ { class:w3scatter }..........: avg=8.85ms min=293µs    med=5.12ms max=81.99ms p(90)=26.76ms p(95)=39.19ms
       { expected_response:true }...: avg=8.8ms  min=230µs    med=5.07ms max=81.99ms p(90)=26.66ms p(95)=39.12ms
   ✓ http_req_failed................: 0.00%   ✓ 0           ✗ 726193
     http_req_receiving.............: avg=8.91µs min=2µs      med=7µs    max=8.83ms  p(90)=12µs    p(95)=17µs   
     http_req_sending...............: avg=2.86µs min=1µs      med=2µs    max=6ms     p(90)=5µs     p(95)=6µs    
     http_req_tls_handshaking.......: avg=0s     min=0s       med=0s     max=0s      p(90)=0s      p(95)=0s     
     http_req_waiting...............: avg=8.79ms min=222µs    med=5.06ms max=81.97ms p(90)=26.64ms p(95)=39.1ms 
     http_reqs......................: 726193  6051.458055/s
     iteration_duration.............: avg=8.83ms min=249.87µs med=5.1ms  max=82.05ms p(90)=26.69ms p(95)=39.15ms
     iterations.....................: 726193  6051.458055/s
     vus............................: 100     min=1         max=100 
     vus_max........................: 100     min=100       max=100 
running (2m00.0s), 000/100 VUs, 726193 complete and 0 interrupted iterations
default ✓ [ 100% ] 000/100 VUs  2m0s
