
         /\      Grafana   /‾‾/  
    /\  /  \     |\  __   /  /   
   /  \/    \    | |/ /  /   ‾‾\ 
  /          \   |   (  |  (‾)  |
 / __________ \  |_|\_\  \_____/ 

     execution: local
        script: loadtest/s3_soak.js
        output: -

     scenarios: (100.00%) 1 scenario, 50 max VUs, 10m30s max duration (incl. graceful stop):
              * default: 50 looping VUs for 10m0s (gracefulStop: 30s)


running (00m01.0s), 50/50 VUs, 511 complete and 0 interrupted iterations
default   [   0% ] 50 VUs  00m01.0s/10m0s

running (00m02.0s), 50/50 VUs, 1268 complete and 0 interrupted iterations
default   [   0% ] 50 VUs  00m02.0s/10m0s

running (00m03.0s), 50/50 VUs, 1810 complete and 0 interrupted iterations
default   [   0% ] 50 VUs  00m03.0s/10m0s

running (00m04.0s), 50/50 VUs, 2532 complete and 0 interrupted iterations
default   [   1% ] 50 VUs  00m04.0s/10m0s

running (00m05.0s), 50/50 VUs, 3026 complete and 0 interrupted iterations
default   [   1% ] 50 VUs  00m05.0s/10m0s

running (00m06.0s), 50/50 VUs, 3622 complete and 0 interrupted iterations
default   [   1% ] 50 VUs  00m06.0s/10m0s

running (00m07.0s), 50/50 VUs, 4446 complete and 0 interrupted iterations
default   [   1% ] 50 VUs  00m07.0s/10m0s

running (00m08.0s), 50/50 VUs, 5132 complete and 0 interrupted iterations
default   [   1% ] 50 VUs  00m08.0s/10m0s

running (00m09.0s), 50/50 VUs, 5569 complete and 0 interrupted iterations
default   [   1% ] 50 VUs  00m09.0s/10m0s

running (00m10.0s), 50/50 VUs, 6357 complete and 0 interrupted iterations
default   [   2% ] 50 VUs  00m10.0s/10m0s

running (00m11.0s), 50/50 VUs, 6904 complete and 0 interrupted iterations
default   [   2% ] 50 VUs  00m11.0s/10m0s

running (00m12.0s), 50/50 VUs, 7497 complete and 0 interrupted iterations
default   [   2% ] 50 VUs  00m12.0s/10m0s

running (00m13.0s), 50/50 VUs, 8284 complete and 0 interrupted iterations
default   [   2% ] 50 VUs  00m13.0s/10m0s

running (00m14.0s), 50/50 VUs, 8862 complete and 0 interrupted iterations
default   [   2% ] 50 VUs  00m14.0s/10m0s

running (00m15.0s), 50/50 VUs, 9032 complete and 0 interrupted iterations
default   [   2% ] 50 VUs  00m15.0s/10m0s

running (00m16.0s), 50/50 VUs, 9752 complete and 0 interrupted iterations
default   [   3% ] 50 VUs  00m16.0s/10m0s

running (00m17.0s), 50/50 VUs, 10421 complete and 0 interrupted iterations
default   [   3% ] 50 VUs  00m17.0s/10m0s

running (00m18.0s), 50/50 VUs, 11036 complete and 0 interrupted iterations
default   [   3% ] 50 VUs  00m18.0s/10m0s

running (00m19.0s), 50/50 VUs, 11828 complete and 0 interrupted iterations
default   [   3% ] 50 VUs  00m19.0s/10m0s

running (00m20.0s), 50/50 VUs, 12467 complete and 0 interrupted iterations
default   [   3% ] 50 VUs  00m20.0s/10m0s

running (00m21.0s), 50/50 VUs, 13189 complete and 0 interrupted iterations
default   [   3% ] 50 VUs  00m21.0s/10m0s

running (00m22.0s), 50/50 VUs, 13882 complete and 0 interrupted iterations
default   [   4% ] 50 VUs  00m22.0s/10m0s

running (00m23.0s), 50/50 VUs, 14440 complete and 0 interrupted iterations
default   [   4% ] 50 VUs  00m23.0s/10m0s

running (00m24.0s), 50/50 VUs, 15135 complete and 0 interrupted iterations
default   [   4% ] 50 VUs  00m24.0s/10m0s

running (00m25.0s), 50/50 VUs, 15961 complete and 0 interrupted iterations
default   [   4% ] 50 VUs  00m25.0s/10m0s

running (00m26.0s), 50/50 VUs, 16588 complete and 0 interrupted iterations
default   [   4% ] 50 VUs  00m26.0s/10m0s

running (00m27.0s), 50/50 VUs, 17347 complete and 0 interrupted iterations
default   [   4% ] 50 VUs  00m27.0s/10m0s

running (00m28.0s), 50/50 VUs, 17951 complete and 0 interrupted iterations
default   [   5% ] 50 VUs  00m28.0s/10m0s

running (00m29.0s), 50/50 VUs, 18672 complete and 0 interrupted iterations
default   [   5% ] 50 VUs  00m29.0s/10m0s

running (00m30.0s), 50/50 VUs, 19479 complete and 0 interrupted iterations
default   [   5% ] 50 VUs  00m30.0s/10m0s

running (00m31.0s), 50/50 VUs, 19950 complete and 0 interrupted iterations
default   [   5% ] 50 VUs  00m31.0s/10m0s

running (00m32.0s), 50/50 VUs, 20577 complete and 0 interrupted iterations
default   [   5% ] 50 VUs  00m32.0s/10m0s

running (00m33.0s), 50/50 VUs, 21369 complete and 0 interrupted iterations
default   [   5% ] 50 VUs  00m33.0s/10m0s

running (00m34.0s), 50/50 VUs, 21933 complete and 0 interrupted iterations
default   [   6% ] 50 VUs  00m34.0s/10m0s

running (00m35.0s), 50/50 VUs, 22462 complete and 0 interrupted iterations
default   [   6% ] 50 VUs  00m35.0s/10m0s

running (00m36.0s), 50/50 VUs, 23070 complete and 0 interrupted iterations
default   [   6% ] 50 VUs  00m36.0s/10m0s

running (00m37.0s), 50/50 VUs, 23760 complete and 0 interrupted iterations
default   [   6% ] 50 VUs  00m37.0s/10m0s

running (00m38.0s), 50/50 VUs, 24473 complete and 0 interrupted iterations
default   [   6% ] 50 VUs  00m38.0s/10m0s

running (00m39.0s), 50/50 VUs, 25299 complete and 0 interrupted iterations
default   [   6% ] 50 VUs  00m39.0s/10m0s

running (00m40.0s), 50/50 VUs, 25891 complete and 0 interrupted iterations
default   [   7% ] 50 VUs  00m40.0s/10m0s

running (00m41.0s), 50/50 VUs, 26433 complete and 0 interrupted iterations
default   [   7% ] 50 VUs  00m41.0s/10m0s

running (00m42.0s), 50/50 VUs, 27124 complete and 0 interrupted iterations
default   [   7% ] 50 VUs  00m42.0s/10m0s

running (00m43.0s), 50/50 VUs, 27421 complete and 0 interrupted iterations
default   [   7% ] 50 VUs  00m43.0s/10m0s

running (00m44.0s), 50/50 VUs, 27675 complete and 0 interrupted iterations
default   [   7% ] 50 VUs  00m44.0s/10m0s

running (00m45.0s), 50/50 VUs, 28275 complete and 0 interrupted iterations
default   [   7% ] 50 VUs  00m45.0s/10m0s

running (00m46.0s), 50/50 VUs, 28341 complete and 0 interrupted iterations
default   [   8% ] 50 VUs  00m46.0s/10m0s

running (00m47.0s), 50/50 VUs, 28832 complete and 0 interrupted iterations
default   [   8% ] 50 VUs  00m47.0s/10m0s

running (00m48.0s), 50/50 VUs, 28961 complete and 0 interrupted iterations
default   [   8% ] 50 VUs  00m48.0s/10m0s

running (00m49.0s), 50/50 VUs, 29557 complete and 0 interrupted iterations
default   [   8% ] 50 VUs  00m49.0s/10m0s

running (00m50.0s), 50/50 VUs, 29577 complete and 0 interrupted iterations
default   [   8% ] 50 VUs  00m50.0s/10m0s

running (00m50.9s), 50/50 VUs, 29705 complete and 0 interrupted iterations
default   [   8% ] 50 VUs  00m51.0s/10m0s

running (00m51.9s), 50/50 VUs, 30297 complete and 0 interrupted iterations
default   [   9% ] 50 VUs  00m52.0s/10m0s

running (00m52.9s), 50/50 VUs, 31042 complete and 0 interrupted iterations
default   [   9% ] 50 VUs  00m53.0s/10m0s

running (00m53.9s), 50/50 VUs, 31594 complete and 0 interrupted iterations
default   [   9% ] 50 VUs  00m54.0s/10m0s

running (00m54.9s), 50/50 VUs, 31594 complete and 0 interrupted iterations
default   [   9% ] 50 VUs  00m55.0s/10m0s

running (00m55.9s), 50/50 VUs, 31594 complete and 0 interrupted iterations
default   [   9% ] 50 VUs  00m56.0s/10m0s

running (00m56.9s), 50/50 VUs, 32170 complete and 0 interrupted iterations
default   [   9% ] 50 VUs  00m57.0s/10m0s

running (00m57.9s), 50/50 VUs, 32505 complete and 0 interrupted iterations
default   [  10% ] 50 VUs  00m58.0s/10m0s

running (00m58.9s), 50/50 VUs, 32509 complete and 0 interrupted iterations
default   [  10% ] 50 VUs  00m59.0s/10m0s

running (00m59.9s), 50/50 VUs, 32567 complete and 0 interrupted iterations
default   [  10% ] 50 VUs  01m00.0s/10m0s

running (01m00.9s), 50/50 VUs, 32917 complete and 0 interrupted iterations
default   [  10% ] 50 VUs  01m01.0s/10m0s

running (01m01.9s), 50/50 VUs, 33027 complete and 0 interrupted iterations
default   [  10% ] 50 VUs  01m02.0s/10m0s

running (01m02.9s), 50/50 VUs, 33166 complete and 0 interrupted iterations
default   [  10% ] 50 VUs  01m03.0s/10m0s

running (01m03.9s), 50/50 VUs, 33696 complete and 0 interrupted iterations
default   [  11% ] 50 VUs  01m04.0s/10m0s

running (01m04.9s), 50/50 VUs, 33784 complete and 0 interrupted iterations
default   [  11% ] 50 VUs  01m05.0s/10m0s

running (01m05.9s), 50/50 VUs, 33876 complete and 0 interrupted iterations
default   [  11% ] 50 VUs  01m06.0s/10m0s

running (01m06.9s), 50/50 VUs, 34343 complete and 0 interrupted iterations
default   [  11% ] 50 VUs  01m07.0s/10m0s

running (01m07.9s), 50/50 VUs, 34994 complete and 0 interrupted iterations
default   [  11% ] 50 VUs  01m08.0s/10m0s

running (01m08.9s), 50/50 VUs, 35374 complete and 0 interrupted iterations
default   [  11% ] 50 VUs  01m09.0s/10m0s

running (01m09.9s), 50/50 VUs, 35401 complete and 0 interrupted iterations
default   [  12% ] 50 VUs  01m10.0s/10m0s

running (01m10.9s), 50/50 VUs, 35643 complete and 0 interrupted iterations
default   [  12% ] 50 VUs  01m11.0s/10m0s

running (01m11.9s), 50/50 VUs, 35935 complete and 0 interrupted iterations
default   [  12% ] 50 VUs  01m12.0s/10m0s

running (01m12.9s), 50/50 VUs, 36183 complete and 0 interrupted iterations
default   [  12% ] 50 VUs  01m13.0s/10m0s

running (01m13.9s), 50/50 VUs, 36546 complete and 0 interrupted iterations
default   [  12% ] 50 VUs  01m14.0s/10m0s

running (01m14.9s), 50/50 VUs, 36907 complete and 0 interrupted iterations
default   [  12% ] 50 VUs  01m15.0s/10m0s

running (01m15.9s), 50/50 VUs, 37115 complete and 0 interrupted iterations
default   [  13% ] 50 VUs  01m16.0s/10m0s

running (01m16.9s), 50/50 VUs, 37399 complete and 0 interrupted iterations
default   [  13% ] 50 VUs  01m17.0s/10m0s

running (01m17.9s), 50/50 VUs, 37413 complete and 0 interrupted iterations
default   [  13% ] 50 VUs  01m18.0s/10m0s

running (01m18.9s), 50/50 VUs, 37779 complete and 0 interrupted iterations
default   [  13% ] 50 VUs  01m19.0s/10m0s

running (01m19.9s), 50/50 VUs, 38147 complete and 0 interrupted iterations
default   [  13% ] 50 VUs  01m20.0s/10m0s

running (01m20.9s), 50/50 VUs, 38447 complete and 0 interrupted iterations
default   [  13% ] 50 VUs  01m21.0s/10m0s

running (01m21.9s), 50/50 VUs, 38463 complete and 0 interrupted iterations
default   [  14% ] 50 VUs  01m22.0s/10m0s

running (01m22.9s), 50/50 VUs, 38816 complete and 0 interrupted iterations
default   [  14% ] 50 VUs  01m23.0s/10m0s

running (01m23.9s), 50/50 VUs, 39096 complete and 0 interrupted iterations
default   [  14% ] 50 VUs  01m24.0s/10m0s

running (01m24.9s), 50/50 VUs, 39175 complete and 0 interrupted iterations
default   [  14% ] 50 VUs  01m25.0s/10m0s

running (01m25.9s), 50/50 VUs, 39666 complete and 0 interrupted iterations
default   [  14% ] 50 VUs  01m26.0s/10m0s

running (01m26.9s), 50/50 VUs, 39810 complete and 0 interrupted iterations
default   [  14% ] 50 VUs  01m27.0s/10m0s

running (01m27.9s), 50/50 VUs, 40018 complete and 0 interrupted iterations
default   [  15% ] 50 VUs  01m28.0s/10m0s

running (01m28.9s), 50/50 VUs, 40597 complete and 0 interrupted iterations
default   [  15% ] 50 VUs  01m29.0s/10m0s

running (01m29.9s), 50/50 VUs, 40850 complete and 0 interrupted iterations
default   [  15% ] 50 VUs  01m30.0s/10m0s

running (01m30.9s), 50/50 VUs, 40879 complete and 0 interrupted iterations
default   [  15% ] 50 VUs  01m31.0s/10m0s

running (01m31.9s), 50/50 VUs, 41336 complete and 0 interrupted iterations
default   [  15% ] 50 VUs  01m32.0s/10m0s

running (01m32.9s), 50/50 VUs, 41499 complete and 0 interrupted iterations
default   [  15% ] 50 VUs  01m33.0s/10m0s

running (01m33.9s), 50/50 VUs, 41953 complete and 0 interrupted iterations
default   [  16% ] 50 VUs  01m34.0s/10m0s

running (01m34.9s), 50/50 VUs, 42086 complete and 0 interrupted iterations
default   [  16% ] 50 VUs  01m35.0s/10m0s

running (01m35.9s), 50/50 VUs, 42598 complete and 0 interrupted iterations
default   [  16% ] 50 VUs  01m36.0s/10m0s

running (01m36.9s), 50/50 VUs, 42735 complete and 0 interrupted iterations
default   [  16% ] 50 VUs  01m37.0s/10m0s

running (01m37.9s), 50/50 VUs, 42925 complete and 0 interrupted iterations
default   [  16% ] 50 VUs  01m38.0s/10m0s

running (01m38.9s), 50/50 VUs, 43492 complete and 0 interrupted iterations
default   [  16% ] 50 VUs  01m39.0s/10m0s

running (01m39.9s), 50/50 VUs, 43515 complete and 0 interrupted iterations
default   [  17% ] 50 VUs  01m40.0s/10m0s

running (01m41.0s), 50/50 VUs, 43854 complete and 0 interrupted iterations
default   [  17% ] 50 VUs  01m41.0s/10m0s

running (01m41.9s), 50/50 VUs, 44199 complete and 0 interrupted iterations
default   [  17% ] 50 VUs  01m42.0s/10m0s

running (01m42.9s), 50/50 VUs, 44455 complete and 0 interrupted iterations
default   [  17% ] 50 VUs  01m43.0s/10m0s

running (01m43.9s), 50/50 VUs, 45036 complete and 0 interrupted iterations
default   [  17% ] 50 VUs  01m44.0s/10m0s

running (01m44.9s), 50/50 VUs, 45044 complete and 0 interrupted iterations
default   [  17% ] 50 VUs  01m45.0s/10m0s

running (01m45.9s), 50/50 VUs, 45559 complete and 0 interrupted iterations
default   [  18% ] 50 VUs  01m46.0s/10m0s

running (01m46.9s), 50/50 VUs, 45763 complete and 0 interrupted iterations
default   [  18% ] 50 VUs  01m47.0s/10m0s

running (01m47.9s), 50/50 VUs, 46012 complete and 0 interrupted iterations
default   [  18% ] 50 VUs  01m48.0s/10m0s

running (01m48.9s), 50/50 VUs, 46032 complete and 0 interrupted iterations
default   [  18% ] 50 VUs  01m49.0s/10m0s

running (01m49.9s), 50/50 VUs, 46519 complete and 0 interrupted iterations
default   [  18% ] 50 VUs  01m50.0s/10m0s

running (01m50.9s), 50/50 VUs, 46866 complete and 0 interrupted iterations
default   [  18% ] 50 VUs  01m51.0s/10m0s

running (01m51.9s), 50/50 VUs, 47010 complete and 0 interrupted iterations
default   [  19% ] 50 VUs  01m52.0s/10m0s

running (01m52.9s), 50/50 VUs, 47064 complete and 0 interrupted iterations
default   [  19% ] 50 VUs  01m53.0s/10m0s

running (01m53.9s), 50/50 VUs, 47464 complete and 0 interrupted iterations
default   [  19% ] 50 VUs  01m54.0s/10m0s

running (01m54.9s), 50/50 VUs, 48184 complete and 0 interrupted iterations
default   [  19% ] 50 VUs  01m55.0s/10m0s

running (01m55.9s), 50/50 VUs, 48680 complete and 0 interrupted iterations
default   [  19% ] 50 VUs  01m56.0s/10m0s

running (01m56.9s), 50/50 VUs, 48710 complete and 0 interrupted iterations
default   [  19% ] 50 VUs  01m57.0s/10m0s

running (01m57.9s), 50/50 VUs, 48769 complete and 0 interrupted iterations
default   [  20% ] 50 VUs  01m58.0s/10m0s

running (01m58.9s), 50/50 VUs, 49529 complete and 0 interrupted iterations
default   [  20% ] 50 VUs  01m59.0s/10m0s

running (01m59.9s), 50/50 VUs, 50049 complete and 0 interrupted iterations
default   [  20% ] 50 VUs  02m00.0s/10m0s

running (02m00.9s), 50/50 VUs, 50440 complete and 0 interrupted iterations
default   [  20% ] 50 VUs  02m01.0s/10m0s

running (02m01.9s), 50/50 VUs, 50630 complete and 0 interrupted iterations
default   [  20% ] 50 VUs  02m02.0s/10m0s

running (02m02.9s), 50/50 VUs, 50670 complete and 0 interrupted iterations
default   [  20% ] 50 VUs  02m03.0s/10m0s

running (02m03.9s), 50/50 VUs, 51079 complete and 0 interrupted iterations
default   [  21% ] 50 VUs  02m04.0s/10m0s

running (02m04.9s), 50/50 VUs, 51194 complete and 0 interrupted iterations
default   [  21% ] 50 VUs  02m05.0s/10m0s

running (02m05.9s), 50/50 VUs, 51806 complete and 0 interrupted iterations
default   [  21% ] 50 VUs  02m06.0s/10m0s

running (02m06.9s), 50/50 VUs, 52497 complete and 0 interrupted iterations
default   [  21% ] 50 VUs  02m07.0s/10m0s

running (02m07.9s), 50/50 VUs, 53157 complete and 0 interrupted iterations
default   [  21% ] 50 VUs  02m08.0s/10m0s

running (02m08.9s), 50/50 VUs, 53674 complete and 0 interrupted iterations
default   [  21% ] 50 VUs  02m09.0s/10m0s

running (02m09.9s), 50/50 VUs, 54466 complete and 0 interrupted iterations
default   [  22% ] 50 VUs  02m10.0s/10m0s

running (02m10.9s), 50/50 VUs, 55303 complete and 0 interrupted iterations
default   [  22% ] 50 VUs  02m11.0s/10m0s

running (02m11.9s), 50/50 VUs, 55836 complete and 0 interrupted iterations
default   [  22% ] 50 VUs  02m12.0s/10m0s

running (02m12.9s), 50/50 VUs, 56052 complete and 0 interrupted iterations
default   [  22% ] 50 VUs  02m13.0s/10m0s

running (02m13.9s), 50/50 VUs, 56117 complete and 0 interrupted iterations
default   [  22% ] 50 VUs  02m14.0s/10m0s

running (02m14.9s), 50/50 VUs, 56119 complete and 0 interrupted iterations
default   [  22% ] 50 VUs  02m15.0s/10m0s

running (02m15.9s), 50/50 VUs, 56121 complete and 0 interrupted iterations
default   [  23% ] 50 VUs  02m16.0s/10m0s

running (02m16.9s), 50/50 VUs, 56122 complete and 0 interrupted iterations
default   [  23% ] 50 VUs  02m17.0s/10m0s

running (02m17.9s), 50/50 VUs, 56122 complete and 0 interrupted iterations
default   [  23% ] 50 VUs  02m18.0s/10m0s

running (02m18.9s), 50/50 VUs, 56717 complete and 0 interrupted iterations
default   [  23% ] 50 VUs  02m19.0s/10m0s

running (02m19.9s), 50/50 VUs, 57055 complete and 0 interrupted iterations
default   [  23% ] 50 VUs  02m20.0s/10m0s

running (02m20.9s), 50/50 VUs, 57056 complete and 0 interrupted iterations
default   [  23% ] 50 VUs  02m21.0s/10m0s

running (02m21.9s), 50/50 VUs, 57415 complete and 0 interrupted iterations
default   [  24% ] 50 VUs  02m22.0s/10m0s

running (02m22.9s), 50/50 VUs, 58074 complete and 0 interrupted iterations
default   [  24% ] 50 VUs  02m23.0s/10m0s

running (02m23.9s), 50/50 VUs, 58663 complete and 0 interrupted iterations
default   [  24% ] 50 VUs  02m24.0s/10m0s

running (02m24.9s), 50/50 VUs, 58749 complete and 0 interrupted iterations
default   [  24% ] 50 VUs  02m25.0s/10m0s

running (02m25.9s), 50/50 VUs, 59600 complete and 0 interrupted iterations
default   [  24% ] 50 VUs  02m26.0s/10m0s

running (02m26.9s), 50/50 VUs, 60228 complete and 0 interrupted iterations
default   [  24% ] 50 VUs  02m27.0s/10m0s

running (02m27.9s), 50/50 VUs, 60997 complete and 0 interrupted iterations
default   [  25% ] 50 VUs  02m28.0s/10m0s

running (02m28.9s), 50/50 VUs, 61730 complete and 0 interrupted iterations
default   [  25% ] 50 VUs  02m29.0s/10m0s

running (02m29.9s), 50/50 VUs, 62395 complete and 0 interrupted iterations
default   [  25% ] 50 VUs  02m30.0s/10m0s

running (02m30.9s), 50/50 VUs, 63116 complete and 0 interrupted iterations
default   [  25% ] 50 VUs  02m31.0s/10m0s

running (02m31.9s), 50/50 VUs, 63808 complete and 0 interrupted iterations
default   [  25% ] 50 VUs  02m32.0s/10m0s

running (02m32.9s), 50/50 VUs, 64610 complete and 0 interrupted iterations
default   [  25% ] 50 VUs  02m33.0s/10m0s

running (02m33.9s), 50/50 VUs, 65188 complete and 0 interrupted iterations
default   [  26% ] 50 VUs  02m34.0s/10m0s

running (02m34.9s), 50/50 VUs, 65758 complete and 0 interrupted iterations
default   [  26% ] 50 VUs  02m35.0s/10m0s

running (02m35.9s), 50/50 VUs, 66175 complete and 0 interrupted iterations
default   [  26% ] 50 VUs  02m36.0s/10m0s

running (02m36.9s), 50/50 VUs, 66946 complete and 0 interrupted iterations
default   [  26% ] 50 VUs  02m37.0s/10m0s

running (02m37.9s), 50/50 VUs, 67631 complete and 0 interrupted iterations
default   [  26% ] 50 VUs  02m38.0s/10m0s

running (02m38.9s), 50/50 VUs, 68310 complete and 0 interrupted iterations
default   [  26% ] 50 VUs  02m39.0s/10m0s

running (02m39.9s), 50/50 VUs, 69035 complete and 0 interrupted iterations
default   [  27% ] 50 VUs  02m40.0s/10m0s

running (02m40.9s), 50/50 VUs, 69808 complete and 0 interrupted iterations
default   [  27% ] 50 VUs  02m41.0s/10m0s

running (02m41.9s), 50/50 VUs, 70562 complete and 0 interrupted iterations
default   [  27% ] 50 VUs  02m42.0s/10m0s

running (02m42.9s), 50/50 VUs, 71207 complete and 0 interrupted iterations
default   [  27% ] 50 VUs  02m43.0s/10m0s

running (02m43.9s), 50/50 VUs, 71654 complete and 0 interrupted iterations
default   [  27% ] 50 VUs  02m44.0s/10m0s

running (02m44.9s), 50/50 VUs, 72181 complete and 0 interrupted iterations
default   [  27% ] 50 VUs  02m45.0s/10m0s

running (02m45.9s), 50/50 VUs, 72795 complete and 0 interrupted iterations
default   [  28% ] 50 VUs  02m46.0s/10m0s

running (02m46.9s), 50/50 VUs, 73466 complete and 0 interrupted iterations
default   [  28% ] 50 VUs  02m47.0s/10m0s

running (02m47.9s), 50/50 VUs, 74262 complete and 0 interrupted iterations
default   [  28% ] 50 VUs  02m48.0s/10m0s

running (02m48.9s), 50/50 VUs, 75012 complete and 0 interrupted iterations
default   [  28% ] 50 VUs  02m49.0s/10m0s

running (02m49.9s), 50/50 VUs, 75697 complete and 0 interrupted iterations
default   [  28% ] 50 VUs  02m50.0s/10m0s

running (02m50.9s), 50/50 VUs, 76251 complete and 0 interrupted iterations
default   [  28% ] 50 VUs  02m51.0s/10m0s

running (02m51.9s), 50/50 VUs, 76898 complete and 0 interrupted iterations
default   [  29% ] 50 VUs  02m52.0s/10m0s

running (02m52.9s), 50/50 VUs, 77653 complete and 0 interrupted iterations
default   [  29% ] 50 VUs  02m53.0s/10m0s

running (02m53.9s), 50/50 VUs, 78386 complete and 0 interrupted iterations
default   [  29% ] 50 VUs  02m54.0s/10m0s

running (02m54.9s), 50/50 VUs, 79040 complete and 0 interrupted iterations
default   [  29% ] 50 VUs  02m55.0s/10m0s

running (02m55.9s), 50/50 VUs, 79624 complete and 0 interrupted iterations
default   [  29% ] 50 VUs  02m56.0s/10m0s

running (02m56.9s), 50/50 VUs, 80375 complete and 0 interrupted iterations
default   [  29% ] 50 VUs  02m57.0s/10m0s

running (02m57.9s), 50/50 VUs, 81081 complete and 0 interrupted iterations
default   [  30% ] 50 VUs  02m58.0s/10m0s

running (02m58.9s), 50/50 VUs, 81939 complete and 0 interrupted iterations
default   [  30% ] 50 VUs  02m59.0s/10m0s

running (02m59.9s), 50/50 VUs, 82437 complete and 0 interrupted iterations
default   [  30% ] 50 VUs  03m00.0s/10m0s

running (03m00.9s), 50/50 VUs, 83190 complete and 0 interrupted iterations
default   [  30% ] 50 VUs  03m01.0s/10m0s

running (03m01.9s), 50/50 VUs, 83842 complete and 0 interrupted iterations
default   [  30% ] 50 VUs  03m02.0s/10m0s

running (03m02.9s), 50/50 VUs, 84582 complete and 0 interrupted iterations
default   [  30% ] 50 VUs  03m03.0s/10m0s

running (03m03.9s), 50/50 VUs, 85189 complete and 0 interrupted iterations
default   [  31% ] 50 VUs  03m04.0s/10m0s

running (03m04.9s), 50/50 VUs, 85657 complete and 0 interrupted iterations
default   [  31% ] 50 VUs  03m05.0s/10m0s

running (03m05.9s), 50/50 VUs, 85804 complete and 0 interrupted iterations
default   [  31% ] 50 VUs  03m06.0s/10m0s

running (03m06.9s), 50/50 VUs, 86178 complete and 0 interrupted iterations
default   [  31% ] 50 VUs  03m07.0s/10m0s

running (03m07.9s), 50/50 VUs, 86932 complete and 0 interrupted iterations
default   [  31% ] 50 VUs  03m08.0s/10m0s

running (03m08.9s), 50/50 VUs, 87511 complete and 0 interrupted iterations
default   [  31% ] 50 VUs  03m09.0s/10m0s

running (03m09.9s), 50/50 VUs, 87569 complete and 0 interrupted iterations
default   [  32% ] 50 VUs  03m10.0s/10m0s

running (03m10.9s), 50/50 VUs, 87966 complete and 0 interrupted iterations
default   [  32% ] 50 VUs  03m11.0s/10m0s

running (03m11.9s), 50/50 VUs, 88186 complete and 0 interrupted iterations
default   [  32% ] 50 VUs  03m12.0s/10m0s

running (03m12.9s), 50/50 VUs, 88216 complete and 0 interrupted iterations
default   [  32% ] 50 VUs  03m13.0s/10m0s

running (03m13.9s), 50/50 VUs, 88680 complete and 0 interrupted iterations
default   [  32% ] 50 VUs  03m14.0s/10m0s

running (03m14.9s), 50/50 VUs, 89382 complete and 0 interrupted iterations
default   [  32% ] 50 VUs  03m15.0s/10m0s

running (03m15.9s), 50/50 VUs, 89787 complete and 0 interrupted iterations
default   [  33% ] 50 VUs  03m16.0s/10m0s

running (03m16.9s), 50/50 VUs, 90060 complete and 0 interrupted iterations
default   [  33% ] 50 VUs  03m17.0s/10m0s

running (03m17.9s), 50/50 VUs, 90134 complete and 0 interrupted iterations
default   [  33% ] 50 VUs  03m18.0s/10m0s

running (03m18.9s), 50/50 VUs, 90726 complete and 0 interrupted iterations
default   [  33% ] 50 VUs  03m19.0s/10m0s

running (03m19.9s), 50/50 VUs, 91041 complete and 0 interrupted iterations
default   [  33% ] 50 VUs  03m20.0s/10m0s

running (03m20.9s), 50/50 VUs, 91483 complete and 0 interrupted iterations
default   [  33% ] 50 VUs  03m21.0s/10m0s

running (03m21.9s), 50/50 VUs, 91642 complete and 0 interrupted iterations
default   [  34% ] 50 VUs  03m22.0s/10m0s

running (03m22.9s), 50/50 VUs, 92090 complete and 0 interrupted iterations
default   [  34% ] 50 VUs  03m23.0s/10m0s

running (03m23.9s), 50/50 VUs, 92232 complete and 0 interrupted iterations
default   [  34% ] 50 VUs  03m24.0s/10m0s

running (03m24.9s), 50/50 VUs, 92278 complete and 0 interrupted iterations
default   [  34% ] 50 VUs  03m25.0s/10m0s

running (03m25.9s), 50/50 VUs, 92454 complete and 0 interrupted iterations
default   [  34% ] 50 VUs  03m26.0s/10m0s

running (03m26.9s), 50/50 VUs, 92461 complete and 0 interrupted iterations
default   [  34% ] 50 VUs  03m27.0s/10m0s

running (03m27.9s), 50/50 VUs, 92551 complete and 0 interrupted iterations
default   [  35% ] 50 VUs  03m28.0s/10m0s

running (03m28.9s), 50/50 VUs, 93367 complete and 0 interrupted iterations
default   [  35% ] 50 VUs  03m29.0s/10m0s

running (03m29.9s), 50/50 VUs, 94024 complete and 0 interrupted iterations
default   [  35% ] 50 VUs  03m30.0s/10m0s

running (03m30.9s), 50/50 VUs, 94680 complete and 0 interrupted iterations
default   [  35% ] 50 VUs  03m31.0s/10m0s

running (03m31.9s), 50/50 VUs, 95063 complete and 0 interrupted iterations
default   [  35% ] 50 VUs  03m32.0s/10m0s

running (03m32.9s), 50/50 VUs, 95183 complete and 0 interrupted iterations
default   [  35% ] 50 VUs  03m33.0s/10m0s

running (03m33.9s), 50/50 VUs, 95331 complete and 0 interrupted iterations
default   [  36% ] 50 VUs  03m34.0s/10m0s

running (03m34.9s), 50/50 VUs, 95334 complete and 0 interrupted iterations
default   [  36% ] 50 VUs  03m35.0s/10m0s

running (03m35.9s), 50/50 VUs, 95334 complete and 0 interrupted iterations
default   [  36% ] 50 VUs  03m36.0s/10m0s

running (03m36.9s), 50/50 VUs, 95334 complete and 0 interrupted iterations
default   [  36% ] 50 VUs  03m37.0s/10m0s

running (03m37.9s), 50/50 VUs, 95624 complete and 0 interrupted iterations
default   [  36% ] 50 VUs  03m38.0s/10m0s

running (03m38.9s), 50/50 VUs, 95722 complete and 0 interrupted iterations
default   [  36% ] 50 VUs  03m39.0s/10m0s

running (03m39.9s), 50/50 VUs, 96046 complete and 0 interrupted iterations
default   [  37% ] 50 VUs  03m40.0s/10m0s

running (03m40.9s), 50/50 VUs, 96449 complete and 0 interrupted iterations
default   [  37% ] 50 VUs  03m41.0s/10m0s

running (03m41.9s), 50/50 VUs, 96900 complete and 0 interrupted iterations
default   [  37% ] 50 VUs  03m42.0s/10m0s

running (03m42.9s), 50/50 VUs, 97083 complete and 0 interrupted iterations
default   [  37% ] 50 VUs  03m43.0s/10m0s

running (03m43.9s), 50/50 VUs, 97274 complete and 0 interrupted iterations
default   [  37% ] 50 VUs  03m44.0s/10m0s

running (03m44.9s), 50/50 VUs, 97861 complete and 0 interrupted iterations
default   [  37% ] 50 VUs  03m45.0s/10m0s

running (03m45.9s), 50/50 VUs, 98447 complete and 0 interrupted iterations
default   [  38% ] 50 VUs  03m46.0s/10m0s

running (03m46.9s), 50/50 VUs, 99200 complete and 0 interrupted iterations
default   [  38% ] 50 VUs  03m47.0s/10m0s

running (03m47.9s), 50/50 VUs, 99865 complete and 0 interrupted iterations
default   [  38% ] 50 VUs  03m48.0s/10m0s

running (03m48.9s), 50/50 VUs, 100576 complete and 0 interrupted iterations
default   [  38% ] 50 VUs  03m49.0s/10m0s

running (03m49.9s), 50/50 VUs, 101321 complete and 0 interrupted iterations
default   [  38% ] 50 VUs  03m50.0s/10m0s

running (03m50.9s), 50/50 VUs, 102088 complete and 0 interrupted iterations
default   [  38% ] 50 VUs  03m51.0s/10m0s

running (03m51.9s), 50/50 VUs, 102723 complete and 0 interrupted iterations
default   [  39% ] 50 VUs  03m52.0s/10m0s

running (03m52.9s), 50/50 VUs, 103429 complete and 0 interrupted iterations
default   [  39% ] 50 VUs  03m53.0s/10m0s

running (03m53.9s), 50/50 VUs, 103960 complete and 0 interrupted iterations
default   [  39% ] 50 VUs  03m54.0s/10m0s

running (03m54.9s), 50/50 VUs, 104719 complete and 0 interrupted iterations
default   [  39% ] 50 VUs  03m55.0s/10m0s

running (03m55.9s), 50/50 VUs, 105345 complete and 0 interrupted iterations
default   [  39% ] 50 VUs  03m56.0s/10m0s

running (03m56.9s), 50/50 VUs, 106019 complete and 0 interrupted iterations
default   [  39% ] 50 VUs  03m57.0s/10m0s

running (03m57.9s), 50/50 VUs, 106850 complete and 0 interrupted iterations
default   [  40% ] 50 VUs  03m58.0s/10m0s

running (03m58.9s), 50/50 VUs, 107445 complete and 0 interrupted iterations
default   [  40% ] 50 VUs  03m59.0s/10m0s

running (03m59.9s), 50/50 VUs, 108122 complete and 0 interrupted iterations
default   [  40% ] 50 VUs  04m00.0s/10m0s

running (04m00.9s), 50/50 VUs, 108702 complete and 0 interrupted iterations
default   [  40% ] 50 VUs  04m01.0s/10m0s

running (04m01.9s), 50/50 VUs, 109464 complete and 0 interrupted iterations
default   [  40% ] 50 VUs  04m02.0s/10m0s

running (04m02.9s), 50/50 VUs, 110289 complete and 0 interrupted iterations
default   [  40% ] 50 VUs  04m03.0s/10m0s

running (04m03.9s), 50/50 VUs, 110806 complete and 0 interrupted iterations
default   [  41% ] 50 VUs  04m04.0s/10m0s

running (04m04.9s), 50/50 VUs, 111284 complete and 0 interrupted iterations
default   [  41% ] 50 VUs  04m05.0s/10m0s

running (04m05.9s), 50/50 VUs, 111955 complete and 0 interrupted iterations
default   [  41% ] 50 VUs  04m06.0s/10m0s

running (04m06.9s), 50/50 VUs, 112613 complete and 0 interrupted iterations
default   [  41% ] 50 VUs  04m07.0s/10m0s

running (04m07.9s), 50/50 VUs, 113276 complete and 0 interrupted iterations
default   [  41% ] 50 VUs  04m08.0s/10m0s

running (04m08.9s), 50/50 VUs, 114021 complete and 0 interrupted iterations
default   [  41% ] 50 VUs  04m09.0s/10m0s

running (04m09.9s), 50/50 VUs, 114796 complete and 0 interrupted iterations
default   [  42% ] 50 VUs  04m10.0s/10m0s

running (04m10.9s), 50/50 VUs, 115502 complete and 0 interrupted iterations
default   [  42% ] 50 VUs  04m11.0s/10m0s

running (04m11.9s), 50/50 VUs, 116143 complete and 0 interrupted iterations
default   [  42% ] 50 VUs  04m12.0s/10m0s

running (04m12.9s), 50/50 VUs, 116884 complete and 0 interrupted iterations
default   [  42% ] 50 VUs  04m13.0s/10m0s

running (04m13.9s), 50/50 VUs, 117596 complete and 0 interrupted iterations
default   [  42% ] 50 VUs  04m14.0s/10m0s

running (04m14.9s), 50/50 VUs, 118232 complete and 0 interrupted iterations
default   [  42% ] 50 VUs  04m15.0s/10m0s

running (04m15.9s), 50/50 VUs, 118791 complete and 0 interrupted iterations
default   [  43% ] 50 VUs  04m16.0s/10m0s

running (04m16.9s), 50/50 VUs, 119374 complete and 0 interrupted iterations
default   [  43% ] 50 VUs  04m17.0s/10m0s

running (04m17.9s), 50/50 VUs, 120064 complete and 0 interrupted iterations
default   [  43% ] 50 VUs  04m18.0s/10m0s

running (04m18.9s), 50/50 VUs, 120633 complete and 0 interrupted iterations
default   [  43% ] 50 VUs  04m19.0s/10m0s

running (04m19.9s), 50/50 VUs, 121297 complete and 0 interrupted iterations
default   [  43% ] 50 VUs  04m20.0s/10m0s

running (04m20.9s), 50/50 VUs, 121878 complete and 0 interrupted iterations
default   [  43% ] 50 VUs  04m21.0s/10m0s

running (04m21.9s), 50/50 VUs, 122480 complete and 0 interrupted iterations
default   [  44% ] 50 VUs  04m22.0s/10m0s

running (04m22.9s), 50/50 VUs, 122993 complete and 0 interrupted iterations
default   [  44% ] 50 VUs  04m23.0s/10m0s

running (04m23.9s), 50/50 VUs, 123473 complete and 0 interrupted iterations
default   [  44% ] 50 VUs  04m24.0s/10m0s

running (04m24.9s), 50/50 VUs, 124128 complete and 0 interrupted iterations
default   [  44% ] 50 VUs  04m25.0s/10m0s

running (04m25.9s), 50/50 VUs, 124722 complete and 0 interrupted iterations
default   [  44% ] 50 VUs  04m26.0s/10m0s

running (04m26.9s), 50/50 VUs, 125474 complete and 0 interrupted iterations
default   [  44% ] 50 VUs  04m27.0s/10m0s

running (04m27.9s), 50/50 VUs, 126071 complete and 0 interrupted iterations
default   [  45% ] 50 VUs  04m28.0s/10m0s

running (04m28.9s), 50/50 VUs, 126534 complete and 0 interrupted iterations
default   [  45% ] 50 VUs  04m29.0s/10m0s

running (04m29.9s), 50/50 VUs, 126958 complete and 0 interrupted iterations
default   [  45% ] 50 VUs  04m30.0s/10m0s

running (04m30.9s), 50/50 VUs, 127200 complete and 0 interrupted iterations
default   [  45% ] 50 VUs  04m31.0s/10m0s

running (04m31.9s), 50/50 VUs, 127604 complete and 0 interrupted iterations
default   [  45% ] 50 VUs  04m32.0s/10m0s

running (04m32.9s), 50/50 VUs, 127819 complete and 0 interrupted iterations
default   [  45% ] 50 VUs  04m33.0s/10m0s

running (04m33.9s), 50/50 VUs, 128198 complete and 0 interrupted iterations
default   [  46% ] 50 VUs  04m34.0s/10m0s

running (04m34.9s), 50/50 VUs, 128289 complete and 0 interrupted iterations
default   [  46% ] 50 VUs  04m35.0s/10m0s

running (04m35.9s), 50/50 VUs, 128549 complete and 0 interrupted iterations
default   [  46% ] 50 VUs  04m36.0s/10m0s

running (04m36.9s), 50/50 VUs, 128800 complete and 0 interrupted iterations
default   [  46% ] 50 VUs  04m37.0s/10m0s

running (04m37.9s), 50/50 VUs, 128904 complete and 0 interrupted iterations
default   [  46% ] 50 VUs  04m38.0s/10m0s

running (04m38.9s), 50/50 VUs, 128908 complete and 0 interrupted iterations
default   [  46% ] 50 VUs  04m39.0s/10m0s

running (04m39.9s), 50/50 VUs, 129147 complete and 0 interrupted iterations
default   [  47% ] 50 VUs  04m40.0s/10m0s

running (04m40.9s), 50/50 VUs, 129281 complete and 0 interrupted iterations
default   [  47% ] 50 VUs  04m41.0s/10m0s

running (04m41.9s), 50/50 VUs, 129716 complete and 0 interrupted iterations
default   [  47% ] 50 VUs  04m42.0s/10m0s

running (04m42.9s), 50/50 VUs, 129834 complete and 0 interrupted iterations
default   [  47% ] 50 VUs  04m43.0s/10m0s

running (04m43.9s), 50/50 VUs, 129835 complete and 0 interrupted iterations
default   [  47% ] 50 VUs  04m44.0s/10m0s

running (04m44.9s), 50/50 VUs, 130373 complete and 0 interrupted iterations
default   [  47% ] 50 VUs  04m45.0s/10m0s

running (04m45.9s), 50/50 VUs, 130581 complete and 0 interrupted iterations
default   [  48% ] 50 VUs  04m46.0s/10m0s

running (04m46.9s), 50/50 VUs, 130583 complete and 0 interrupted iterations
default   [  48% ] 50 VUs  04m47.0s/10m0s

running (04m47.9s), 50/50 VUs, 131159 complete and 0 interrupted iterations
default   [  48% ] 50 VUs  04m48.0s/10m0s

running (04m48.9s), 50/50 VUs, 131873 complete and 0 interrupted iterations
default   [  48% ] 50 VUs  04m49.0s/10m0s

running (04m49.9s), 50/50 VUs, 132235 complete and 0 interrupted iterations
default   [  48% ] 50 VUs  04m50.0s/10m0s

running (04m50.9s), 50/50 VUs, 132343 complete and 0 interrupted iterations
default   [  48% ] 50 VUs  04m51.0s/10m0s

running (04m51.9s), 50/50 VUs, 132585 complete and 0 interrupted iterations
default   [  49% ] 50 VUs  04m52.0s/10m0s

running (04m52.9s), 50/50 VUs, 132825 complete and 0 interrupted iterations
default   [  49% ] 50 VUs  04m53.0s/10m0s

running (04m53.9s), 50/50 VUs, 133449 complete and 0 interrupted iterations
default   [  49% ] 50 VUs  04m54.0s/10m0s

running (04m54.9s), 50/50 VUs, 134096 complete and 0 interrupted iterations
default   [  49% ] 50 VUs  04m55.0s/10m0s

running (04m55.9s), 50/50 VUs, 134156 complete and 0 interrupted iterations
default   [  49% ] 50 VUs  04m56.0s/10m0s

running (04m56.9s), 50/50 VUs, 134164 complete and 0 interrupted iterations
default   [  49% ] 50 VUs  04m57.0s/10m0s

running (04m57.9s), 50/50 VUs, 134488 complete and 0 interrupted iterations
default   [  50% ] 50 VUs  04m58.0s/10m0s

running (04m58.9s), 50/50 VUs, 134579 complete and 0 interrupted iterations
default   [  50% ] 50 VUs  04m59.0s/10m0s

running (04m59.9s), 50/50 VUs, 135113 complete and 0 interrupted iterations
default   [  50% ] 50 VUs  05m00.0s/10m0s

running (05m00.9s), 50/50 VUs, 135240 complete and 0 interrupted iterations
default   [  50% ] 50 VUs  05m01.0s/10m0s

running (05m01.9s), 50/50 VUs, 135418 complete and 0 interrupted iterations
default   [  50% ] 50 VUs  05m02.0s/10m0s

running (05m02.9s), 50/50 VUs, 135559 complete and 0 interrupted iterations
default   [  50% ] 50 VUs  05m03.0s/10m0s

running (05m03.9s), 50/50 VUs, 135764 complete and 0 interrupted iterations
default   [  51% ] 50 VUs  05m04.0s/10m0s

running (05m04.9s), 50/50 VUs, 136082 complete and 0 interrupted iterations
default   [  51% ] 50 VUs  05m05.0s/10m0s

running (05m05.9s), 50/50 VUs, 136271 complete and 0 interrupted iterations
default   [  51% ] 50 VUs  05m06.0s/10m0s

running (05m06.9s), 50/50 VUs, 136518 complete and 0 interrupted iterations
default   [  51% ] 50 VUs  05m07.0s/10m0s

running (05m07.9s), 50/50 VUs, 136637 complete and 0 interrupted iterations
default   [  51% ] 50 VUs  05m08.0s/10m0s

running (05m08.9s), 50/50 VUs, 136845 complete and 0 interrupted iterations
default   [  51% ] 50 VUs  05m09.0s/10m0s

running (05m09.9s), 50/50 VUs, 137352 complete and 0 interrupted iterations
default   [  52% ] 50 VUs  05m10.0s/10m0s

running (05m10.9s), 50/50 VUs, 137800 complete and 0 interrupted iterations
default   [  52% ] 50 VUs  05m11.0s/10m0s

running (05m11.9s), 50/50 VUs, 138601 complete and 0 interrupted iterations
default   [  52% ] 50 VUs  05m12.0s/10m0s

running (05m12.9s), 50/50 VUs, 139236 complete and 0 interrupted iterations
default   [  52% ] 50 VUs  05m13.0s/10m0s

running (05m13.9s), 50/50 VUs, 139928 complete and 0 interrupted iterations
default   [  52% ] 50 VUs  05m14.0s/10m0s

running (05m14.9s), 50/50 VUs, 140510 complete and 0 interrupted iterations
default   [  52% ] 50 VUs  05m15.0s/10m0s

running (05m15.9s), 50/50 VUs, 141236 complete and 0 interrupted iterations
default   [  53% ] 50 VUs  05m16.0s/10m0s

running (05m16.9s), 50/50 VUs, 141735 complete and 0 interrupted iterations
default   [  53% ] 50 VUs  05m17.0s/10m0s

running (05m17.9s), 50/50 VUs, 142315 complete and 0 interrupted iterations
default   [  53% ] 50 VUs  05m18.0s/10m0s

running (05m18.9s), 50/50 VUs, 142375 complete and 0 interrupted iterations
default   [  53% ] 50 VUs  05m19.0s/10m0s

running (05m19.9s), 50/50 VUs, 143075 complete and 0 interrupted iterations
default   [  53% ] 50 VUs  05m20.0s/10m0s

running (05m20.9s), 50/50 VUs, 143660 complete and 0 interrupted iterations
default   [  53% ] 50 VUs  05m21.0s/10m0s

running (05m21.9s), 50/50 VUs, 143662 complete and 0 interrupted iterations
default   [  54% ] 50 VUs  05m22.0s/10m0s

running (05m22.9s), 50/50 VUs, 144110 complete and 0 interrupted iterations
default   [  54% ] 50 VUs  05m23.0s/10m0s

running (05m23.9s), 50/50 VUs, 144678 complete and 0 interrupted iterations
default   [  54% ] 50 VUs  05m24.0s/10m0s

running (05m24.9s), 50/50 VUs, 145293 complete and 0 interrupted iterations
default   [  54% ] 50 VUs  05m25.0s/10m0s

running (05m25.9s), 50/50 VUs, 146009 complete and 0 interrupted iterations
default   [  54% ] 50 VUs  05m26.0s/10m0s

running (05m26.9s), 50/50 VUs, 146210 complete and 0 interrupted iterations
default   [  54% ] 50 VUs  05m27.0s/10m0s

running (05m27.9s), 50/50 VUs, 146483 complete and 0 interrupted iterations
default   [  55% ] 50 VUs  05m28.0s/10m0s

running (05m28.9s), 50/50 VUs, 146826 complete and 0 interrupted iterations
default   [  55% ] 50 VUs  05m29.0s/10m0s

running (05m29.9s), 50/50 VUs, 146962 complete and 0 interrupted iterations
default   [  55% ] 50 VUs  05m30.0s/10m0s

running (05m30.9s), 50/50 VUs, 147526 complete and 0 interrupted iterations
default   [  55% ] 50 VUs  05m31.0s/10m0s

running (05m31.9s), 50/50 VUs, 148149 complete and 0 interrupted iterations
default   [  55% ] 50 VUs  05m32.0s/10m0s

running (05m32.9s), 50/50 VUs, 148690 complete and 0 interrupted iterations
default   [  55% ] 50 VUs  05m33.0s/10m0s

running (05m33.9s), 50/50 VUs, 148690 complete and 0 interrupted iterations
default   [  56% ] 50 VUs  05m34.0s/10m0s

running (05m34.9s), 50/50 VUs, 148713 complete and 0 interrupted iterations
default   [  56% ] 50 VUs  05m35.0s/10m0s

running (05m35.9s), 50/50 VUs, 149108 complete and 0 interrupted iterations
default   [  56% ] 50 VUs  05m36.0s/10m0s

running (05m36.9s), 50/50 VUs, 149597 complete and 0 interrupted iterations
default   [  56% ] 50 VUs  05m37.0s/10m0s

running (05m37.9s), 50/50 VUs, 149946 complete and 0 interrupted iterations
default   [  56% ] 50 VUs  05m38.0s/10m0s

running (05m38.9s), 50/50 VUs, 150050 complete and 0 interrupted iterations
default   [  56% ] 50 VUs  05m39.0s/10m0s

running (05m39.9s), 50/50 VUs, 150699 complete and 0 interrupted iterations
default   [  57% ] 50 VUs  05m40.0s/10m0s

running (05m40.9s), 50/50 VUs, 150864 complete and 0 interrupted iterations
default   [  57% ] 50 VUs  05m41.0s/10m0s

running (05m41.9s), 50/50 VUs, 151230 complete and 0 interrupted iterations
default   [  57% ] 50 VUs  05m42.0s/10m0s

running (05m42.9s), 50/50 VUs, 151431 complete and 0 interrupted iterations
default   [  57% ] 50 VUs  05m43.0s/10m0s

running (05m43.9s), 50/50 VUs, 151596 complete and 0 interrupted iterations
default   [  57% ] 50 VUs  05m44.0s/10m0s

running (05m44.9s), 50/50 VUs, 151918 complete and 0 interrupted iterations
default   [  57% ] 50 VUs  05m45.0s/10m0s

running (05m45.9s), 50/50 VUs, 152216 complete and 0 interrupted iterations
default   [  58% ] 50 VUs  05m46.0s/10m0s

running (05m46.9s), 50/50 VUs, 152223 complete and 0 interrupted iterations
default   [  58% ] 50 VUs  05m47.0s/10m0s

running (05m47.9s), 50/50 VUs, 152732 complete and 0 interrupted iterations
default   [  58% ] 50 VUs  05m48.0s/10m0s

running (05m48.9s), 50/50 VUs, 152837 complete and 0 interrupted iterations
default   [  58% ] 50 VUs  05m49.0s/10m0s

running (05m49.9s), 50/50 VUs, 153088 complete and 0 interrupted iterations
default   [  58% ] 50 VUs  05m50.0s/10m0s

running (05m50.9s), 50/50 VUs, 153823 complete and 0 interrupted iterations
default   [  58% ] 50 VUs  05m51.0s/10m0s

running (05m51.9s), 50/50 VUs, 154247 complete and 0 interrupted iterations
default   [  59% ] 50 VUs  05m52.0s/10m0s

running (05m52.9s), 50/50 VUs, 154524 complete and 0 interrupted iterations
default   [  59% ] 50 VUs  05m53.0s/10m0s

running (05m53.9s), 50/50 VUs, 154536 complete and 0 interrupted iterations
default   [  59% ] 50 VUs  05m54.0s/10m0s

running (05m54.9s), 50/50 VUs, 154628 complete and 0 interrupted iterations
default   [  59% ] 50 VUs  05m55.0s/10m0s

running (05m55.9s), 50/50 VUs, 154963 complete and 0 interrupted iterations
default   [  59% ] 50 VUs  05m56.0s/10m0s

running (05m56.9s), 50/50 VUs, 155535 complete and 0 interrupted iterations
default   [  59% ] 50 VUs  05m57.0s/10m0s

running (05m57.9s), 50/50 VUs, 155830 complete and 0 interrupted iterations
default   [  60% ] 50 VUs  05m58.0s/10m0s

running (05m58.9s), 50/50 VUs, 156092 complete and 0 interrupted iterations
default   [  60% ] 50 VUs  05m59.0s/10m0s

running (05m59.9s), 50/50 VUs, 156353 complete and 0 interrupted iterations
default   [  60% ] 50 VUs  06m00.0s/10m0s

running (06m00.9s), 50/50 VUs, 156603 complete and 0 interrupted iterations
default   [  60% ] 50 VUs  06m01.0s/10m0s

running (06m01.9s), 50/50 VUs, 156798 complete and 0 interrupted iterations
default   [  60% ] 50 VUs  06m02.0s/10m0s

running (06m02.9s), 50/50 VUs, 157258 complete and 0 interrupted iterations
default   [  60% ] 50 VUs  06m03.0s/10m0s

running (06m03.9s), 50/50 VUs, 157547 complete and 0 interrupted iterations
default   [  61% ] 50 VUs  06m04.0s/10m0s

running (06m04.9s), 50/50 VUs, 157661 complete and 0 interrupted iterations
default   [  61% ] 50 VUs  06m05.0s/10m0s

running (06m05.9s), 50/50 VUs, 157767 complete and 0 interrupted iterations
default   [  61% ] 50 VUs  06m06.0s/10m0s

running (06m06.9s), 50/50 VUs, 158229 complete and 0 interrupted iterations
default   [  61% ] 50 VUs  06m07.0s/10m0s

running (06m07.9s), 50/50 VUs, 158252 complete and 0 interrupted iterations
default   [  61% ] 50 VUs  06m08.0s/10m0s

running (06m08.9s), 50/50 VUs, 158588 complete and 0 interrupted iterations
default   [  61% ] 50 VUs  06m09.0s/10m0s

running (06m09.9s), 50/50 VUs, 159366 complete and 0 interrupted iterations
default   [  62% ] 50 VUs  06m10.0s/10m0s

running (06m10.9s), 50/50 VUs, 159787 complete and 0 interrupted iterations
default   [  62% ] 50 VUs  06m11.0s/10m0s

running (06m11.9s), 50/50 VUs, 159793 complete and 0 interrupted iterations
default   [  62% ] 50 VUs  06m12.0s/10m0s

running (06m12.9s), 50/50 VUs, 159794 complete and 0 interrupted iterations
default   [  62% ] 50 VUs  06m13.0s/10m0s

running (06m13.9s), 50/50 VUs, 160379 complete and 0 interrupted iterations
default   [  62% ] 50 VUs  06m14.0s/10m0s

running (06m14.9s), 50/50 VUs, 160551 complete and 0 interrupted iterations
default   [  62% ] 50 VUs  06m15.0s/10m0s

running (06m15.9s), 50/50 VUs, 160927 complete and 0 interrupted iterations
default   [  63% ] 50 VUs  06m16.0s/10m0s

running (06m16.9s), 50/50 VUs, 161218 complete and 0 interrupted iterations
default   [  63% ] 50 VUs  06m17.0s/10m0s

running (06m17.9s), 50/50 VUs, 161223 complete and 0 interrupted iterations
default   [  63% ] 50 VUs  06m18.0s/10m0s

running (06m18.9s), 50/50 VUs, 161665 complete and 0 interrupted iterations
default   [  63% ] 50 VUs  06m19.0s/10m0s

running (06m19.9s), 50/50 VUs, 162303 complete and 0 interrupted iterations
default   [  63% ] 50 VUs  06m20.0s/10m0s

running (06m20.9s), 50/50 VUs, 162487 complete and 0 interrupted iterations
default   [  63% ] 50 VUs  06m21.0s/10m0s

running (06m21.9s), 50/50 VUs, 162601 complete and 0 interrupted iterations
default   [  64% ] 50 VUs  06m22.0s/10m0s

running (06m22.9s), 50/50 VUs, 162837 complete and 0 interrupted iterations
default   [  64% ] 50 VUs  06m23.0s/10m0s

running (06m23.9s), 50/50 VUs, 163586 complete and 0 interrupted iterations
default   [  64% ] 50 VUs  06m24.0s/10m0s

running (06m24.9s), 50/50 VUs, 163790 complete and 0 interrupted iterations
default   [  64% ] 50 VUs  06m25.0s/10m0s

running (06m25.9s), 50/50 VUs, 164273 complete and 0 interrupted iterations
default   [  64% ] 50 VUs  06m26.0s/10m0s

running (06m26.9s), 50/50 VUs, 164316 complete and 0 interrupted iterations
default   [  64% ] 50 VUs  06m27.0s/10m0s

running (06m27.9s), 50/50 VUs, 164627 complete and 0 interrupted iterations
default   [  65% ] 50 VUs  06m28.0s/10m0s

running (06m28.9s), 50/50 VUs, 164816 complete and 0 interrupted iterations
default   [  65% ] 50 VUs  06m29.0s/10m0s

running (06m29.9s), 50/50 VUs, 165006 complete and 0 interrupted iterations
default   [  65% ] 50 VUs  06m30.0s/10m0s

running (06m30.9s), 50/50 VUs, 165301 complete and 0 interrupted iterations
default   [  65% ] 50 VUs  06m31.0s/10m0s

running (06m31.9s), 50/50 VUs, 165628 complete and 0 interrupted iterations
default   [  65% ] 50 VUs  06m32.0s/10m0s

running (06m32.9s), 50/50 VUs, 165858 complete and 0 interrupted iterations
default   [  65% ] 50 VUs  06m33.0s/10m0s

running (06m33.9s), 50/50 VUs, 166265 complete and 0 interrupted iterations
default   [  66% ] 50 VUs  06m34.0s/10m0s

running (06m34.9s), 50/50 VUs, 166498 complete and 0 interrupted iterations
default   [  66% ] 50 VUs  06m35.0s/10m0s

running (06m35.9s), 50/50 VUs, 166956 complete and 0 interrupted iterations
default   [  66% ] 50 VUs  06m36.0s/10m0s

running (06m36.9s), 50/50 VUs, 167009 complete and 0 interrupted iterations
default   [  66% ] 50 VUs  06m37.0s/10m0s

running (06m37.9s), 50/50 VUs, 167037 complete and 0 interrupted iterations
default   [  66% ] 50 VUs  06m38.0s/10m0s

running (06m38.9s), 50/50 VUs, 167469 complete and 0 interrupted iterations
default   [  66% ] 50 VUs  06m39.0s/10m0s

running (06m39.9s), 50/50 VUs, 167795 complete and 0 interrupted iterations
default   [  67% ] 50 VUs  06m40.0s/10m0s

running (06m40.9s), 50/50 VUs, 167846 complete and 0 interrupted iterations
default   [  67% ] 50 VUs  06m41.0s/10m0s

running (06m41.9s), 50/50 VUs, 168473 complete and 0 interrupted iterations
default   [  67% ] 50 VUs  06m42.0s/10m0s

running (06m42.9s), 50/50 VUs, 168575 complete and 0 interrupted iterations
default   [  67% ] 50 VUs  06m43.0s/10m0s

running (06m43.9s), 50/50 VUs, 169062 complete and 0 interrupted iterations
default   [  67% ] 50 VUs  06m44.0s/10m0s

running (06m44.9s), 50/50 VUs, 169194 complete and 0 interrupted iterations
default   [  67% ] 50 VUs  06m45.0s/10m0s

running (06m45.9s), 50/50 VUs, 169774 complete and 0 interrupted iterations
default   [  68% ] 50 VUs  06m46.0s/10m0s

running (06m46.9s), 50/50 VUs, 169780 complete and 0 interrupted iterations
default   [  68% ] 50 VUs  06m47.0s/10m0s

running (06m47.9s), 50/50 VUs, 170379 complete and 0 interrupted iterations
default   [  68% ] 50 VUs  06m48.0s/10m0s

running (06m48.9s), 50/50 VUs, 170502 complete and 0 interrupted iterations
default   [  68% ] 50 VUs  06m49.0s/10m0s

running (06m49.9s), 50/50 VUs, 170510 complete and 0 interrupted iterations
default   [  68% ] 50 VUs  06m50.0s/10m0s

running (06m50.9s), 50/50 VUs, 170980 complete and 0 interrupted iterations
default   [  68% ] 50 VUs  06m51.0s/10m0s

running (06m51.9s), 50/50 VUs, 171590 complete and 0 interrupted iterations
default   [  69% ] 50 VUs  06m52.0s/10m0s

running (06m52.9s), 50/50 VUs, 172044 complete and 0 interrupted iterations
default   [  69% ] 50 VUs  06m53.0s/10m0s

running (06m53.9s), 50/50 VUs, 172296 complete and 0 interrupted iterations
default   [  69% ] 50 VUs  06m54.0s/10m0s

running (06m54.9s), 50/50 VUs, 172376 complete and 0 interrupted iterations
default   [  69% ] 50 VUs  06m55.0s/10m0s

running (06m55.9s), 50/50 VUs, 172865 complete and 0 interrupted iterations
default   [  69% ] 50 VUs  06m56.0s/10m0s

running (06m56.9s), 50/50 VUs, 173499 complete and 0 interrupted iterations
default   [  69% ] 50 VUs  06m57.0s/10m0s

running (06m57.9s), 50/50 VUs, 173704 complete and 0 interrupted iterations
default   [  70% ] 50 VUs  06m58.0s/10m0s

running (06m58.9s), 50/50 VUs, 173804 complete and 0 interrupted iterations
default   [  70% ] 50 VUs  06m59.0s/10m0s

running (06m59.9s), 50/50 VUs, 173972 complete and 0 interrupted iterations
default   [  70% ] 50 VUs  07m00.0s/10m0s

running (07m00.9s), 50/50 VUs, 174368 complete and 0 interrupted iterations
default   [  70% ] 50 VUs  07m01.0s/10m0s

running (07m01.9s), 50/50 VUs, 174609 complete and 0 interrupted iterations
default   [  70% ] 50 VUs  07m02.0s/10m0s

running (07m02.9s), 50/50 VUs, 174731 complete and 0 interrupted iterations
default   [  70% ] 50 VUs  07m03.0s/10m0s

running (07m03.9s), 50/50 VUs, 175109 complete and 0 interrupted iterations
default   [  71% ] 50 VUs  07m04.0s/10m0s

running (07m04.9s), 50/50 VUs, 175333 complete and 0 interrupted iterations
default   [  71% ] 50 VUs  07m05.0s/10m0s

running (07m05.9s), 50/50 VUs, 175642 complete and 0 interrupted iterations
default   [  71% ] 50 VUs  07m06.0s/10m0s

running (07m06.9s), 50/50 VUs, 175771 complete and 0 interrupted iterations
default   [  71% ] 50 VUs  07m07.0s/10m0s

running (07m07.9s), 50/50 VUs, 175849 complete and 0 interrupted iterations
default   [  71% ] 50 VUs  07m08.0s/10m0s

running (07m08.9s), 50/50 VUs, 176326 complete and 0 interrupted iterations
default   [  71% ] 50 VUs  07m09.0s/10m0s

running (07m09.9s), 50/50 VUs, 176939 complete and 0 interrupted iterations
default   [  72% ] 50 VUs  07m10.0s/10m0s

running (07m10.9s), 50/50 VUs, 176942 complete and 0 interrupted iterations
default   [  72% ] 50 VUs  07m11.0s/10m0s

running (07m11.9s), 50/50 VUs, 177024 complete and 0 interrupted iterations
default   [  72% ] 50 VUs  07m12.0s/10m0s

running (07m12.9s), 50/50 VUs, 177461 complete and 0 interrupted iterations
default   [  72% ] 50 VUs  07m13.0s/10m0s

running (07m13.9s), 50/50 VUs, 177634 complete and 0 interrupted iterations
default   [  72% ] 50 VUs  07m14.0s/10m0s

running (07m14.9s), 50/50 VUs, 177972 complete and 0 interrupted iterations
default   [  72% ] 50 VUs  07m15.0s/10m0s

running (07m15.9s), 50/50 VUs, 178249 complete and 0 interrupted iterations
default   [  73% ] 50 VUs  07m16.0s/10m0s

running (07m16.9s), 50/50 VUs, 178255 complete and 0 interrupted iterations
default   [  73% ] 50 VUs  07m17.0s/10m0s

running (07m17.9s), 50/50 VUs, 178637 complete and 0 interrupted iterations
default   [  73% ] 50 VUs  07m18.0s/10m0s

running (07m18.9s), 50/50 VUs, 179245 complete and 0 interrupted iterations
default   [  73% ] 50 VUs  07m19.0s/10m0s

running (07m19.9s), 50/50 VUs, 179617 complete and 0 interrupted iterations
default   [  73% ] 50 VUs  07m20.0s/10m0s

running (07m20.9s), 50/50 VUs, 179654 complete and 0 interrupted iterations
default   [  73% ] 50 VUs  07m21.0s/10m0s

running (07m21.9s), 50/50 VUs, 179703 complete and 0 interrupted iterations
default   [  74% ] 50 VUs  07m22.0s/10m0s

running (07m22.9s), 50/50 VUs, 180254 complete and 0 interrupted iterations
default   [  74% ] 50 VUs  07m23.0s/10m0s

running (07m23.9s), 50/50 VUs, 180811 complete and 0 interrupted iterations
default   [  74% ] 50 VUs  07m24.0s/10m0s

running (07m24.9s), 50/50 VUs, 181018 complete and 0 interrupted iterations
default   [  74% ] 50 VUs  07m25.0s/10m0s

running (07m25.9s), 50/50 VUs, 181299 complete and 0 interrupted iterations
default   [  74% ] 50 VUs  07m26.0s/10m0s

running (07m26.9s), 50/50 VUs, 181329 complete and 0 interrupted iterations
default   [  74% ] 50 VUs  07m27.0s/10m0s

running (07m27.9s), 50/50 VUs, 181825 complete and 0 interrupted iterations
default   [  75% ] 50 VUs  07m28.0s/10m0s

running (07m28.9s), 50/50 VUs, 182077 complete and 0 interrupted iterations
default   [  75% ] 50 VUs  07m29.0s/10m0s

running (07m29.9s), 50/50 VUs, 182312 complete and 0 interrupted iterations
default   [  75% ] 50 VUs  07m30.0s/10m0s

running (07m30.9s), 50/50 VUs, 182409 complete and 0 interrupted iterations
default   [  75% ] 50 VUs  07m31.0s/10m0s

running (07m31.9s), 50/50 VUs, 182784 complete and 0 interrupted iterations
default   [  75% ] 50 VUs  07m32.0s/10m0s

running (07m32.9s), 50/50 VUs, 182784 complete and 0 interrupted iterations
default   [  75% ] 50 VUs  07m33.0s/10m0s

running (07m33.9s), 50/50 VUs, 182784 complete and 0 interrupted iterations
default   [  76% ] 50 VUs  07m34.0s/10m0s

running (07m34.9s), 50/50 VUs, 182784 complete and 0 interrupted iterations
default   [  76% ] 50 VUs  07m35.0s/10m0s

running (07m35.9s), 50/50 VUs, 182784 complete and 0 interrupted iterations
default   [  76% ] 50 VUs  07m36.0s/10m0s

running (07m36.9s), 50/50 VUs, 182784 complete and 0 interrupted iterations
default   [  76% ] 50 VUs  07m37.0s/10m0s

running (07m37.9s), 50/50 VUs, 182784 complete and 0 interrupted iterations
default   [  76% ] 50 VUs  07m38.0s/10m0s

running (07m38.9s), 50/50 VUs, 183211 complete and 0 interrupted iterations
default   [  76% ] 50 VUs  07m39.0s/10m0s

running (07m39.9s), 50/50 VUs, 183311 complete and 0 interrupted iterations
default   [  77% ] 50 VUs  07m40.0s/10m0s

running (07m40.9s), 50/50 VUs, 183419 complete and 0 interrupted iterations
default   [  77% ] 50 VUs  07m41.0s/10m0s

running (07m41.9s), 50/50 VUs, 183421 complete and 0 interrupted iterations
default   [  77% ] 50 VUs  07m42.0s/10m0s

running (07m42.9s), 50/50 VUs, 183968 complete and 0 interrupted iterations
default   [  77% ] 50 VUs  07m43.0s/10m0s

running (07m43.9s), 50/50 VUs, 184607 complete and 0 interrupted iterations
default   [  77% ] 50 VUs  07m44.0s/10m0s

running (07m44.9s), 50/50 VUs, 185175 complete and 0 interrupted iterations
default   [  77% ] 50 VUs  07m45.0s/10m0s

running (07m45.9s), 50/50 VUs, 185195 complete and 0 interrupted iterations
default   [  78% ] 50 VUs  07m46.0s/10m0s

running (07m46.9s), 50/50 VUs, 185818 complete and 0 interrupted iterations
default   [  78% ] 50 VUs  07m47.0s/10m0s

running (07m47.9s), 50/50 VUs, 186407 complete and 0 interrupted iterations
default   [  78% ] 50 VUs  07m48.0s/10m0s

running (07m48.9s), 50/50 VUs, 186954 complete and 0 interrupted iterations
default   [  78% ] 50 VUs  07m49.0s/10m0s

running (07m49.9s), 50/50 VUs, 187568 complete and 0 interrupted iterations
default   [  78% ] 50 VUs  07m50.0s/10m0s

running (07m50.9s), 50/50 VUs, 188247 complete and 0 interrupted iterations
default   [  78% ] 50 VUs  07m51.0s/10m0s

running (07m51.9s), 50/50 VUs, 188847 complete and 0 interrupted iterations
default   [  79% ] 50 VUs  07m52.0s/10m0s

running (07m52.9s), 50/50 VUs, 189527 complete and 0 interrupted iterations
default   [  79% ] 50 VUs  07m53.0s/10m0s

running (07m53.9s), 50/50 VUs, 190317 complete and 0 interrupted iterations
default   [  79% ] 50 VUs  07m54.0s/10m0s

running (07m54.9s), 50/50 VUs, 190919 complete and 0 interrupted iterations
default   [  79% ] 50 VUs  07m55.0s/10m0s

running (07m55.9s), 50/50 VUs, 191312 complete and 0 interrupted iterations
default   [  79% ] 50 VUs  07m56.0s/10m0s

running (07m56.9s), 50/50 VUs, 191801 complete and 0 interrupted iterations
default   [  79% ] 50 VUs  07m57.0s/10m0s

running (07m57.9s), 50/50 VUs, 192125 complete and 0 interrupted iterations
default   [  80% ] 50 VUs  07m58.0s/10m0s

running (07m58.9s), 50/50 VUs, 192534 complete and 0 interrupted iterations
default   [  80% ] 50 VUs  07m59.0s/10m0s

running (07m59.9s), 50/50 VUs, 193126 complete and 0 interrupted iterations
default   [  80% ] 50 VUs  08m00.0s/10m0s

running (08m00.9s), 50/50 VUs, 193965 complete and 0 interrupted iterations
default   [  80% ] 50 VUs  08m01.0s/10m0s

running (08m01.9s), 50/50 VUs, 194561 complete and 0 interrupted iterations
default   [  80% ] 50 VUs  08m02.0s/10m0s

running (08m02.9s), 50/50 VUs, 195261 complete and 0 interrupted iterations
default   [  80% ] 50 VUs  08m03.0s/10m0s

running (08m03.9s), 50/50 VUs, 195959 complete and 0 interrupted iterations
default   [  81% ] 50 VUs  08m04.0s/10m0s

running (08m04.9s), 50/50 VUs, 196454 complete and 0 interrupted iterations
default   [  81% ] 50 VUs  08m05.0s/10m0s

running (08m05.9s), 50/50 VUs, 196939 complete and 0 interrupted iterations
default   [  81% ] 50 VUs  08m06.0s/10m0s

running (08m06.9s), 50/50 VUs, 197551 complete and 0 interrupted iterations
default   [  81% ] 50 VUs  08m07.0s/10m0s

running (08m07.9s), 50/50 VUs, 198321 complete and 0 interrupted iterations
default   [  81% ] 50 VUs  08m08.0s/10m0s

running (08m08.9s), 50/50 VUs, 199143 complete and 0 interrupted iterations
default   [  81% ] 50 VUs  08m09.0s/10m0s

running (08m09.9s), 50/50 VUs, 199691 complete and 0 interrupted iterations
default   [  82% ] 50 VUs  08m10.0s/10m0s

running (08m10.9s), 50/50 VUs, 200459 complete and 0 interrupted iterations
default   [  82% ] 50 VUs  08m11.0s/10m0s

running (08m11.9s), 50/50 VUs, 201192 complete and 0 interrupted iterations
default   [  82% ] 50 VUs  08m12.0s/10m0s

running (08m12.9s), 50/50 VUs, 201989 complete and 0 interrupted iterations
default   [  82% ] 50 VUs  08m13.0s/10m0s

running (08m13.9s), 50/50 VUs, 202677 complete and 0 interrupted iterations
default   [  82% ] 50 VUs  08m14.0s/10m0s

running (08m14.9s), 50/50 VUs, 203321 complete and 0 interrupted iterations
default   [  82% ] 50 VUs  08m15.0s/10m0s

running (08m16.0s), 50/50 VUs, 203328 complete and 0 interrupted iterations
default   [  83% ] 50 VUs  08m16.0s/10m0s

running (08m16.9s), 50/50 VUs, 203340 complete and 0 interrupted iterations
default   [  83% ] 50 VUs  08m17.0s/10m0s

running (08m17.9s), 50/50 VUs, 204068 complete and 0 interrupted iterations
default   [  83% ] 50 VUs  08m18.0s/10m0s

running (08m18.9s), 50/50 VUs, 204682 complete and 0 interrupted iterations
default   [  83% ] 50 VUs  08m19.0s/10m0s

running (08m19.9s), 50/50 VUs, 205335 complete and 0 interrupted iterations
default   [  83% ] 50 VUs  08m20.0s/10m0s

running (08m20.9s), 50/50 VUs, 206035 complete and 0 interrupted iterations
default   [  83% ] 50 VUs  08m21.0s/10m0s

running (08m21.9s), 50/50 VUs, 206836 complete and 0 interrupted iterations
default   [  84% ] 50 VUs  08m22.0s/10m0s

running (08m22.9s), 50/50 VUs, 207459 complete and 0 interrupted iterations
default   [  84% ] 50 VUs  08m23.0s/10m0s

running (08m23.9s), 50/50 VUs, 208216 complete and 0 interrupted iterations
default   [  84% ] 50 VUs  08m24.0s/10m0s

running (08m24.9s), 50/50 VUs, 208768 complete and 0 interrupted iterations
default   [  84% ] 50 VUs  08m25.0s/10m0s

running (08m25.9s), 50/50 VUs, 209545 complete and 0 interrupted iterations
default   [  84% ] 50 VUs  08m26.0s/10m0s

running (08m26.9s), 50/50 VUs, 210209 complete and 0 interrupted iterations
default   [  84% ] 50 VUs  08m27.0s/10m0s

running (08m27.9s), 50/50 VUs, 210809 complete and 0 interrupted iterations
default   [  85% ] 50 VUs  08m28.0s/10m0s

running (08m28.9s), 50/50 VUs, 211449 complete and 0 interrupted iterations
default   [  85% ] 50 VUs  08m29.0s/10m0s

running (08m29.9s), 50/50 VUs, 211919 complete and 0 interrupted iterations
default   [  85% ] 50 VUs  08m30.0s/10m0s

running (08m30.9s), 50/50 VUs, 211954 complete and 0 interrupted iterations
default   [  85% ] 50 VUs  08m31.0s/10m0s

running (08m31.9s), 50/50 VUs, 211998 complete and 0 interrupted iterations
default   [  85% ] 50 VUs  08m32.0s/10m0s

running (08m32.9s), 50/50 VUs, 212040 complete and 0 interrupted iterations
default   [  85% ] 50 VUs  08m33.0s/10m0s

running (08m33.9s), 50/50 VUs, 212164 complete and 0 interrupted iterations
default   [  86% ] 50 VUs  08m34.0s/10m0s

running (08m34.9s), 50/50 VUs, 212673 complete and 0 interrupted iterations
default   [  86% ] 50 VUs  08m35.0s/10m0s

running (08m35.9s), 50/50 VUs, 213138 complete and 0 interrupted iterations
default   [  86% ] 50 VUs  08m36.0s/10m0s

running (08m36.9s), 50/50 VUs, 213209 complete and 0 interrupted iterations
default   [  86% ] 50 VUs  08m37.0s/10m0s

running (08m37.9s), 50/50 VUs, 213490 complete and 0 interrupted iterations
default   [  86% ] 50 VUs  08m38.0s/10m0s

running (08m38.9s), 50/50 VUs, 213490 complete and 0 interrupted iterations
default   [  86% ] 50 VUs  08m39.0s/10m0s

running (08m39.9s), 50/50 VUs, 213831 complete and 0 interrupted iterations
default   [  87% ] 50 VUs  08m40.0s/10m0s

running (08m40.9s), 50/50 VUs, 214430 complete and 0 interrupted iterations
default   [  87% ] 50 VUs  08m41.0s/10m0s

running (08m41.9s), 50/50 VUs, 215123 complete and 0 interrupted iterations
default   [  87% ] 50 VUs  08m42.0s/10m0s

running (08m42.9s), 50/50 VUs, 215721 complete and 0 interrupted iterations
default   [  87% ] 50 VUs  08m43.0s/10m0s

running (08m43.9s), 50/50 VUs, 216444 complete and 0 interrupted iterations
default   [  87% ] 50 VUs  08m44.0s/10m0s

running (08m44.9s), 50/50 VUs, 216751 complete and 0 interrupted iterations
default   [  87% ] 50 VUs  08m45.0s/10m0s

running (08m45.9s), 50/50 VUs, 217197 complete and 0 interrupted iterations
default   [  88% ] 50 VUs  08m46.0s/10m0s

running (08m46.9s), 50/50 VUs, 217891 complete and 0 interrupted iterations
default   [  88% ] 50 VUs  08m47.0s/10m0s

running (08m47.9s), 50/50 VUs, 218408 complete and 0 interrupted iterations
default   [  88% ] 50 VUs  08m48.0s/10m0s

running (08m48.9s), 50/50 VUs, 219114 complete and 0 interrupted iterations
default   [  88% ] 50 VUs  08m49.0s/10m0s

running (08m49.9s), 50/50 VUs, 219827 complete and 0 interrupted iterations
default   [  88% ] 50 VUs  08m50.0s/10m0s

running (08m50.9s), 50/50 VUs, 220487 complete and 0 interrupted iterations
default   [  88% ] 50 VUs  08m51.0s/10m0s

running (08m51.9s), 50/50 VUs, 221043 complete and 0 interrupted iterations
default   [  89% ] 50 VUs  08m52.0s/10m0s

running (08m52.9s), 50/50 VUs, 221659 complete and 0 interrupted iterations
default   [  89% ] 50 VUs  08m53.0s/10m0s

running (08m53.9s), 50/50 VUs, 222356 complete and 0 interrupted iterations
default   [  89% ] 50 VUs  08m54.0s/10m0s

running (08m54.9s), 50/50 VUs, 223027 complete and 0 interrupted iterations
default   [  89% ] 50 VUs  08m55.0s/10m0s

running (08m55.9s), 50/50 VUs, 223673 complete and 0 interrupted iterations
default   [  89% ] 50 VUs  08m56.0s/10m0s

running (08m56.9s), 50/50 VUs, 224371 complete and 0 interrupted iterations
default   [  89% ] 50 VUs  08m57.0s/10m0s

running (08m57.9s), 50/50 VUs, 224938 complete and 0 interrupted iterations
default   [  90% ] 50 VUs  08m58.0s/10m0s

running (08m58.9s), 50/50 VUs, 225599 complete and 0 interrupted iterations
default   [  90% ] 50 VUs  08m59.0s/10m0s

running (08m59.9s), 50/50 VUs, 226370 complete and 0 interrupted iterations
default   [  90% ] 50 VUs  09m00.0s/10m0s

running (09m00.9s), 50/50 VUs, 227062 complete and 0 interrupted iterations
default   [  90% ] 50 VUs  09m01.0s/10m0s

running (09m01.9s), 50/50 VUs, 227634 complete and 0 interrupted iterations
default   [  90% ] 50 VUs  09m02.0s/10m0s

running (09m02.9s), 50/50 VUs, 228392 complete and 0 interrupted iterations
default   [  90% ] 50 VUs  09m03.0s/10m0s

running (09m03.9s), 50/50 VUs, 228917 complete and 0 interrupted iterations
default   [  91% ] 50 VUs  09m04.0s/10m0s

running (09m04.9s), 50/50 VUs, 229403 complete and 0 interrupted iterations
default   [  91% ] 50 VUs  09m05.0s/10m0s

running (09m05.9s), 50/50 VUs, 229872 complete and 0 interrupted iterations
default   [  91% ] 50 VUs  09m06.0s/10m0s

running (09m06.9s), 50/50 VUs, 230457 complete and 0 interrupted iterations
default   [  91% ] 50 VUs  09m07.0s/10m0s

running (09m07.9s), 50/50 VUs, 231113 complete and 0 interrupted iterations
default   [  91% ] 50 VUs  09m08.0s/10m0s

running (09m08.9s), 50/50 VUs, 231673 complete and 0 interrupted iterations
default   [  91% ] 50 VUs  09m09.0s/10m0s

running (09m09.9s), 50/50 VUs, 232117 complete and 0 interrupted iterations
default   [  92% ] 50 VUs  09m10.0s/10m0s

running (09m10.9s), 50/50 VUs, 232224 complete and 0 interrupted iterations
default   [  92% ] 50 VUs  09m11.0s/10m0s

running (09m11.9s), 50/50 VUs, 232861 complete and 0 interrupted iterations
default   [  92% ] 50 VUs  09m12.0s/10m0s

running (09m12.9s), 50/50 VUs, 233193 complete and 0 interrupted iterations
default   [  92% ] 50 VUs  09m13.0s/10m0s

running (09m13.9s), 50/50 VUs, 233604 complete and 0 interrupted iterations
default   [  92% ] 50 VUs  09m14.0s/10m0s

running (09m14.9s), 50/50 VUs, 233907 complete and 0 interrupted iterations
default   [  92% ] 50 VUs  09m15.0s/10m0s

running (09m15.9s), 50/50 VUs, 234459 complete and 0 interrupted iterations
default   [  93% ] 50 VUs  09m16.0s/10m0s

running (09m16.9s), 50/50 VUs, 234961 complete and 0 interrupted iterations
default   [  93% ] 50 VUs  09m17.0s/10m0s

running (09m17.9s), 50/50 VUs, 234966 complete and 0 interrupted iterations
default   [  93% ] 50 VUs  09m18.0s/10m0s

running (09m18.9s), 50/50 VUs, 234996 complete and 0 interrupted iterations
default   [  93% ] 50 VUs  09m19.0s/10m0s

running (09m19.9s), 50/50 VUs, 235019 complete and 0 interrupted iterations
default   [  93% ] 50 VUs  09m20.0s/10m0s

running (09m20.9s), 50/50 VUs, 235047 complete and 0 interrupted iterations
default   [  93% ] 50 VUs  09m21.0s/10m0s

running (09m21.9s), 50/50 VUs, 235068 complete and 0 interrupted iterations
default   [  94% ] 50 VUs  09m22.0s/10m0s

running (09m22.9s), 50/50 VUs, 235104 complete and 0 interrupted iterations
default   [  94% ] 50 VUs  09m23.0s/10m0s

running (09m24.0s), 50/50 VUs, 235129 complete and 0 interrupted iterations
default   [  94% ] 50 VUs  09m24.0s/10m0s

running (09m25.0s), 50/50 VUs, 235157 complete and 0 interrupted iterations
default   [  94% ] 50 VUs  09m25.0s/10m0s

running (09m26.0s), 50/50 VUs, 235501 complete and 0 interrupted iterations
default   [  94% ] 50 VUs  09m26.0s/10m0s

running (09m26.9s), 50/50 VUs, 235731 complete and 0 interrupted iterations
default   [  94% ] 50 VUs  09m27.0s/10m0s

running (09m28.0s), 50/50 VUs, 235896 complete and 0 interrupted iterations
default   [  95% ] 50 VUs  09m28.0s/10m0s

running (09m28.9s), 50/50 VUs, 236152 complete and 0 interrupted iterations
default   [  95% ] 50 VUs  09m29.0s/10m0s

running (09m30.0s), 50/50 VUs, 236826 complete and 0 interrupted iterations
default   [  95% ] 50 VUs  09m30.0s/10m0s

running (09m31.0s), 50/50 VUs, 236831 complete and 0 interrupted iterations
default   [  95% ] 50 VUs  09m31.0s/10m0s

running (09m31.9s), 50/50 VUs, 237119 complete and 0 interrupted iterations
default   [  95% ] 50 VUs  09m32.0s/10m0s

running (09m32.9s), 50/50 VUs, 237625 complete and 0 interrupted iterations
default   [  95% ] 50 VUs  09m33.0s/10m0s

running (09m33.9s), 50/50 VUs, 238238 complete and 0 interrupted iterations
default   [  96% ] 50 VUs  09m34.0s/10m0s

running (09m34.9s), 50/50 VUs, 238267 complete and 0 interrupted iterations
default   [  96% ] 50 VUs  09m35.0s/10m0s

running (09m35.9s), 50/50 VUs, 238275 complete and 0 interrupted iterations
default   [  96% ] 50 VUs  09m36.0s/10m0s

running (09m36.9s), 50/50 VUs, 238602 complete and 0 interrupted iterations
default   [  96% ] 50 VUs  09m37.0s/10m0s

running (09m37.9s), 50/50 VUs, 238936 complete and 0 interrupted iterations
default   [  96% ] 50 VUs  09m38.0s/10m0s

running (09m38.9s), 50/50 VUs, 239180 complete and 0 interrupted iterations
default   [  96% ] 50 VUs  09m39.0s/10m0s

running (09m39.9s), 50/50 VUs, 239510 complete and 0 interrupted iterations
default   [  97% ] 50 VUs  09m40.0s/10m0s

running (09m40.9s), 50/50 VUs, 239558 complete and 0 interrupted iterations
default   [  97% ] 50 VUs  09m41.0s/10m0s

running (09m41.9s), 50/50 VUs, 240191 complete and 0 interrupted iterations
default   [  97% ] 50 VUs  09m42.0s/10m0s

running (09m42.9s), 50/50 VUs, 240277 complete and 0 interrupted iterations
default   [  97% ] 50 VUs  09m43.0s/10m0s

running (09m43.9s), 50/50 VUs, 240285 complete and 0 interrupted iterations
default   [  97% ] 50 VUs  09m44.0s/10m0s

running (09m44.9s), 50/50 VUs, 240666 complete and 0 interrupted iterations
default   [  97% ] 50 VUs  09m45.0s/10m0s

running (09m45.9s), 50/50 VUs, 240820 complete and 0 interrupted iterations
default   [  98% ] 50 VUs  09m46.0s/10m0s

running (09m46.9s), 50/50 VUs, 240831 complete and 0 interrupted iterations
default   [  98% ] 50 VUs  09m47.0s/10m0s

running (09m48.0s), 50/50 VUs, 241301 complete and 0 interrupted iterations
default   [  98% ] 50 VUs  09m48.0s/10m0s

running (09m48.9s), 50/50 VUs, 242035 complete and 0 interrupted iterations
default   [  98% ] 50 VUs  09m49.0s/10m0s

running (09m49.9s), 50/50 VUs, 242527 complete and 0 interrupted iterations
default   [  98% ] 50 VUs  09m50.0s/10m0s

running (09m50.9s), 50/50 VUs, 243222 complete and 0 interrupted iterations
default   [  98% ] 50 VUs  09m51.0s/10m0s

running (09m51.9s), 50/50 VUs, 243739 complete and 0 interrupted iterations
default   [  99% ] 50 VUs  09m52.0s/10m0s

running (09m52.9s), 50/50 VUs, 244470 complete and 0 interrupted iterations
default   [  99% ] 50 VUs  09m53.0s/10m0s

running (09m53.9s), 50/50 VUs, 245073 complete and 0 interrupted iterations
default   [  99% ] 50 VUs  09m54.0s/10m0s

running (09m54.9s), 50/50 VUs, 245763 complete and 0 interrupted iterations
default   [  99% ] 50 VUs  09m55.0s/10m0s

running (09m55.9s), 50/50 VUs, 246417 complete and 0 interrupted iterations
default   [  99% ] 50 VUs  09m56.0s/10m0s

running (09m56.9s), 50/50 VUs, 246421 complete and 0 interrupted iterations
default   [  99% ] 50 VUs  09m57.0s/10m0s

running (09m57.9s), 50/50 VUs, 246715 complete and 0 interrupted iterations
default   [ 100% ] 50 VUs  09m58.0s/10m0s

running (09m58.9s), 50/50 VUs, 247367 complete and 0 interrupted iterations
default   [ 100% ] 50 VUs  09m59.0s/10m0s

running (09m59.9s), 50/50 VUs, 247940 complete and 0 interrupted iterations
default   [ 100% ] 50 VUs  10m00.0s/10m0s
time="2026-09-04T20:33:38+07:00" level=info msg="[k6-reporter v3.0.4] Generating HTML summary report, with theme: default" source=console
     ✓ status 200

     checks.........................: 100.00% ✓ 743994      ✗ 0     
     data_received..................: 306 MB  509 kB/s
     data_sent......................: 133 MB  222 kB/s
     http_req_blocked...............: avg=1.82µs   min=0s      med=1µs     max=8.06ms  p(90)=2µs      p(95)=3µs     
     http_req_connecting............: avg=53ns     min=0s      med=0s      max=999µs   p(90)=0s       p(95)=0s      
   ✗ http_req_duration..............: avg=40.24ms  min=1.12ms  med=16.53ms max=6.79s   p(90)=52.93ms  p(95)=147.94ms
       { expected_response:true }...: avg=40.24ms  min=1.12ms  med=16.53ms max=6.79s   p(90)=52.93ms  p(95)=147.94ms
   ✓ http_req_failed................: 0.00%   ✓ 0           ✗ 743994
     http_req_receiving.............: avg=20.95µs  min=4µs     med=14µs    max=33.89ms p(90)=34µs     p(95)=48µs    
     http_req_sending...............: avg=7.77µs   min=1µs     med=5µs     max=8.69ms  p(90)=11µs     p(95)=15µs    
     http_req_tls_handshaking.......: avg=0s       min=0s      med=0s      max=0s      p(90)=0s       p(95)=0s      
     http_req_waiting...............: avg=40.21ms  min=1.11ms  med=16.5ms  max=6.79s   p(90)=52.9ms   p(95)=147.91ms
     http_reqs......................: 743994  1239.986716/s
     iteration_duration.............: avg=120.96ms min=20.79ms med=60.85ms max=6.87s   p(90)=257.97ms p(95)=347.61ms
     iterations.....................: 247998  413.328905/s
     vus............................: 50      min=50        max=50  
     vus_max........................: 50      min=50        max=50  
running (10m00.0s), 00/50 VUs, 247998 complete and 0 interrupted iterations
default ✓ [ 100% ] 50 VUs  10m0s
time="2026-09-04T20:33:38+07:00" level=error msg="thresholds on metrics 'http_req_duration' have been crossed"
